Archive member included because of file (symbol)

c:\Users\24_nyocum\AppData\Roaming\Code\User\globalStorage\vexrobotics.vexcode\sdk\cpp\V5\V5_20220726_10_00_00/vexv5\libv5rt.a(v5_startup.c.obj)
                              (vexStartup)
c:\Users\24_nyocum\AppData\Roaming\Code\User\globalStorage\vexrobotics.vexcode\sdk\cpp\V5\V5_20220726_10_00_00/vexv5\libv5rt.a(v5_util.c.obj)
                              c:\Users\24_nyocum\AppData\Roaming\Code\User\globalStorage\vexrobotics.vexcode\sdk\cpp\V5\V5_20220726_10_00_00/vexv5\libv5rt.a(v5_startup.c.obj) (vexStdlibVersionLinked)
c:\Users\24_nyocum\AppData\Roaming\Code\User\globalStorage\vexrobotics.vexcode\sdk\cpp\V5\V5_20220726_10_00_00/vexv5\libv5rt.a(v5_apijump.c.obj)
                              c:\Users\24_nyocum\AppData\Roaming\Code\User\globalStorage\vexrobotics.vexcode\sdk\cpp\V5\V5_20220726_10_00_00/vexv5\libv5rt.a(v5_startup.c.obj) (vexPrivateApiEnable)
c:\Users\24_nyocum\AppData\Roaming\Code\User\globalStorage\vexrobotics.vexcode\sdk\cpp\V5\V5_20220726_10_00_00/vexv5\libv5rt.a(v5_apiversions.c.obj)
                              c:\Users\24_nyocum\AppData\Roaming\Code\User\globalStorage\vexrobotics.vexcode\sdk\cpp\V5\V5_20220726_10_00_00/vexv5\libv5rt.a(v5_apijump.c.obj) (vexSystemVersion)
c:\Users\24_nyocum\AppData\Roaming\Code\User\globalStorage\vexrobotics.vexcode\sdk\cpp\V5\V5_20220726_10_00_00/vexv5\libv5rt.a(vex_global.cpp.obj)
                              build/src/main.o (vex::wait(double, vex::timeUnits))
c:\Users\24_nyocum\AppData\Roaming\Code\User\globalStorage\vexrobotics.vexcode\sdk\cpp\V5\V5_20220726_10_00_00/vexv5\libv5rt.a(vex_motor.cpp.obj)
                              build/src/main.o (vex::motor::~motor())
c:\Users\24_nyocum\AppData\Roaming\Code\User\globalStorage\vexrobotics.vexcode\sdk\cpp\V5\V5_20220726_10_00_00/vexv5\libv5rt.a(vex_vision.cpp.obj)
                              build/src/robot-config.o (vex::vision::~vision())
c:\Users\24_nyocum\AppData\Roaming\Code\User\globalStorage\vexrobotics.vexcode\sdk\cpp\V5\V5_20220726_10_00_00/vexv5\libv5rt.a(vex_imu.cpp.obj)
                              build/src/JAR-Template/drive.o (vex::inertial::setRotation(double, vex::rotationUnits))
c:\Users\24_nyocum\AppData\Roaming\Code\User\globalStorage\vexrobotics.vexcode\sdk\cpp\V5\V5_20220726_10_00_00/vexv5\libv5rt.a(vex_rotation.cpp.obj)
                              build/src/main.o (vex::rotation::~rotation())
c:\Users\24_nyocum\AppData\Roaming\Code\User\globalStorage\vexrobotics.vexcode\sdk\cpp\V5\V5_20220726_10_00_00/vexv5\libv5rt.a(vex_controller.cpp.obj)
                              build/src/main.o (vex::controller::~controller())
c:\Users\24_nyocum\AppData\Roaming\Code\User\globalStorage\vexrobotics.vexcode\sdk\cpp\V5\V5_20220726_10_00_00/vexv5\libv5rt.a(vex_task.cpp.obj)
                              build/src/JAR-Template/drive.o (vex::task::task())
c:\Users\24_nyocum\AppData\Roaming\Code\User\globalStorage\vexrobotics.vexcode\sdk\cpp\V5\V5_20220726_10_00_00/vexv5\libv5rt.a(vex_thread.cpp.obj)
                              build/src/main.o (vex::thread::thread(int (*)()))
c:\Users\24_nyocum\AppData\Roaming\Code\User\globalStorage\vexrobotics.vexcode\sdk\cpp\V5\V5_20220726_10_00_00/vexv5\libv5rt.a(vex_event.cpp.obj)
                              c:\Users\24_nyocum\AppData\Roaming\Code\User\globalStorage\vexrobotics.vexcode\sdk\cpp\V5\V5_20220726_10_00_00/vexv5\libv5rt.a(vex_imu.cpp.obj) (vex::event::init(unsigned long, unsigned long, void (*)()))
c:\Users\24_nyocum\AppData\Roaming\Code\User\globalStorage\vexrobotics.vexcode\sdk\cpp\V5\V5_20220726_10_00_00/vexv5\libv5rt.a(vex_mevent.cpp.obj)
                              c:\Users\24_nyocum\AppData\Roaming\Code\User\globalStorage\vexrobotics.vexcode\sdk\cpp\V5\V5_20220726_10_00_00/vexv5\libv5rt.a(vex_controller.cpp.obj) (vex::mevent::mevent(unsigned long, unsigned long))
c:\Users\24_nyocum\AppData\Roaming\Code\User\globalStorage\vexrobotics.vexcode\sdk\cpp\V5\V5_20220726_10_00_00/vexv5\libv5rt.a(vex_brain.cpp.obj)
                              build/src/main.o (vex::brain::lcd::setCursor(long, long))
c:\Users\24_nyocum\AppData\Roaming\Code\User\globalStorage\vexrobotics.vexcode\sdk\cpp\V5\V5_20220726_10_00_00/vexv5\libv5rt.a(vex_competition.cpp.obj)
                              build/src/main.o (vex::competition::competition())
c:\Users\24_nyocum\AppData\Roaming\Code\User\globalStorage\vexrobotics.vexcode\sdk\cpp\V5\V5_20220726_10_00_00/vexv5\libv5rt.a(vex_triport.cpp.obj)
                              build/src/main.o (vex::triport::~triport())
c:\Users\24_nyocum\AppData\Roaming\Code\User\globalStorage\vexrobotics.vexcode\sdk\cpp\V5\V5_20220726_10_00_00/vexv5\libv5rt.a(vex_color.cpp.obj)
                              c:\Users\24_nyocum\AppData\Roaming\Code\User\globalStorage\vexrobotics.vexcode\sdk\cpp\V5\V5_20220726_10_00_00/vexv5\libv5rt.a(vex_brain.cpp.obj) (vex::color::operator unsigned long() const)
[...]
Memory Configuration

Name             Origin             Length             Attributes
ps7_ddr_0_S_AXI_BASEADDR 0x03800000         0x04800000
*default*        0x00000000         0xffffffff

Linker script and memory map

                0x00002000                _STACK_SIZE = DEFINED (_STACK_SIZE)?_STACK_SIZE:0x2000
                0x00100000                _HEAP_SIZE = DEFINED (_HEAP_SIZE)?_HEAP_SIZE:0x100000
                0x00000400                _ABORT_STACK_SIZE = DEFINED (_ABORT_STACK_SIZE)?_ABORT_STACK_SIZE:0x400
                0x00000800                _SUPERVISOR_STACK_SIZE = DEFINED (_SUPERVISOR_STACK_SIZE)?_SUPERVISOR_STACK_SIZE:0x800
                0x00000400                _IRQ_STACK_SIZE = DEFINED (_IRQ_STACK_SIZE)?_IRQ_STACK_SIZE:0x400
                0x00000400                _FIQ_STACK_SIZE = DEFINED (_FIQ_STACK_SIZE)?_FIQ_STACK_SIZE:0x400
                0x00000400                _UNDEF_STACK_SIZE = DEFINED (_UNDEF_STACK_SIZE)?_UNDEF_STACK_SIZE:0x400

.text           0x03800000     0x6550
 *(.vectors)
 *(.boot_data)
 .boot_data     0x03800000       0x20 c:\Users\24_nyocum\AppData\Roaming\Code\User\globalStorage\vexrobotics.vexcode\sdk\cpp\V5\V5_20220726_10_00_00/vexv5\libv5rt.a(v5_startup.c.obj)
                0x03800000                vexCodeSig
                0x00000020                . = 0x20
 *(.boot)
 .boot          0x03800020       0xbc c:\Users\24_nyocum\AppData\Roaming\Code\User\globalStorage\vexrobotics.vexcode\sdk\cpp\V5\V5_20220726_10_00_00/vexv5\libv5rt.a(v5_startup.c.obj)
                0x03800020                vexStartup
                0x03800100                . = ALIGN (0x40)
 *fill*         0x038000dc       0x24 
 *(.freertos_vectors)
 *(.text)
 *(.text.*)
 .text._Z12color_selectv
                0x03800100      0x1d0 build/src/main.o
                0x03800100                color_select()
 .text._Z19autonSelect_buttonsv
                0x038002d0      0x408 build/src/main.o
                0x038002d0                autonSelect_buttons()
 .text._Z16set_screen_colori
                0x038006d8       0x3c build/src/main.o
                0x038006d8                set_screen_color(int)
 .text._ZN3vex11motor_groupC2IJNS_5motorES2_EEERS2_DpRT_
                0x03800714       0x44 build/src/main.o
                0x03800714                vex::motor_group::motor_group<vex::motor, vex::motor>(vex::motor&, vex::motor&, vex::motor&)
 .text._ZN5DriveD2Ev
                0x03800758       0x7c build/src/main.o
                0x03800758                Drive::~Drive()
 *fill*         0x038007d4        0x4 
 .text._Z18allowforskillsCatav
                0x038007d8       0xa0 build/src/main.o
                0x038007d8                allowforskillsCata()
 .text._Z10motorsHaltv
                0x03800878       0x58 build/src/main.o
                0x03800878                motorsHalt()
 .text._Z14setdtBrakemodeN3vex9brakeTypeE
                0x038008d0       0x50 build/src/main.o
                0x038008d0                setdtBrakemode(vex::brakeType)
 .text._Z17ensureCalibrationv
                0x03800920       0x40 build/src/main.o
                0x03800920                ensureCalibration()
 .text._Z12motorReversev
                0x03800960       0x18 build/src/main.o
                0x03800960                motorReverse()
 .text._Z9pre_autonv
                0x03800978      0x198 build/src/main.o
                0x03800978                pre_auton()
 .text._Z17competitionAutonLv
                0x03800b10      0x230 build/src/main.o
                0x03800b10                competitionAutonL()
 .text._Z17competitionAutonRv
                0x03800d40      0x208 build/src/main.o
                0x03800d40                competitionAutonR()
 .text._Z18wingsDeployRetractv
                0x03800f48       0x54 build/src/main.o
                0x03800f48                wingsDeployRetract()
 .text._Z7endgamev
                0x03800f9c       0x3c build/src/main.o
                0x03800f9c                endgame()
 .text._Z11skillsAutonv
                0x03800fd8      0x318 build/src/main.o
                0x03800fd8                skillsAuton()
 .text._Z9autonTypei
                0x038012f0       0xac build/src/main.o
                0x038012f0                autonType(int)
 .text._Z10autonomousv
                0x0380139c       0x10 build/src/main.o
                0x0380139c                autonomous()
 *fill*         0x038013ac        0x4 
 .text._Z8swapPercv
                0x038013b0       0x40 build/src/main.o
                0x038013b0                swapPerc()
 .text._Z10drive_Userv
                0x038013f0      0x468 build/src/main.o
                0x038013f0                drive_User()
 .text._Z11usercontrolv
                0x03801858       0x10 build/src/main.o
                0x03801858                usercontrol()
 .text.main     0x03801868       0x3c build/src/main.o
                0x03801868                main
 .text._GLOBAL__sub_I_main.cpp
                0x038018a4      0x45c build/src/main.o
 .text._Z17default_constantsv
                0x03801d00      0x104 build/src/autons.o
                0x03801d00                default_constants()
 .text._GLOBAL__sub_I_robot_config.cpp
                0x03801e04       0xd8 build/src/robot-config.o
 .text._Z15reduce_0_to_360f
                0x03801edc       0x7c build/src/JAR-Template/util.o
                0x03801edc                reduce_0_to_360(float)
 .text._Z26reduce_negative_180_to_180f
                0x03801f58       0x90 build/src/JAR-Template/util.o
                0x03801f58                reduce_negative_180_to_180(float)
 .text._Z6to_radf
                0x03801fe8       0x28 build/src/JAR-Template/util.o
                0x03801fe8                to_rad(float)
 .text._Z5clampfff
                0x03802010       0x2c build/src/JAR-Template/util.o
                0x03802010                clamp(float, float, float)
 .text._Z11is_reversedd
                0x0380203c       0x18 build/src/JAR-Template/util.o
                0x0380203c                is_reversed(double)
 .text._Z7to_porti
                0x03802054       0x14 build/src/JAR-Template/util.o
                0x03802054                to_port(int)
 .text._ZN4Odom22set_physical_distancesEff
                0x03802068        0x8 build/src/JAR-Template/odom.o
                0x03802068                Odom::set_physical_distances(float, float)
 .text._ZN4Odom12set_positionEfffff
                0x03802070       0x1c build/src/JAR-Template/odom.o
                0x03802070                Odom::set_position(float, float, float, float, float)
 .text._ZN4Odom15update_positionEfff
                0x0380208c      0x1a4 build/src/JAR-Template/odom.o
                0x0380208c                Odom::update_position(float, float, float)
 .text._ZN5DriveC2E11drive_setupN3vex11motor_groupES2_ifffiiiiiffiff
                0x03802230      0x238 build/src/JAR-Template/drive.o
                0x03802230                Drive::Drive(drive_setup, vex::motor_group, vex::motor_group, int, float, float, float, int, int, int, int, int, float, float, int, float, float)
                0x03802230                Drive::Drive(drive_setup, vex::motor_group, vex::motor_group, int, float, float, float, int, int, int, int, int, float, float, int, float, float)
 .text._ZN5Drive18drive_with_voltageEff
                0x03802468       0x6c build/src/JAR-Template/drive.o
                0x03802468                Drive::drive_with_voltage(float, float)
 .text._ZN5Drive18set_turn_constantsEfffff
                0x038024d4       0x1c build/src/JAR-Template/drive.o
                0x038024d4                Drive::set_turn_constants(float, float, float, float, float)
 .text._ZN5Drive19set_drive_constantsEfffff
                0x038024f0       0x1c build/src/JAR-Template/drive.o
                0x038024f0                Drive::set_drive_constants(float, float, float, float, float)
 .text._ZN5Drive21set_heading_constantsEfffff
                0x0380250c       0x1c build/src/JAR-Template/drive.o
                0x0380250c                Drive::set_heading_constants(float, float, float, float, float)
 .text._ZN5Drive19set_swing_constantsEfffff
                0x03802528       0x1c build/src/JAR-Template/drive.o
                0x03802528                Drive::set_swing_constants(float, float, float, float, float)
 .text._ZN5Drive24set_turn_exit_conditionsEfff
                0x03802544        0xc build/src/JAR-Template/drive.o
                0x03802544                Drive::set_turn_exit_conditions(float, float, float)
 .text._ZN5Drive25set_drive_exit_conditionsEfff
                0x03802550        0xc build/src/JAR-Template/drive.o
                0x03802550                Drive::set_drive_exit_conditions(float, float, float)
 .text._ZN5Drive25set_swing_exit_conditionsEfff
                0x0380255c        0xc build/src/JAR-Template/drive.o
                0x0380255c                Drive::set_swing_exit_conditions(float, float, float)
 .text._ZN5Drive13turn_to_angleEf
                0x03802568       0x50 build/src/JAR-Template/drive.o
                0x03802568                Drive::turn_to_angle(float)
 .text._ZN5Drive13turn_to_angleEfffffffff
                0x038025b8      0x178 build/src/JAR-Template/drive.o
                0x038025b8                Drive::turn_to_angle(float, float, float, float, float, float, float, float, float)
 .text._ZN5Drive14drive_distanceEf
                0x03802730       0x80 build/src/JAR-Template/drive.o
                0x03802730                Drive::drive_distance(float)
 .text._ZN5Drive14drive_distanceEfffffffffffffff
                0x038027b0      0x2e0 build/src/JAR-Template/drive.o
                0x038027b0                Drive::drive_distance(float, float, float, float, float, float, float, float, float, float, float, float, float, float, float)
 .text._ZN5Drive27get_ForwardTracker_positionEv
                0x03802a90       0xa8 build/src/JAR-Template/drive.o
                0x03802a90                Drive::get_ForwardTracker_position()
 .text._ZN5Drive28get_SidewaysTracker_positionEv
                0x03802b38       0x7c build/src/JAR-Template/drive.o
                0x03802b38                Drive::get_SidewaysTracker_position()
 *fill*         0x03802bb4        0x4 
 .text._ZN5Drive14position_trackEv
                0x03802bb8       0x88 build/src/JAR-Template/drive.o
                0x03802bb8                Drive::position_track()
 .text._ZN5Drive15set_coordinatesEfff
                0x03802c40       0xb0 build/src/JAR-Template/drive.o
                0x03802c40                Drive::set_coordinates(float, float, float)
 .text._ZN5Drive19position_track_taskEv
                0x03802cf0       0x14 build/src/JAR-Template/drive.o
                0x03802cf0                Drive::position_track_task()
 .text._ZN3PIDC2Efffff
                0x03802d04       0x2c build/src/JAR-Template/PID.o
                0x03802d04                PID::PID(float, float, float, float, float)
                0x03802d04                PID::PID(float, float, float, float, float)
 .text._ZN3PIDC2Effffffff
                0x03802d30       0x44 build/src/JAR-Template/PID.o
                0x03802d30                PID::PID(float, float, float, float, float, float, float, float)
                0x03802d30                PID::PID(float, float, float, float, float, float, float, float)
 .text._ZN3PID7computeEf
                0x03802d74       0xd0 build/src/JAR-Template/PID.o
                0x03802d74                PID::compute(float)
 .text._ZN3PID10is_settledEv
                0x03802e44       0x44 build/src/JAR-Template/PID.o
                0x03802e44                PID::is_settled()
 .text.vexMain  0x03802e88       0xb0 c:\Users\24_nyocum\AppData\Roaming\Code\User\globalStorage\vexrobotics.vexcode\sdk\cpp\V5\V5_20220726_10_00_00/vexv5\libv5rt.a(v5_startup.c.obj)
                0x03802e88                vexMain
 .text.__vex_function_prolog
                0x03802f38       0x18 c:\Users\24_nyocum\AppData\Roaming\Code\User\globalStorage\vexrobotics.vexcode\sdk\cpp\V5\V5_20220726_10_00_00/vexv5\libv5rt.a(v5_startup.c.obj)
                0x03802f38                __vex_function_prolog
 .text._init    0x03802f50        0x4 c:\Users\24_nyocum\AppData\Roaming\Code\User\globalStorage\vexrobotics.vexcode\sdk\cpp\V5\V5_20220726_10_00_00/vexv5\libv5rt.a(v5_startup.c.obj)
                0x03802f50                _init
 .text._fini    0x03802f54        0x4 c:\Users\24_nyocum\AppData\Roaming\Code\User\globalStorage\vexrobotics.vexcode\sdk\cpp\V5\V5_20220726_10_00_00/vexv5\libv5rt.a(v5_startup.c.obj)
                0x03802f54                _fini
 .text.vexStdlibVersionLinked
                0x03802f58        0xc c:\Users\24_nyocum\AppData\Roaming\Code\User\globalStorage\vexrobotics.vexcode\sdk\cpp\V5\V5_20220726_10_00_00/vexv5\libv5rt.a(v5_util.c.obj)
                0x03802f58                vexStdlibVersionLinked
 .text.vexStdlibVersionVerify
                0x03802f64       0x30 c:\Users\24_nyocum\AppData\Roaming\Code\User\globalStorage\vexrobotics.vexcode\sdk\cpp\V5\V5_20220726_10_00_00/vexv5\libv5rt.a(v5_util.c.obj)
                0x03802f64                vexStdlibVersionVerify
 .text.vexPrivateApiEnable
                0x03802f94       0x10 c:\Users\24_nyocum\AppData\Roaming\Code\User\globalStorage\vexrobotics.vexcode\sdk\cpp\V5\V5_20220726_10_00_00/vexv5\libv5rt.a(v5_apijump.c.obj)
                0x03802f94                vexPrivateApiEnable
 .text.vexStdlibMismatchError
                0x03802fa4       0x3c c:\Users\24_nyocum\AppData\Roaming\Code\User\globalStorage\vexrobotics.vexcode\sdk\cpp\V5\V5_20220726_10_00_00/vexv5\libv5rt.a(v5_apijump.c.obj)
                0x03802fa4                vexStdlibMismatchError
 .text.vexTaskAdd
                0x03802fe0       0x10 c:\Users\24_nyocum\AppData\Roaming\Code\User\globalStorage\vexrobotics.vexcode\sdk\cpp\V5\V5_20220726_10_00_00/vexv5\libv5rt.a(v5_apijump.c.obj)
                0x03802fe0                vexTaskAdd
 .text.vexTasksRun
                0x03802ff0       0x10 c:\Users\24_nyocum\AppData\Roaming\Code\User\globalStorage\vexrobotics.vexcode\sdk\cpp\V5\V5_20220726_10_00_00/vexv5\libv5rt.a(v5_apijump.c.obj)
                0x03802ff0                vexTasksRun
 .text.vexTaskYield
                0x03803000       0x10 c:\Users\24_nyocum\AppData\Roaming\Code\User\globalStorage\vexrobotics.vexcode\sdk\cpp\V5\V5_20220726_10_00_00/vexv5\libv5rt.a(v5_apijump.c.obj)
                0x03803000                vexTaskYield
 .text.vexTaskCheckTimeslice
                0x03803010       0x10 c:\Users\24_nyocum\AppData\Roaming\Code\User\globalStorage\vexrobotics.vexcode\sdk\cpp\V5\V5_20220726_10_00_00/vexv5\libv5rt.a(v5_apijump.c.obj)
                0x03803010                vexTaskCheckTimeslice
 .text.vexTaskGetIndex
                0x03803020       0x10 c:\Users\24_nyocum\AppData\Roaming\Code\User\globalStorage\vexrobotics.vexcode\sdk\cpp\V5\V5_20220726_10_00_00/vexv5\libv5rt.a(v5_apijump.c.obj)
                0x03803020                vexTaskGetIndex
 .text.vexTaskSleep
                0x03803030       0x10 c:\Users\24_nyocum\AppData\Roaming\Code\User\globalStorage\vexrobotics.vexcode\sdk\cpp\V5\V5_20220726_10_00_00/vexv5\libv5rt.a(v5_apijump.c.obj)
                0x03803030                vexTaskSleep
 .text.vexTasksDump
                0x03803040       0x1c c:\Users\24_nyocum\AppData\Roaming\Code\User\globalStorage\vexrobotics.vexcode\sdk\cpp\V5\V5_20220726_10_00_00/vexv5\libv5rt.a(v5_apijump.c.obj)
                0x03803040                vexTasksDump
 .text.vexTaskGetTaskIndex
                0x0380305c       0x10 c:\Users\24_nyocum\AppData\Roaming\Code\User\globalStorage\vexrobotics.vexcode\sdk\cpp\V5\V5_20220726_10_00_00/vexv5\libv5rt.a(v5_apijump.c.obj)
                0x0380305c                vexTaskGetTaskIndex
 .text.vexTaskStopAll
                0x0380306c       0x10 c:\Users\24_nyocum\AppData\Roaming\Code\User\globalStorage\vexrobotics.vexcode\sdk\cpp\V5\V5_20220726_10_00_00/vexv5\libv5rt.a(v5_apijump.c.obj)
                0x0380306c                vexTaskStopAll
 .text.vexTaskRemoveAllUser
                0x0380307c       0x34 c:\Users\24_nyocum\AppData\Roaming\Code\User\globalStorage\vexrobotics.vexcode\sdk\cpp\V5\V5_20220726_10_00_00/vexv5\libv5rt.a(v5_apijump.c.obj)
                0x0380307c                vexTaskRemoveAllUser
 .text.vexTaskCompletionIdSet
                0x038030b0       0x10 c:\Users\24_nyocum\AppData\Roaming\Code\User\globalStorage\vexrobotics.vexcode\sdk\cpp\V5\V5_20220726_10_00_00/vexv5\libv5rt.a(v5_apijump.c.obj)
                0x038030b0                vexTaskCompletionIdSet
 .text.vexTaskStopWithId
                0x038030c0       0x10 c:\Users\24_nyocum\AppData\Roaming\Code\User\globalStorage\vexrobotics.vexcode\sdk\cpp\V5\V5_20220726_10_00_00/vexv5\libv5rt.a(v5_apijump.c.obj)
                0x038030c0                vexTaskStopWithId
 .text.vexTaskGetCallbackAndId
                0x038030d0       0x54 c:\Users\24_nyocum\AppData\Roaming\Code\User\globalStorage\vexrobotics.vexcode\sdk\cpp\V5\V5_20220726_10_00_00/vexv5\libv5rt.a(v5_apijump.c.obj)
                0x038030d0                vexTaskGetCallbackAndId
 .text.vexCriticalSection
                0x03803124       0x2c c:\Users\24_nyocum\AppData\Roaming\Code\User\globalStorage\vexrobotics.vexcode\sdk\cpp\V5\V5_20220726_10_00_00/vexv5\libv5rt.a(v5_apijump.c.obj)
                0x03803124                vexCriticalSection
 .text.vexEventAdd
                0x03803150       0x34 c:\Users\24_nyocum\AppData\Roaming\Code\User\globalStorage\vexrobotics.vexcode\sdk\cpp\V5\V5_20220726_10_00_00/vexv5\libv5rt.a(v5_apijump.c.obj)
                0x03803150                vexEventAdd
 .text.vexEventUserIndexGet
                0x03803184       0x1c c:\Users\24_nyocum\AppData\Roaming\Code\User\globalStorage\vexrobotics.vexcode\sdk\cpp\V5\V5_20220726_10_00_00/vexv5\libv5rt.a(v5_apijump.c.obj)
                0x03803184                vexEventUserIndexGet
 .text.vexEventAddWithArg
                0x038031a0       0x3c c:\Users\24_nyocum\AppData\Roaming\Code\User\globalStorage\vexrobotics.vexcode\sdk\cpp\V5\V5_20220726_10_00_00/vexv5\libv5rt.a(v5_apijump.c.obj)
                0x038031a0                vexEventAddWithArg
 .text.vexEventsCleanup
                0x038031dc       0x2c c:\Users\24_nyocum\AppData\Roaming\Code\User\globalStorage\vexrobotics.vexcode\sdk\cpp\V5\V5_20220726_10_00_00/vexv5\libv5rt.a(v5_apijump.c.obj)
                0x038031dc                vexEventsCleanup
 .text.vexDebug
                0x03803208       0x38 c:\Users\24_nyocum\AppData\Roaming\Code\User\globalStorage\vexrobotics.vexcode\sdk\cpp\V5\V5_20220726_10_00_00/vexv5\libv5rt.a(v5_apijump.c.obj)
                0x03803208                vexDebug
 .text.vex_sprintf
                0x03803240       0x40 c:\Users\24_nyocum\AppData\Roaming\Code\User\globalStorage\vexrobotics.vexcode\sdk\cpp\V5\V5_20220726_10_00_00/vexv5\libv5rt.a(v5_apijump.c.obj)
                0x03803240                vex_sprintf
 .text.vex_vsnprintf
                0x03803280       0x3c c:\Users\24_nyocum\AppData\Roaming\Code\User\globalStorage\vexrobotics.vexcode\sdk\cpp\V5\V5_20220726_10_00_00/vexv5\libv5rt.a(v5_apijump.c.obj)
                0x03803280                vex_vsnprintf
 .text.vexSystemTimeGet
                0x038032bc       0x1c c:\Users\24_nyocum\AppData\Roaming\Code\User\globalStorage\vexrobotics.vexcode\sdk\cpp\V5\V5_20220726_10_00_00/vexv5\libv5rt.a(v5_apijump.c.obj)
                0x038032bc                vexSystemTimeGet
 .text.vexSystemExitRequest
                0x038032d8       0x1c c:\Users\24_nyocum\AppData\Roaming\Code\User\globalStorage\vexrobotics.vexcode\sdk\cpp\V5\V5_20220726_10_00_00/vexv5\libv5rt.a(v5_apijump.c.obj)
                0x038032d8                vexSystemExitRequest
 .text.vexDeviceGetByIndex
                0x038032f4       0x24 c:\Users\24_nyocum\AppData\Roaming\Code\User\globalStorage\vexrobotics.vexcode\sdk\cpp\V5\V5_20220726_10_00_00/vexv5\libv5rt.a(v5_apijump.c.obj)
                0x038032f4                vexDeviceGetByIndex
 .text.vexControllerGet
                0x03803318       0x2c c:\Users\24_nyocum\AppData\Roaming\Code\User\globalStorage\vexrobotics.vexcode\sdk\cpp\V5\V5_20220726_10_00_00/vexv5\libv5rt.a(v5_apijump.c.obj)
                0x03803318                vexControllerGet
 .text.vexDeviceAdiPortConfigSet
                0x03803344       0x34 c:\Users\24_nyocum\AppData\Roaming\Code\User\globalStorage\vexrobotics.vexcode\sdk\cpp\V5\V5_20220726_10_00_00/vexv5\libv5rt.a(v5_apijump.c.obj)
                0x03803344                vexDeviceAdiPortConfigSet
 .text.vexDeviceAdiPortConfigGet
                0x03803378       0x2c c:\Users\24_nyocum\AppData\Roaming\Code\User\globalStorage\vexrobotics.vexcode\sdk\cpp\V5\V5_20220726_10_00_00/vexv5\libv5rt.a(v5_apijump.c.obj)
                0x03803378                vexDeviceAdiPortConfigGet
 .text.vexDeviceAdiValueSet
                0x038033a4       0x34 c:\Users\24_nyocum\AppData\Roaming\Code\User\globalStorage\vexrobotics.vexcode\sdk\cpp\V5\V5_20220726_10_00_00/vexv5\libv5rt.a(v5_apijump.c.obj)
                0x038033a4                vexDeviceAdiValueSet
 .text.vexDeviceAdiValueGet
                0x038033d8       0x2c c:\Users\24_nyocum\AppData\Roaming\Code\User\globalStorage\vexrobotics.vexcode\sdk\cpp\V5\V5_20220726_10_00_00/vexv5\libv5rt.a(v5_apijump.c.obj)
                0x038033d8                vexDeviceAdiValueGet
 .text.vexDeviceMotorVelocitySet
                0x03803404       0x2c c:\Users\24_nyocum\AppData\Roaming\Code\User\globalStorage\vexrobotics.vexcode\sdk\cpp\V5\V5_20220726_10_00_00/vexv5\libv5rt.a(v5_apijump.c.obj)
                0x03803404                vexDeviceMotorVelocitySet
 .text.vexDeviceMotorVoltageSet
                0x03803430       0x2c c:\Users\24_nyocum\AppData\Roaming\Code\User\globalStorage\vexrobotics.vexcode\sdk\cpp\V5\V5_20220726_10_00_00/vexv5\libv5rt.a(v5_apijump.c.obj)
                0x03803430                vexDeviceMotorVoltageSet
 .text.vexDeviceMotorActualVelocityGet
                0x0380345c       0x24 c:\Users\24_nyocum\AppData\Roaming\Code\User\globalStorage\vexrobotics.vexcode\sdk\cpp\V5\V5_20220726_10_00_00/vexv5\libv5rt.a(v5_apijump.c.obj)
                0x0380345c                vexDeviceMotorActualVelocityGet
 .text.vexDeviceMotorReverseFlagSet
                0x03803480       0x2c c:\Users\24_nyocum\AppData\Roaming\Code\User\globalStorage\vexrobotics.vexcode\sdk\cpp\V5\V5_20220726_10_00_00/vexv5\libv5rt.a(v5_apijump.c.obj)
                0x03803480                vexDeviceMotorReverseFlagSet
 .text.vexDeviceMotorEncoderUnitsSet
                0x038034ac       0x2c c:\Users\24_nyocum\AppData\Roaming\Code\User\globalStorage\vexrobotics.vexcode\sdk\cpp\V5\V5_20220726_10_00_00/vexv5\libv5rt.a(v5_apijump.c.obj)
                0x038034ac                vexDeviceMotorEncoderUnitsSet
 .text.vexDeviceMotorBrakeModeSet
                0x038034d8       0x2c c:\Users\24_nyocum\AppData\Roaming\Code\User\globalStorage\vexrobotics.vexcode\sdk\cpp\V5\V5_20220726_10_00_00/vexv5\libv5rt.a(v5_apijump.c.obj)
                0x038034d8                vexDeviceMotorBrakeModeSet
 .text.vexDeviceMotorPositionSet
                0x03803504       0x34 c:\Users\24_nyocum\AppData\Roaming\Code\User\globalStorage\vexrobotics.vexcode\sdk\cpp\V5\V5_20220726_10_00_00/vexv5\libv5rt.a(v5_apijump.c.obj)
                0x03803504                vexDeviceMotorPositionSet
 .text.vexDeviceMotorPositionGet
                0x03803538       0x24 c:\Users\24_nyocum\AppData\Roaming\Code\User\globalStorage\vexrobotics.vexcode\sdk\cpp\V5\V5_20220726_10_00_00/vexv5\libv5rt.a(v5_apijump.c.obj)
                0x03803538                vexDeviceMotorPositionGet
 .text.vexDeviceMotorGearingSet
                0x0380355c       0x2c c:\Users\24_nyocum\AppData\Roaming\Code\User\globalStorage\vexrobotics.vexcode\sdk\cpp\V5\V5_20220726_10_00_00/vexv5\libv5rt.a(v5_apijump.c.obj)
                0x0380355c                vexDeviceMotorGearingSet
 .text.vexDeviceMotorGearingGet
                0x03803588       0x24 c:\Users\24_nyocum\AppData\Roaming\Code\User\globalStorage\vexrobotics.vexcode\sdk\cpp\V5\V5_20220726_10_00_00/vexv5\libv5rt.a(v5_apijump.c.obj)
                0x03803588                vexDeviceMotorGearingGet
 .text.vexDeviceVisionModeSet
                0x038035ac       0x2c c:\Users\24_nyocum\AppData\Roaming\Code\User\globalStorage\vexrobotics.vexcode\sdk\cpp\V5\V5_20220726_10_00_00/vexv5\libv5rt.a(v5_apijump.c.obj)
                0x038035ac                vexDeviceVisionModeSet
 .text.vexDeviceVisionObjectCountGet
                0x038035d8       0x24 c:\Users\24_nyocum\AppData\Roaming\Code\User\globalStorage\vexrobotics.vexcode\sdk\cpp\V5\V5_20220726_10_00_00/vexv5\libv5rt.a(v5_apijump.c.obj)
                0x038035d8                vexDeviceVisionObjectCountGet
 .text.vexDeviceVisionObjectGet
                0x038035fc       0x34 c:\Users\24_nyocum\AppData\Roaming\Code\User\globalStorage\vexrobotics.vexcode\sdk\cpp\V5\V5_20220726_10_00_00/vexv5\libv5rt.a(v5_apijump.c.obj)
                0x038035fc                vexDeviceVisionObjectGet
 .text.vexDeviceVisionSignatureSet
                0x03803630       0x2c c:\Users\24_nyocum\AppData\Roaming\Code\User\globalStorage\vexrobotics.vexcode\sdk\cpp\V5\V5_20220726_10_00_00/vexv5\libv5rt.a(v5_apijump.c.obj)
                0x03803630                vexDeviceVisionSignatureSet
 .text.vexDeviceVisionBrightnessSet
                0x0380365c       0x2c c:\Users\24_nyocum\AppData\Roaming\Code\User\globalStorage\vexrobotics.vexcode\sdk\cpp\V5\V5_20220726_10_00_00/vexv5\libv5rt.a(v5_apijump.c.obj)
                0x0380365c                vexDeviceVisionBrightnessSet
 .text.vexDeviceVisionLedModeSet
                0x03803688       0x2c c:\Users\24_nyocum\AppData\Roaming\Code\User\globalStorage\vexrobotics.vexcode\sdk\cpp\V5\V5_20220726_10_00_00/vexv5\libv5rt.a(v5_apijump.c.obj)
                0x03803688                vexDeviceVisionLedModeSet
 .text.vexDeviceVisionLedColorSet
                0x038036b4       0x30 c:\Users\24_nyocum\AppData\Roaming\Code\User\globalStorage\vexrobotics.vexcode\sdk\cpp\V5\V5_20220726_10_00_00/vexv5\libv5rt.a(v5_apijump.c.obj)
                0x038036b4                vexDeviceVisionLedColorSet
 .text.vexDeviceImuReset
                0x038036e4       0x24 c:\Users\24_nyocum\AppData\Roaming\Code\User\globalStorage\vexrobotics.vexcode\sdk\cpp\V5\V5_20220726_10_00_00/vexv5\libv5rt.a(v5_apijump.c.obj)
                0x038036e4                vexDeviceImuReset
 .text.vexDeviceImuHeadingGet
                0x03803708       0x24 c:\Users\24_nyocum\AppData\Roaming\Code\User\globalStorage\vexrobotics.vexcode\sdk\cpp\V5\V5_20220726_10_00_00/vexv5\libv5rt.a(v5_apijump.c.obj)
                0x03803708                vexDeviceImuHeadingGet
 .text.vexDeviceImuDegreesGet
                0x0380372c       0x24 c:\Users\24_nyocum\AppData\Roaming\Code\User\globalStorage\vexrobotics.vexcode\sdk\cpp\V5\V5_20220726_10_00_00/vexv5\libv5rt.a(v5_apijump.c.obj)
                0x0380372c                vexDeviceImuDegreesGet
 .text.vexDeviceImuStatusGet
                0x03803750       0x24 c:\Users\24_nyocum\AppData\Roaming\Code\User\globalStorage\vexrobotics.vexcode\sdk\cpp\V5\V5_20220726_10_00_00/vexv5\libv5rt.a(v5_apijump.c.obj)
                0x03803750                vexDeviceImuStatusGet
 .text.vexDeviceAbsEncPositionGet
                0x03803774       0x24 c:\Users\24_nyocum\AppData\Roaming\Code\User\globalStorage\vexrobotics.vexcode\sdk\cpp\V5\V5_20220726_10_00_00/vexv5\libv5rt.a(v5_apijump.c.obj)
                0x03803774                vexDeviceAbsEncPositionGet
 .text.vexDeviceAbsEncAngleGet
                0x03803798       0x24 c:\Users\24_nyocum\AppData\Roaming\Code\User\globalStorage\vexrobotics.vexcode\sdk\cpp\V5\V5_20220726_10_00_00/vexv5\libv5rt.a(v5_apijump.c.obj)
                0x03803798                vexDeviceAbsEncAngleGet
 .text.vexDeviceAbsEncReverseFlagSet
                0x038037bc       0x2c c:\Users\24_nyocum\AppData\Roaming\Code\User\globalStorage\vexrobotics.vexcode\sdk\cpp\V5\V5_20220726_10_00_00/vexv5\libv5rt.a(v5_apijump.c.obj)
                0x038037bc                vexDeviceAbsEncReverseFlagSet
 .text.vexDisplayForegroundColor
                0x038037e8       0x24 c:\Users\24_nyocum\AppData\Roaming\Code\User\globalStorage\vexrobotics.vexcode\sdk\cpp\V5\V5_20220726_10_00_00/vexv5\libv5rt.a(v5_apijump.c.obj)
                0x038037e8                vexDisplayForegroundColor
 .text.vexDisplayBackgroundColor
                0x0380380c       0x24 c:\Users\24_nyocum\AppData\Roaming\Code\User\globalStorage\vexrobotics.vexcode\sdk\cpp\V5\V5_20220726_10_00_00/vexv5\libv5rt.a(v5_apijump.c.obj)
                0x0380380c                vexDisplayBackgroundColor
 .text.vexDisplayBackgroundColorGet
                0x03803830       0x1c c:\Users\24_nyocum\AppData\Roaming\Code\User\globalStorage\vexrobotics.vexcode\sdk\cpp\V5\V5_20220726_10_00_00/vexv5\libv5rt.a(v5_apijump.c.obj)
                0x03803830                vexDisplayBackgroundColorGet
 .text.vexDisplayRectDraw
                0x0380384c       0x4c c:\Users\24_nyocum\AppData\Roaming\Code\User\globalStorage\vexrobotics.vexcode\sdk\cpp\V5\V5_20220726_10_00_00/vexv5\libv5rt.a(v5_apijump.c.obj)
                0x0380384c                vexDisplayRectDraw
 .text.vexDisplayRectClear
                0x03803898       0x4c c:\Users\24_nyocum\AppData\Roaming\Code\User\globalStorage\vexrobotics.vexcode\sdk\cpp\V5\V5_20220726_10_00_00/vexv5\libv5rt.a(v5_apijump.c.obj)
                0x03803898                vexDisplayRectClear
 .text.vexDisplayVPrintf
                0x038038e4       0x50 c:\Users\24_nyocum\AppData\Roaming\Code\User\globalStorage\vexrobotics.vexcode\sdk\cpp\V5\V5_20220726_10_00_00/vexv5\libv5rt.a(v5_apijump.c.obj)
                0x038038e4                vexDisplayVPrintf
 .text.vexDisplayTextReference
                0x03803934       0x24 c:\Users\24_nyocum\AppData\Roaming\Code\User\globalStorage\vexrobotics.vexcode\sdk\cpp\V5\V5_20220726_10_00_00/vexv5\libv5rt.a(v5_apijump.c.obj)
                0x03803934                vexDisplayTextReference
 .text.vexDisplayTextSize
                0x03803958       0x2c c:\Users\24_nyocum\AppData\Roaming\Code\User\globalStorage\vexrobotics.vexcode\sdk\cpp\V5\V5_20220726_10_00_00/vexv5\libv5rt.a(v5_apijump.c.obj)
                0x03803958                vexDisplayTextSize
 .text.vexDisplayFontNamedSet
                0x03803984       0x24 c:\Users\24_nyocum\AppData\Roaming\Code\User\globalStorage\vexrobotics.vexcode\sdk\cpp\V5\V5_20220726_10_00_00/vexv5\libv5rt.a(v5_apijump.c.obj)
                0x03803984                vexDisplayFontNamedSet
 .text.vexDisplayStringWidthGet
                0x038039a8       0x24 c:\Users\24_nyocum\AppData\Roaming\Code\User\globalStorage\vexrobotics.vexcode\sdk\cpp\V5\V5_20220726_10_00_00/vexv5\libv5rt.a(v5_apijump.c.obj)
                0x038039a8                vexDisplayStringWidthGet
 .text.vexDisplayPenSizeGet
                0x038039cc       0x1c c:\Users\24_nyocum\AppData\Roaming\Code\User\globalStorage\vexrobotics.vexcode\sdk\cpp\V5\V5_20220726_10_00_00/vexv5\libv5rt.a(v5_apijump.c.obj)
                0x038039cc                vexDisplayPenSizeGet
 .text.vexSystemStdlibImpureDataAddr
                0x038039e8       0x28 c:\Users\24_nyocum\AppData\Roaming\Code\User\globalStorage\vexrobotics.vexcode\sdk\cpp\V5\V5_20220726_10_00_00/vexv5\libv5rt.a(v5_apijump.c.obj)
                0x038039e8                vexSystemStdlibImpureDataAddr
 .text.vexSystemStdlibImpureDataSize
                0x03803a10       0x28 c:\Users\24_nyocum\AppData\Roaming\Code\User\globalStorage\vexrobotics.vexcode\sdk\cpp\V5\V5_20220726_10_00_00/vexv5\libv5rt.a(v5_apijump.c.obj)
                0x03803a10                vexSystemStdlibImpureDataSize
 .text.vexSystemSaveUserData
                0x03803a38       0x3c c:\Users\24_nyocum\AppData\Roaming\Code\User\globalStorage\vexrobotics.vexcode\sdk\cpp\V5\V5_20220726_10_00_00/vexv5\libv5rt.a(v5_apijump.c.obj)
                0x03803a38                vexSystemSaveUserData
 .text.vexTouchDataGet
                0x03803a74       0x10 c:\Users\24_nyocum\AppData\Roaming\Code\User\globalStorage\vexrobotics.vexcode\sdk\cpp\V5\V5_20220726_10_00_00/vexv5\libv5rt.a(v5_apijump.c.obj)
                0x03803a74                vexTouchDataGet
 .text.vexDisplayThemeIdGet
                0x03803a84       0x38 c:\Users\24_nyocum\AppData\Roaming\Code\User\globalStorage\vexrobotics.vexcode\sdk\cpp\V5\V5_20220726_10_00_00/vexv5\libv5rt.a(v5_apijump.c.obj)
                0x03803a84                vexDisplayThemeIdGet
 .text.vexDeviceEventMaskSet
                0x03803abc       0x48 c:\Users\24_nyocum\AppData\Roaming\Code\User\globalStorage\vexrobotics.vexcode\sdk\cpp\V5\V5_20220726_10_00_00/vexv5\libv5rt.a(v5_apijump.c.obj)
                0x03803abc                vexDeviceEventMaskSet
 .text.vexDeviceEventMaskGet
                0x03803b04       0x3c c:\Users\24_nyocum\AppData\Roaming\Code\User\globalStorage\vexrobotics.vexcode\sdk\cpp\V5\V5_20220726_10_00_00/vexv5\libv5rt.a(v5_apijump.c.obj)
                0x03803b04                vexDeviceEventMaskGet
 .text.vexSystemVersion
                0x03803b40       0x10 c:\Users\24_nyocum\AppData\Roaming\Code\User\globalStorage\vexrobotics.vexcode\sdk\cpp\V5\V5_20220726_10_00_00/vexv5\libv5rt.a(v5_apiversions.c.obj)
                0x03803b40                vexSystemVersion
 .text.vexStdlibVersion
                0x03803b50       0x10 c:\Users\24_nyocum\AppData\Roaming\Code\User\globalStorage\vexrobotics.vexcode\sdk\cpp\V5\V5_20220726_10_00_00/vexv5\libv5rt.a(v5_apiversions.c.obj)
                0x03803b50                vexStdlibVersion
 .text._ZN3vex4waitEdNS_9timeUnitsE
                0x03803b60       0x30 c:\Users\24_nyocum\AppData\Roaming\Code\User\globalStorage\vexrobotics.vexcode\sdk\cpp\V5\V5_20220726_10_00_00/vexv5\libv5rt.a(vex_global.cpp.obj)
                0x03803b60                vex::wait(double, vex::timeUnits)
 .text._ZN3vex5motorD2Ev
                0x03803b90       0x20 c:\Users\24_nyocum\AppData\Roaming\Code\User\globalStorage\vexrobotics.vexcode\sdk\cpp\V5\V5_20220726_10_00_00/vexv5\libv5rt.a(vex_motor.cpp.obj)
                0x03803b90                vex::motor::~motor()
                0x03803b90                vex::motor::~motor()
 .text._ZN3vex5motorD0Ev
                0x03803bb0       0x1c c:\Users\24_nyocum\AppData\Roaming\Code\User\globalStorage\vexrobotics.vexcode\sdk\cpp\V5\V5_20220726_10_00_00/vexv5\libv5rt.a(vex_motor.cpp.obj)
                0x03803bb0                vex::motor::~motor()
 .text._ZN3vex5motor9installedEv
                0x03803bcc       0x18 c:\Users\24_nyocum\AppData\Roaming\Code\User\globalStorage\vexrobotics.vexcode\sdk\cpp\V5\V5_20220726_10_00_00/vexv5\libv5rt.a(vex_motor.cpp.obj)
                0x03803bcc                vex::motor::installed()
 .text._ZN3vex5motor15defaultStoppingENS_9brakeTypeE
                0x03803be4       0x30 c:\Users\24_nyocum\AppData\Roaming\Code\User\globalStorage\vexrobotics.vexcode\sdk\cpp\V5\V5_20220726_10_00_00/vexv5\libv5rt.a(vex_motor.cpp.obj)
                0x03803be4                vex::motor::defaultStopping(vex::brakeType)
 .text._ZN3vex5motor11setStoppingENS_9brakeTypeE
                0x03803c14        0x4 c:\Users\24_nyocum\AppData\Roaming\Code\User\globalStorage\vexrobotics.vexcode\sdk\cpp\V5\V5_20220726_10_00_00/vexv5\libv5rt.a(vex_motor.cpp.obj)
                0x03803c14                vex::motor::setStopping(vex::brakeType)
 .text._ZN3vex5motorC2El
                0x03803c18       0x78 c:\Users\24_nyocum\AppData\Roaming\Code\User\globalStorage\vexrobotics.vexcode\sdk\cpp\V5\V5_20220726_10_00_00/vexv5\libv5rt.a(vex_motor.cpp.obj)
                0x03803c18                vex::motor::motor(long)
                0x03803c18                vex::motor::motor(long)
 .text._ZN3vex5motorC2ElNS_11gearSettingEb
                0x03803c90       0x34 c:\Users\24_nyocum\AppData\Roaming\Code\User\globalStorage\vexrobotics.vexcode\sdk\cpp\V5\V5_20220726_10_00_00/vexv5\libv5rt.a(vex_motor.cpp.obj)
                0x03803c90                vex::motor::motor(long, vex::gearSetting, bool)
                0x03803c90                vex::motor::motor(long, vex::gearSetting, bool)
 .text._ZN3vex5motorC2Elb
                0x03803cc4       0x24 c:\Users\24_nyocum\AppData\Roaming\Code\User\globalStorage\vexrobotics.vexcode\sdk\cpp\V5\V5_20220726_10_00_00/vexv5\libv5rt.a(vex_motor.cpp.obj)
                0x03803cc4                vex::motor::motor(long, bool)
                0x03803cc4                vex::motor::motor(long, bool)
 .text._ZN3vex5motor4spinENS_13directionTypeEdNS_12voltageUnitsE
                0x03803ce8       0x50 c:\Users\24_nyocum\AppData\Roaming\Code\User\globalStorage\vexrobotics.vexcode\sdk\cpp\V5\V5_20220726_10_00_00/vexv5\libv5rt.a(vex_motor.cpp.obj)
                0x03803ce8                vex::motor::spin(vex::directionType, double, vex::voltageUnits)
 .text._ZN3vex5motor4stopENS_9brakeTypeE
                0x03803d38       0x30 c:\Users\24_nyocum\AppData\Roaming\Code\User\globalStorage\vexrobotics.vexcode\sdk\cpp\V5\V5_20220726_10_00_00/vexv5\libv5rt.a(vex_motor.cpp.obj)
                0x03803d38                vex::motor::stop(vex::brakeType)
 .text._ZN3vex5motor16velocityToScaledEdNS_13velocityUnitsE
                0x03803d68       0x5c c:\Users\24_nyocum\AppData\Roaming\Code\User\globalStorage\vexrobotics.vexcode\sdk\cpp\V5\V5_20220726_10_00_00/vexv5\libv5rt.a(vex_motor.cpp.obj)
                0x03803d68                vex::motor::velocityToScaled(double, vex::velocityUnits)
 .text._ZN3vex5motor8velocityENS_13velocityUnitsE
                0x03803dc4       0x30 c:\Users\24_nyocum\AppData\Roaming\Code\User\globalStorage\vexrobotics.vexcode\sdk\cpp\V5\V5_20220726_10_00_00/vexv5\libv5rt.a(vex_motor.cpp.obj)
                0x03803dc4                vex::motor::velocity(vex::velocityUnits)
 .text._ZN3vex5motor5valueEv
                0x03803df4       0x1c c:\Users\24_nyocum\AppData\Roaming\Code\User\globalStorage\vexrobotics.vexcode\sdk\cpp\V5\V5_20220726_10_00_00/vexv5\libv5rt.a(vex_motor.cpp.obj)
                0x03803df4                vex::motor::value()
 .text._ZN3vex5motor16scaledToVelocityEdNS_13velocityUnitsE
                0x03803e10       0xa4 c:\Users\24_nyocum\AppData\Roaming\Code\User\globalStorage\vexrobotics.vexcode\sdk\cpp\V5\V5_20220726_10_00_00/vexv5\libv5rt.a(vex_motor.cpp.obj)
                0x03803e10                vex::motor::scaledToVelocity(double, vex::velocityUnits)
 .text._ZN3vex5motor4spinENS_13directionTypeEdNS_13velocityUnitsE
                0x03803eb4       0x5c c:\Users\24_nyocum\AppData\Roaming\Code\User\globalStorage\vexrobotics.vexcode\sdk\cpp\V5\V5_20220726_10_00_00/vexv5\libv5rt.a(vex_motor.cpp.obj)
                0x03803eb4                vex::motor::spin(vex::directionType, double, vex::velocityUnits)
 .text._ZN3vex5motor16setRotationUnitsENS_13rotationUnitsE
                0x03803f10       0x1c c:\Users\24_nyocum\AppData\Roaming\Code\User\globalStorage\vexrobotics.vexcode\sdk\cpp\V5\V5_20220726_10_00_00/vexv5\libv5rt.a(vex_motor.cpp.obj)
                0x03803f10                vex::motor::setRotationUnits(vex::rotationUnits)
 .text._ZN3vex5motor8positionENS_13rotationUnitsE
                0x03803f2c       0x44 c:\Users\24_nyocum\AppData\Roaming\Code\User\globalStorage\vexrobotics.vexcode\sdk\cpp\V5\V5_20220726_10_00_00/vexv5\libv5rt.a(vex_motor.cpp.obj)
                0x03803f2c                vex::motor::position(vex::rotationUnits)
 .text._ZN3vex6vision9installedEv
                0x03803f70       0x18 c:\Users\24_nyocum\AppData\Roaming\Code\User\globalStorage\vexrobotics.vexcode\sdk\cpp\V5\V5_20220726_10_00_00/vexv5\libv5rt.a(vex_vision.cpp.obj)
                0x03803f70                vex::vision::installed()
 .text._ZN3vex6visionD2Ev
                0x03803f88       0x38 c:\Users\24_nyocum\AppData\Roaming\Code\User\globalStorage\vexrobotics.vexcode\sdk\cpp\V5\V5_20220726_10_00_00/vexv5\libv5rt.a(vex_vision.cpp.obj)
                0x03803f88                vex::vision::~vision()
                0x03803f88                vex::vision::~vision()
 .text._ZN3vex6visionD0Ev
                0x03803fc0       0x1c c:\Users\24_nyocum\AppData\Roaming\Code\User\globalStorage\vexrobotics.vexcode\sdk\cpp\V5\V5_20220726_10_00_00/vexv5\libv5rt.a(vex_vision.cpp.obj)
                0x03803fc0                vex::vision::~vision()
 .text._ZN3vex6vision12setSignatureERNS0_9signatureE
                0x03803fdc       0x70 c:\Users\24_nyocum\AppData\Roaming\Code\User\globalStorage\vexrobotics.vexcode\sdk\cpp\V5\V5_20220726_10_00_00/vexv5\libv5rt.a(vex_vision.cpp.obj)
                0x03803fdc                vex::vision::setSignature(vex::vision::signature&)
 .text._ZN3vex6vision7setModeENS0_13detectionModeE
                0x0380404c       0x18 c:\Users\24_nyocum\AppData\Roaming\Code\User\globalStorage\vexrobotics.vexcode\sdk\cpp\V5\V5_20220726_10_00_00/vexv5\libv5rt.a(vex_vision.cpp.obj)
                0x0380404c                vex::vision::setMode(vex::vision::detectionMode)
 .text._ZN3vex6vision13setBrightnessEh
                0x03804064       0x30 c:\Users\24_nyocum\AppData\Roaming\Code\User\globalStorage\vexrobotics.vexcode\sdk\cpp\V5\V5_20220726_10_00_00/vexv5\libv5rt.a(vex_vision.cpp.obj)
                0x03804064                vex::vision::setBrightness(unsigned char)
 .text._ZN3vex6vision10setLedModeENS0_7ledModeE
                0x03804094       0x18 c:\Users\24_nyocum\AppData\Roaming\Code\User\globalStorage\vexrobotics.vexcode\sdk\cpp\V5\V5_20220726_10_00_00/vexv5\libv5rt.a(vex_vision.cpp.obj)
                0x03804094                vex::vision::setLedMode(vex::vision::ledMode)
 .text._ZN3vex6vision11setLedColorEhhh
                0x038040ac       0x30 c:\Users\24_nyocum\AppData\Roaming\Code\User\globalStorage\vexrobotics.vexcode\sdk\cpp\V5\V5_20220726_10_00_00/vexv5\libv5rt.a(vex_vision.cpp.obj)
                0x038040ac                vex::vision::setLedColor(unsigned char, unsigned char, unsigned char)
 .text._ZN3vex6vision9signatureD2Ev
                0x038040dc        0x4 c:\Users\24_nyocum\AppData\Roaming\Code\User\globalStorage\vexrobotics.vexcode\sdk\cpp\V5\V5_20220726_10_00_00/vexv5\libv5rt.a(vex_vision.cpp.obj)
                0x038040dc                vex::vision::signature::~signature()
                0x038040dc                vex::vision::signature::~signature()
 .text._ZN3vex6vision9signature5clearEv
                0x038040e0       0x38 c:\Users\24_nyocum\AppData\Roaming\Code\User\globalStorage\vexrobotics.vexcode\sdk\cpp\V5\V5_20220726_10_00_00/vexv5\libv5rt.a(vex_vision.cpp.obj)
                0x038040e0                vex::vision::signature::clear()
 .text._ZN3vex6vision9signatureC2Ev
                0x03804118       0x60 c:\Users\24_nyocum\AppData\Roaming\Code\User\globalStorage\vexrobotics.vexcode\sdk\cpp\V5\V5_20220726_10_00_00/vexv5\libv5rt.a(vex_vision.cpp.obj)
                0x03804118                vex::vision::signature::signature()
                0x03804118                vex::vision::signature::signature()
 .text._ZN3vex6vision9signatureC2Elllllllfl
                0x03804178       0x5c c:\Users\24_nyocum\AppData\Roaming\Code\User\globalStorage\vexrobotics.vexcode\sdk\cpp\V5\V5_20220726_10_00_00/vexv5\libv5rt.a(vex_vision.cpp.obj)
                0x03804178                vex::vision::signature::signature(long, long, long, long, long, long, long, float, long)
                0x03804178                vex::vision::signature::signature(long, long, long, long, long, long, long, float, long)
 *fill*         0x038041d4        0x4 
 .text._ZN3vex6vision6object3setE22_V5_DeviceVisionObject
                0x038041d8       0x78 c:\Users\24_nyocum\AppData\Roaming\Code\User\globalStorage\vexrobotics.vexcode\sdk\cpp\V5\V5_20220726_10_00_00/vexv5\libv5rt.a(vex_vision.cpp.obj)
                0x038041d8                vex::vision::object::set(_V5_DeviceVisionObject)
 .text._ZN3vex6vision6object5clearEv
                0x03804250       0x38 c:\Users\24_nyocum\AppData\Roaming\Code\User\globalStorage\vexrobotics.vexcode\sdk\cpp\V5\V5_20220726_10_00_00/vexv5\libv5rt.a(vex_vision.cpp.obj)
                0x03804250                vex::vision::object::clear()
 .text._ZN3vex6vision6objectC2Ev
                0x03804288       0x58 c:\Users\24_nyocum\AppData\Roaming\Code\User\globalStorage\vexrobotics.vexcode\sdk\cpp\V5\V5_20220726_10_00_00/vexv5\libv5rt.a(vex_vision.cpp.obj)
                0x03804288                vex::vision::object::object()
                0x03804288                vex::vision::object::object()
 .text._ZN3vex6vision13_clearObjectsEv
                0x038042e0       0x40 c:\Users\24_nyocum\AppData\Roaming\Code\User\globalStorage\vexrobotics.vexcode\sdk\cpp\V5\V5_20220726_10_00_00/vexv5\libv5rt.a(vex_vision.cpp.obj)
                0x038042e0                vex::vision::_clearObjects()
 .text._ZN3vex6vision6objectaSERKS1_
                0x03804320       0x74 c:\Users\24_nyocum\AppData\Roaming\Code\User\globalStorage\vexrobotics.vexcode\sdk\cpp\V5\V5_20220726_10_00_00/vexv5\libv5rt.a(vex_vision.cpp.obj)
                0x03804320                vex::vision::object::operator=(vex::vision::object const&)
 .text._ZN3vex6vision12takeSnapshotEmm
                0x03804394       0xf4 c:\Users\24_nyocum\AppData\Roaming\Code\User\globalStorage\vexrobotics.vexcode\sdk\cpp\V5\V5_20220726_10_00_00/vexv5\libv5rt.a(vex_vision.cpp.obj)
                0x03804394                vex::vision::takeSnapshot(unsigned long, unsigned long)
 .text._ZN3vex6vision12takeSnapshotEm
                0x03804488        0x8 c:\Users\24_nyocum\AppData\Roaming\Code\User\globalStorage\vexrobotics.vexcode\sdk\cpp\V5\V5_20220726_10_00_00/vexv5\libv5rt.a(vex_vision.cpp.obj)
                0x03804488                vex::vision::takeSnapshot(unsigned long)
 .text._ZN3vex6vision5valueEv
                0x03804490        0x8 c:\Users\24_nyocum\AppData\Roaming\Code\User\globalStorage\vexrobotics.vexcode\sdk\cpp\V5\V5_20220726_10_00_00/vexv5\libv5rt.a(vex_vision.cpp.obj)
                0x03804490                vex::vision::value()
 .text._ZN3vex6vision6objectaSEl
                0x03804498       0x38 c:\Users\24_nyocum\AppData\Roaming\Code\User\globalStorage\vexrobotics.vexcode\sdk\cpp\V5\V5_20220726_10_00_00/vexv5\libv5rt.a(vex_vision.cpp.obj)
                0x03804498                vex::vision::object::operator=(long)
 .text._ZN3vex6visionC2El
                0x038044d0       0xa4 c:\Users\24_nyocum\AppData\Roaming\Code\User\globalStorage\vexrobotics.vexcode\sdk\cpp\V5\V5_20220726_10_00_00/vexv5\libv5rt.a(vex_vision.cpp.obj)
                0x038044d0                vex::vision::vision(long)
                0x038044d0                vex::vision::vision(long)
 .text._ZN3vex8inertial11getTurnTypeEv
                0x03804574        0x8 c:\Users\24_nyocum\AppData\Roaming\Code\User\globalStorage\vexrobotics.vexcode\sdk\cpp\V5\V5_20220726_10_00_00/vexv5\libv5rt.a(vex_imu.cpp.obj)
                0x03804574                vex::inertial::getTurnType()
 .text._ZThn16_N3vex8inertial11getTurnTypeEv
                0x0380457c        0x8 c:\Users\24_nyocum\AppData\Roaming\Code\User\globalStorage\vexrobotics.vexcode\sdk\cpp\V5\V5_20220726_10_00_00/vexv5\libv5rt.a(vex_imu.cpp.obj)
                0x0380457c                non-virtual thunk to vex::inertial::getTurnType()
 *fill*         0x03804584        0x4 
 .text._ZN3vex8inertial10setHeadingEdNS_13rotationUnitsE
                0x03804588       0x58 c:\Users\24_nyocum\AppData\Roaming\Code\User\globalStorage\vexrobotics.vexcode\sdk\cpp\V5\V5_20220726_10_00_00/vexv5\libv5rt.a(vex_imu.cpp.obj)
                0x03804588                vex::inertial::setHeading(double, vex::rotationUnits)
 .text._ZThn16_N3vex8inertial10setHeadingEdNS_13rotationUnitsE
                0x038045e0        0x8 c:\Users\24_nyocum\AppData\Roaming\Code\User\globalStorage\vexrobotics.vexcode\sdk\cpp\V5\V5_20220726_10_00_00/vexv5\libv5rt.a(vex_imu.cpp.obj)
                0x038045e0                non-virtual thunk to vex::inertial::setHeading(double, vex::rotationUnits)
 .text._ZN3vex8inertial11setRotationEdNS_13rotationUnitsE
                0x038045e8       0x58 c:\Users\24_nyocum\AppData\Roaming\Code\User\globalStorage\vexrobotics.vexcode\sdk\cpp\V5\V5_20220726_10_00_00/vexv5\libv5rt.a(vex_imu.cpp.obj)
                0x038045e8                vex::inertial::setRotation(double, vex::rotationUnits)
 .text._ZThn16_N3vex8inertial11setRotationEdNS_13rotationUnitsE
                0x03804640        0x8 c:\Users\24_nyocum\AppData\Roaming\Code\User\globalStorage\vexrobotics.vexcode\sdk\cpp\V5\V5_20220726_10_00_00/vexv5\libv5rt.a(vex_imu.cpp.obj)
                0x03804640                non-virtual thunk to vex::inertial::setRotation(double, vex::rotationUnits)
 .text._ZN3vex8inertialD2Ev
                0x03804648       0x20 c:\Users\24_nyocum\AppData\Roaming\Code\User\globalStorage\vexrobotics.vexcode\sdk\cpp\V5\V5_20220726_10_00_00/vexv5\libv5rt.a(vex_imu.cpp.obj)
                0x03804648                vex::inertial::~inertial()
                0x03804648                vex::inertial::~inertial()
 .text._ZThn16_N3vex8inertialD1Ev
                0x03804668        0x8 c:\Users\24_nyocum\AppData\Roaming\Code\User\globalStorage\vexrobotics.vexcode\sdk\cpp\V5\V5_20220726_10_00_00/vexv5\libv5rt.a(vex_imu.cpp.obj)
                0x03804668                non-virtual thunk to vex::inertial::~inertial()
 .text._ZN3vex8inertialD0Ev
                0x03804670       0x1c c:\Users\24_nyocum\AppData\Roaming\Code\User\globalStorage\vexrobotics.vexcode\sdk\cpp\V5\V5_20220726_10_00_00/vexv5\libv5rt.a(vex_imu.cpp.obj)
                0x03804670                vex::inertial::~inertial()
 .text._ZThn16_N3vex8inertialD0Ev
                0x0380468c        0x8 c:\Users\24_nyocum\AppData\Roaming\Code\User\globalStorage\vexrobotics.vexcode\sdk\cpp\V5\V5_20220726_10_00_00/vexv5\libv5rt.a(vex_imu.cpp.obj)
                0x0380468c                non-virtual thunk to vex::inertial::~inertial()
 .text._ZN3vex8inertial9installedEv
                0x03804694       0x18 c:\Users\24_nyocum\AppData\Roaming\Code\User\globalStorage\vexrobotics.vexcode\sdk\cpp\V5\V5_20220726_10_00_00/vexv5\libv5rt.a(vex_imu.cpp.obj)
                0x03804694                vex::inertial::installed()
 .text._ZN3vex8inertial5angleENS_13rotationUnitsE
                0x038046ac       0x6c c:\Users\24_nyocum\AppData\Roaming\Code\User\globalStorage\vexrobotics.vexcode\sdk\cpp\V5\V5_20220726_10_00_00/vexv5\libv5rt.a(vex_imu.cpp.obj)
                0x038046ac                vex::inertial::angle(vex::rotationUnits)
 .text._ZThn16_N3vex8inertial5angleENS_13rotationUnitsE
                0x03804718        0x8 c:\Users\24_nyocum\AppData\Roaming\Code\User\globalStorage\vexrobotics.vexcode\sdk\cpp\V5\V5_20220726_10_00_00/vexv5\libv5rt.a(vex_imu.cpp.obj)
                0x03804718                non-virtual thunk to vex::inertial::angle(vex::rotationUnits)
 .text._ZN3vex8inertial7headingENS_13rotationUnitsE
                0x03804720        0x4 c:\Users\24_nyocum\AppData\Roaming\Code\User\globalStorage\vexrobotics.vexcode\sdk\cpp\V5\V5_20220726_10_00_00/vexv5\libv5rt.a(vex_imu.cpp.obj)
                0x03804720                vex::inertial::heading(vex::rotationUnits)
 .text._ZThn16_N3vex8inertial7headingENS_13rotationUnitsE
                0x03804724        0x8 c:\Users\24_nyocum\AppData\Roaming\Code\User\globalStorage\vexrobotics.vexcode\sdk\cpp\V5\V5_20220726_10_00_00/vexv5\libv5rt.a(vex_imu.cpp.obj)
                0x03804724                non-virtual thunk to vex::inertial::heading(vex::rotationUnits)
 .text._ZN3vex8inertial5valueEv
                0x0380472c       0x1c c:\Users\24_nyocum\AppData\Roaming\Code\User\globalStorage\vexrobotics.vexcode\sdk\cpp\V5\V5_20220726_10_00_00/vexv5\libv5rt.a(vex_imu.cpp.obj)
                0x0380472c                vex::inertial::value()
 .text._ZN3vex8inertial8rotationENS_13rotationUnitsE
                0x03804748       0x48 c:\Users\24_nyocum\AppData\Roaming\Code\User\globalStorage\vexrobotics.vexcode\sdk\cpp\V5\V5_20220726_10_00_00/vexv5\libv5rt.a(vex_imu.cpp.obj)
                0x03804748                vex::inertial::rotation(vex::rotationUnits)
 .text._ZThn16_N3vex8inertial8rotationENS_13rotationUnitsE
                0x03804790        0x8 c:\Users\24_nyocum\AppData\Roaming\Code\User\globalStorage\vexrobotics.vexcode\sdk\cpp\V5\V5_20220726_10_00_00/vexv5\libv5rt.a(vex_imu.cpp.obj)
                0x03804790                non-virtual thunk to vex::inertial::rotation(vex::rotationUnits)
 .text._ZN3vex8inertial13isCalibratingEv
                0x03804798       0x38 c:\Users\24_nyocum\AppData\Roaming\Code\User\globalStorage\vexrobotics.vexcode\sdk\cpp\V5\V5_20220726_10_00_00/vexv5\libv5rt.a(vex_imu.cpp.obj)
                0x03804798                vex::inertial::isCalibrating()
 .text._ZThn16_N3vex8inertial13isCalibratingEv
                0x038047d0        0x8 c:\Users\24_nyocum\AppData\Roaming\Code\User\globalStorage\vexrobotics.vexcode\sdk\cpp\V5\V5_20220726_10_00_00/vexv5\libv5rt.a(vex_imu.cpp.obj)
                0x038047d0                non-virtual thunk to vex::inertial::isCalibrating()
 .text._ZN3vex8inertialC2ElNS_8turnTypeE
                0x038047d8       0x4c c:\Users\24_nyocum\AppData\Roaming\Code\User\globalStorage\vexrobotics.vexcode\sdk\cpp\V5\V5_20220726_10_00_00/vexv5\libv5rt.a(vex_imu.cpp.obj)
                0x038047d8                vex::inertial::inertial(long, vex::turnType)
                0x038047d8                vex::inertial::inertial(long, vex::turnType)
 .text._ZN3vex8inertial16startCalibrationEl
                0x03804824       0x20 c:\Users\24_nyocum\AppData\Roaming\Code\User\globalStorage\vexrobotics.vexcode\sdk\cpp\V5\V5_20220726_10_00_00/vexv5\libv5rt.a(vex_imu.cpp.obj)
                0x03804824                vex::inertial::startCalibration(long)
 .text._ZN3vex8inertial9calibrateEl
                0x03804844        0xc c:\Users\24_nyocum\AppData\Roaming\Code\User\globalStorage\vexrobotics.vexcode\sdk\cpp\V5\V5_20220726_10_00_00/vexv5\libv5rt.a(vex_imu.cpp.obj)
                0x03804844                vex::inertial::calibrate(long)
                0x03804848                non-virtual thunk to vex::inertial::calibrate(long)
 .text._ZN3vex8rotationD2Ev
                0x03804850       0x20 c:\Users\24_nyocum\AppData\Roaming\Code\User\globalStorage\vexrobotics.vexcode\sdk\cpp\V5\V5_20220726_10_00_00/vexv5\libv5rt.a(vex_rotation.cpp.obj)
                0x03804850                vex::rotation::~rotation()
                0x03804850                vex::rotation::~rotation()
 .text._ZN3vex8rotationD0Ev
                0x03804870       0x1c c:\Users\24_nyocum\AppData\Roaming\Code\User\globalStorage\vexrobotics.vexcode\sdk\cpp\V5\V5_20220726_10_00_00/vexv5\libv5rt.a(vex_rotation.cpp.obj)
                0x03804870                vex::rotation::~rotation()
 .text._ZN3vex8rotation9installedEv
                0x0380488c       0x18 c:\Users\24_nyocum\AppData\Roaming\Code\User\globalStorage\vexrobotics.vexcode\sdk\cpp\V5\V5_20220726_10_00_00/vexv5\libv5rt.a(vex_rotation.cpp.obj)
                0x0380488c                vex::rotation::installed()
 .text._ZN3vex8rotation5valueEv
                0x038048a4        0x8 c:\Users\24_nyocum\AppData\Roaming\Code\User\globalStorage\vexrobotics.vexcode\sdk\cpp\V5\V5_20220726_10_00_00/vexv5\libv5rt.a(vex_rotation.cpp.obj)
                0x038048a4                vex::rotation::value()
 .text._ZN3vex8rotationC2Elb
                0x038048ac       0x30 c:\Users\24_nyocum\AppData\Roaming\Code\User\globalStorage\vexrobotics.vexcode\sdk\cpp\V5\V5_20220726_10_00_00/vexv5\libv5rt.a(vex_rotation.cpp.obj)
                0x038048ac                vex::rotation::rotation(long, bool)
                0x038048ac                vex::rotation::rotation(long, bool)
 *fill*         0x038048dc        0x4 
 .text._ZN3vex8rotation8positionENS_13rotationUnitsE
                0x038048e0       0x50 c:\Users\24_nyocum\AppData\Roaming\Code\User\globalStorage\vexrobotics.vexcode\sdk\cpp\V5\V5_20220726_10_00_00/vexv5\libv5rt.a(vex_rotation.cpp.obj)
                0x038048e0                vex::rotation::position(vex::rotationUnits)
 .text._ZN3vex10controllerD2Ev
                0x03804930        0x4 c:\Users\24_nyocum\AppData\Roaming\Code\User\globalStorage\vexrobotics.vexcode\sdk\cpp\V5\V5_20220726_10_00_00/vexv5\libv5rt.a(vex_controller.cpp.obj)
                0x03804930                vex::controller::~controller()
                0x03804930                vex::controller::~controller()
 .text._ZN3vex10controller5valueE19_V5_ControllerIndex
                0x03804934        0x8 c:\Users\24_nyocum\AppData\Roaming\Code\User\globalStorage\vexrobotics.vexcode\sdk\cpp\V5\V5_20220726_10_00_00/vexv5\libv5rt.a(vex_controller.cpp.obj)
                0x03804934                vex::controller::value(_V5_ControllerIndex)
 .text._ZNK3vex10controller6button8pressingEv
                0x0380493c       0xc8 c:\Users\24_nyocum\AppData\Roaming\Code\User\globalStorage\vexrobotics.vexcode\sdk\cpp\V5\V5_20220726_10_00_00/vexv5\libv5rt.a(vex_controller.cpp.obj)
                0x0380493c                vex::controller::button::pressing() const
 .text._ZNK3vex10controller6button7pressedEPFvvE
                0x03804a04      0x108 c:\Users\24_nyocum\AppData\Roaming\Code\User\globalStorage\vexrobotics.vexcode\sdk\cpp\V5\V5_20220726_10_00_00/vexv5\libv5rt.a(vex_controller.cpp.obj)
                0x03804a04                vex::controller::button::pressed(void (*)()) const
 .text._ZNK3vex10controller6button21_buttonToPressedEventEv
                0x03804b0c       0x20 c:\Users\24_nyocum\AppData\Roaming\Code\User\globalStorage\vexrobotics.vexcode\sdk\cpp\V5\V5_20220726_10_00_00/vexv5\libv5rt.a(vex_controller.cpp.obj)
                0x03804b0c                vex::controller::button::_buttonToPressedEvent() const
 .text._ZNK3vex10controller6button22_buttonToReleasedEventEv
                0x03804b2c       0x20 c:\Users\24_nyocum\AppData\Roaming\Code\User\globalStorage\vexrobotics.vexcode\sdk\cpp\V5\V5_20220726_10_00_00/vexv5\libv5rt.a(vex_controller.cpp.obj)
                0x03804b2c                vex::controller::button::_buttonToReleasedEvent() const
 .text._ZN3vex10controller6buttonC2ENS0_11tButtonTypeEPS0_
                0x03804b4c       0x48 c:\Users\24_nyocum\AppData\Roaming\Code\User\globalStorage\vexrobotics.vexcode\sdk\cpp\V5\V5_20220726_10_00_00/vexv5\libv5rt.a(vex_controller.cpp.obj)
                0x03804b4c                vex::controller::button::button(vex::controller::tButtonType, vex::controller*)
                0x03804b4c                vex::controller::button::button(vex::controller::tButtonType, vex::controller*)
 .text._ZNK3vex10controller4axis5valueEv
                0x03804b94       0x58 c:\Users\24_nyocum\AppData\Roaming\Code\User\globalStorage\vexrobotics.vexcode\sdk\cpp\V5\V5_20220726_10_00_00/vexv5\libv5rt.a(vex_controller.cpp.obj)
                0x03804b94                vex::controller::axis::value() const
 .text._ZNK3vex10controller4axis23_joystickToChangedEventEv
                0x03804bec       0x20 c:\Users\24_nyocum\AppData\Roaming\Code\User\globalStorage\vexrobotics.vexcode\sdk\cpp\V5\V5_20220726_10_00_00/vexv5\libv5rt.a(vex_controller.cpp.obj)
                0x03804bec                vex::controller::axis::_joystickToChangedEvent() const
 .text._ZN3vex10controller4axisC2ENS0_9tAxisTypeEPS0_
                0x03804c0c       0x2c c:\Users\24_nyocum\AppData\Roaming\Code\User\globalStorage\vexrobotics.vexcode\sdk\cpp\V5\V5_20220726_10_00_00/vexv5\libv5rt.a(vex_controller.cpp.obj)
                0x03804c0c                vex::controller::axis::axis(vex::controller::tAxisType, vex::controller*)
                0x03804c0c                vex::controller::axis::axis(vex::controller::tAxisType, vex::controller*)
 .text._ZN3vex10controllerC2ENS_14controllerTypeE
                0x03804c38      0x16c c:\Users\24_nyocum\AppData\Roaming\Code\User\globalStorage\vexrobotics.vexcode\sdk\cpp\V5\V5_20220726_10_00_00/vexv5\libv5rt.a(vex_controller.cpp.obj)
                0x03804c38                vex::controller::controller(vex::controllerType)
                0x03804c38                vex::controller::controller(vex::controllerType)
 .text._ZN3vex4taskC2Ev
                0x03804da4       0x28 c:\Users\24_nyocum\AppData\Roaming\Code\User\globalStorage\vexrobotics.vexcode\sdk\cpp\V5\V5_20220726_10_00_00/vexv5\libv5rt.a(vex_task.cpp.obj)
                0x03804da4                vex::task::task()
                0x03804da4                vex::task::task()
 .text._ZN3vex4taskC2EPFivE
                0x03804dcc       0x5c c:\Users\24_nyocum\AppData\Roaming\Code\User\globalStorage\vexrobotics.vexcode\sdk\cpp\V5\V5_20220726_10_00_00/vexv5\libv5rt.a(vex_task.cpp.obj)
                0x03804dcc                vex::task::task(int (*)())
                0x03804dcc                vex::task::task(int (*)())
 .text._ZN3vex4taskD2Ev
                0x03804e28        0x4 c:\Users\24_nyocum\AppData\Roaming\Code\User\globalStorage\vexrobotics.vexcode\sdk\cpp\V5\V5_20220726_10_00_00/vexv5\libv5rt.a(vex_task.cpp.obj)
                0x03804e28                vex::task::~task()
                0x03804e28                vex::task::~task()
 .text._ZN3vex4task4stopEPvi
                0x03804e2c       0x1c c:\Users\24_nyocum\AppData\Roaming\Code\User\globalStorage\vexrobotics.vexcode\sdk\cpp\V5\V5_20220726_10_00_00/vexv5\libv5rt.a(vex_task.cpp.obj)
                0x03804e2c                vex::task::stop(void*, int)
 .text._ZN3vex4task5sleepEm
                0x03804e48        0x4 c:\Users\24_nyocum\AppData\Roaming\Code\User\globalStorage\vexrobotics.vexcode\sdk\cpp\V5\V5_20220726_10_00_00/vexv5\libv5rt.a(vex_task.cpp.obj)
                0x03804e48                vex::task::sleep(unsigned long)
 .text._ZN3vex4task6_indexEPFivE
                0x03804e4c       0x14 c:\Users\24_nyocum\AppData\Roaming\Code\User\globalStorage\vexrobotics.vexcode\sdk\cpp\V5\V5_20220726_10_00_00/vexv5\libv5rt.a(vex_task.cpp.obj)
                0x03804e4c                vex::task::_index(int (*)())
 .text._ZN3vex4task8_stopAllEv
                0x03804e60       0x3c c:\Users\24_nyocum\AppData\Roaming\Code\User\globalStorage\vexrobotics.vexcode\sdk\cpp\V5\V5_20220726_10_00_00/vexv5\libv5rt.a(vex_task.cpp.obj)
                0x03804e60                vex::task::_stopAll()
 .text._ZN3vex6threadC2EPFivE
                0x03804e9c       0x5c c:\Users\24_nyocum\AppData\Roaming\Code\User\globalStorage\vexrobotics.vexcode\sdk\cpp\V5\V5_20220726_10_00_00/vexv5\libv5rt.a(vex_thread.cpp.obj)
                0x03804e9c                vex::thread::thread(int (*)())
                0x03804e9c                vex::thread::thread(int (*)())
 .text._ZN3vex6threadD2Ev
                0x03804ef8        0x4 c:\Users\24_nyocum\AppData\Roaming\Code\User\globalStorage\vexrobotics.vexcode\sdk\cpp\V5\V5_20220726_10_00_00/vexv5\libv5rt.a(vex_thread.cpp.obj)
                0x03804ef8                vex::thread::~thread()
                0x03804ef8                vex::thread::~thread()
 .text._ZN3vex11this_thread9sleep_forEm
                0x03804efc        0x4 c:\Users\24_nyocum\AppData\Roaming\Code\User\globalStorage\vexrobotics.vexcode\sdk\cpp\V5\V5_20220726_10_00_00/vexv5\libv5rt.a(vex_thread.cpp.obj)
                0x03804efc                vex::this_thread::sleep_for(unsigned long)
 .text._ZN3vex5event4initEmmPFvvE
                0x03804f00        0x4 c:\Users\24_nyocum\AppData\Roaming\Code\User\globalStorage\vexrobotics.vexcode\sdk\cpp\V5\V5_20220726_10_00_00/vexv5\libv5rt.a(vex_event.cpp.obj)
                0x03804f00                vex::event::init(unsigned long, unsigned long, void (*)())
 .text._ZN3vex5event4initEmmPFvPvES1_
                0x03804f04        0x4 c:\Users\24_nyocum\AppData\Roaming\Code\User\globalStorage\vexrobotics.vexcode\sdk\cpp\V5\V5_20220726_10_00_00/vexv5\libv5rt.a(vex_event.cpp.obj)
                0x03804f04                vex::event::init(unsigned long, unsigned long, void (*)(void*), void*)
 .text._ZN3vex5event9userindexEv
                0x03804f08        0x4 c:\Users\24_nyocum\AppData\Roaming\Code\User\globalStorage\vexrobotics.vexcode\sdk\cpp\V5\V5_20220726_10_00_00/vexv5\libv5rt.a(vex_event.cpp.obj)
                0x03804f08                vex::event::userindex()
 .text._ZZN3vex6meventC4EmmENUlvE_4_FUNEv
                0x03804f0c        0x4 c:\Users\24_nyocum\AppData\Roaming\Code\User\globalStorage\vexrobotics.vexcode\sdk\cpp\V5\V5_20220726_10_00_00/vexv5\libv5rt.a(vex_mevent.cpp.obj)
 .text._ZN3vex6meventC2Emm
                0x03804f10       0x70 c:\Users\24_nyocum\AppData\Roaming\Code\User\globalStorage\vexrobotics.vexcode\sdk\cpp\V5\V5_20220726_10_00_00/vexv5\libv5rt.a(vex_mevent.cpp.obj)
                0x03804f10                vex::mevent::mevent(unsigned long, unsigned long)
                0x03804f10                vex::mevent::mevent(unsigned long, unsigned long)
 .text._ZN3vex5brain9_getIndexEv
                0x03804f80       0x10 c:\Users\24_nyocum\AppData\Roaming\Code\User\globalStorage\vexrobotics.vexcode\sdk\cpp\V5\V5_20220726_10_00_00/vexv5\libv5rt.a(vex_brain.cpp.obj)
                0x03804f80                vex::brain::_getIndex()
 .text._ZN3vex5brain3lcd9setCursorEll
                0x03804f90       0x44 c:\Users\24_nyocum\AppData\Roaming\Code\User\globalStorage\vexrobotics.vexcode\sdk\cpp\V5\V5_20220726_10_00_00/vexv5\libv5rt.a(vex_brain.cpp.obj)
                0x03804f90                vex::brain::lcd::setCursor(long, long)
 .text._ZN3vex5brain3lcd7setFontENS_8fontTypeE
                0x03804fd4      0x23c c:\Users\24_nyocum\AppData\Roaming\Code\User\globalStorage\vexrobotics.vexcode\sdk\cpp\V5\V5_20220726_10_00_00/vexv5\libv5rt.a(vex_brain.cpp.obj)
                0x03804fd4                vex::brain::lcd::setFont(vex::fontType)
 .text._ZN3vex5brain3lcdC2Ev
                0x03805210       0x94 c:\Users\24_nyocum\AppData\Roaming\Code\User\globalStorage\vexrobotics.vexcode\sdk\cpp\V5\V5_20220726_10_00_00/vexv5\libv5rt.a(vex_brain.cpp.obj)
                0x03805210                vex::brain::lcd::lcd()
                0x03805210                vex::brain::lcd::lcd()
 .text._ZN3vex5brainC2Ev
                0x038052a4       0x3c c:\Users\24_nyocum\AppData\Roaming\Code\User\globalStorage\vexrobotics.vexcode\sdk\cpp\V5\V5_20220726_10_00_00/vexv5\libv5rt.a(vex_brain.cpp.obj)
                0x038052a4                vex::brain::brain()
                0x038052a4                vex::brain::brain()
 .text._ZN3vex5brain3lcd11setPenColorERKNS_5colorE
                0x038052e0       0x14 c:\Users\24_nyocum\AppData\Roaming\Code\User\globalStorage\vexrobotics.vexcode\sdk\cpp\V5\V5_20220726_10_00_00/vexv5\libv5rt.a(vex_brain.cpp.obj)
                0x038052e0                vex::brain::lcd::setPenColor(vex::color const&)
 .text._ZN3vex5brain3lcd12setFillColorERKNS_5colorE
                0x038052f4       0x38 c:\Users\24_nyocum\AppData\Roaming\Code\User\globalStorage\vexrobotics.vexcode\sdk\cpp\V5\V5_20220726_10_00_00/vexv5\libv5rt.a(vex_brain.cpp.obj)
                0x038052f4                vex::brain::lcd::setFillColor(vex::color const&)
 .text._ZN3vex5brain3lcd12_clearScreenEm
                0x0380532c       0x38 c:\Users\24_nyocum\AppData\Roaming\Code\User\globalStorage\vexrobotics.vexcode\sdk\cpp\V5\V5_20220726_10_00_00/vexv5\libv5rt.a(vex_brain.cpp.obj)
                0x0380532c                vex::brain::lcd::_clearScreen(unsigned long)
 .text._ZN3vex5brain3lcd11clearScreenERKNS_5colorE
                0x03805364       0x20 c:\Users\24_nyocum\AppData\Roaming\Code\User\globalStorage\vexrobotics.vexcode\sdk\cpp\V5\V5_20220726_10_00_00/vexv5\libv5rt.a(vex_brain.cpp.obj)
                0x03805364                vex::brain::lcd::clearScreen(vex::color const&)
 .text._ZN3vex5brain3lcd11clearScreenEv
                0x03805384       0x2c c:\Users\24_nyocum\AppData\Roaming\Code\User\globalStorage\vexrobotics.vexcode\sdk\cpp\V5\V5_20220726_10_00_00/vexv5\libv5rt.a(vex_brain.cpp.obj)
                0x03805384                vex::brain::lcd::clearScreen()
 .text._ZN3vex5brain3lcd13drawRectangleEiiii
                0x038053b0       0xdc c:\Users\24_nyocum\AppData\Roaming\Code\User\globalStorage\vexrobotics.vexcode\sdk\cpp\V5\V5_20220726_10_00_00/vexv5\libv5rt.a(vex_brain.cpp.obj)
                0x038053b0                vex::brain::lcd::drawRectangle(int, int, int, int)
 .text._ZN3vex5brain3lcd14_drawRectangleEiiiim
                0x0380548c       0x74 c:\Users\24_nyocum\AppData\Roaming\Code\User\globalStorage\vexrobotics.vexcode\sdk\cpp\V5\V5_20220726_10_00_00/vexv5\libv5rt.a(vex_brain.cpp.obj)
                0x0380548c                vex::brain::lcd::_drawRectangle(int, int, int, int, unsigned long)
 .text._ZN3vex5brain3lcd13drawRectangleEiiiiRKNS_5colorE
                0x03805500       0x68 c:\Users\24_nyocum\AppData\Roaming\Code\User\globalStorage\vexrobotics.vexcode\sdk\cpp\V5\V5_20220726_10_00_00/vexv5\libv5rt.a(vex_brain.cpp.obj)
                0x03805500                vex::brain::lcd::drawRectangle(int, int, int, int, vex::color const&)
 .text._ZN3vex5brain3lcd9xPositionEv
                0x03805568       0x24 c:\Users\24_nyocum\AppData\Roaming\Code\User\globalStorage\vexrobotics.vexcode\sdk\cpp\V5\V5_20220726_10_00_00/vexv5\libv5rt.a(vex_brain.cpp.obj)
                0x03805568                vex::brain::lcd::xPosition()
 .text._ZN3vex5brain3lcd9yPositionEv
                0x0380558c       0x24 c:\Users\24_nyocum\AppData\Roaming\Code\User\globalStorage\vexrobotics.vexcode\sdk\cpp\V5\V5_20220726_10_00_00/vexv5\libv5rt.a(vex_brain.cpp.obj)
                0x0380558c                vex::brain::lcd::yPosition()
 .text._ZN3vex5brain3lcd8pressingEv
                0x038055b0       0x20 c:\Users\24_nyocum\AppData\Roaming\Code\User\globalStorage\vexrobotics.vexcode\sdk\cpp\V5\V5_20220726_10_00_00/vexv5\libv5rt.a(vex_brain.cpp.obj)
                0x038055b0                vex::brain::lcd::pressing()
 .text._ZN3vex5brain3lcd10rowToPixelEl
                0x038055d0       0x34 c:\Users\24_nyocum\AppData\Roaming\Code\User\globalStorage\vexrobotics.vexcode\sdk\cpp\V5\V5_20220726_10_00_00/vexv5\libv5rt.a(vex_brain.cpp.obj)
                0x038055d0                vex::brain::lcd::rowToPixel(long)
 .text._ZN3vex5brain3lcd5printEPKcz
                0x03805604       0xb8 c:\Users\24_nyocum\AppData\Roaming\Code\User\globalStorage\vexrobotics.vexcode\sdk\cpp\V5\V5_20220726_10_00_00/vexv5\libv5rt.a(vex_brain.cpp.obj)
                0x03805604                vex::brain::lcd::print(char const*, ...)
 .text._ZN3vex5brainD2Ev
                0x038056bc       0x20 c:\Users\24_nyocum\AppData\Roaming\Code\User\globalStorage\vexrobotics.vexcode\sdk\cpp\V5\V5_20220726_10_00_00/vexv5\libv5rt.a(vex_brain.cpp.obj)
                0x038056bc                vex::brain::~brain()
                0x038056bc                vex::brain::~brain()
 .text._ZN3vex11competition8_disableEPv
                0x038056dc       0xa4 c:\Users\24_nyocum\AppData\Roaming\Code\User\globalStorage\vexrobotics.vexcode\sdk\cpp\V5\V5_20220726_10_00_00/vexv5\libv5rt.a(vex_competition.cpp.obj)
                0x038056dc                vex::competition::_disable(void*)
 .text._ZN3vex11competition11_autonomousEv
                0x03805780       0x80 c:\Users\24_nyocum\AppData\Roaming\Code\User\globalStorage\vexrobotics.vexcode\sdk\cpp\V5\V5_20220726_10_00_00/vexv5\libv5rt.a(vex_competition.cpp.obj)
                0x03805780                vex::competition::_autonomous()
 .text._ZN3vex11competition14_drivercontrolEv
                0x03805800       0x80 c:\Users\24_nyocum\AppData\Roaming\Code\User\globalStorage\vexrobotics.vexcode\sdk\cpp\V5\V5_20220726_10_00_00/vexv5\libv5rt.a(vex_competition.cpp.obj)
                0x03805800                vex::competition::_drivercontrol()
 .text._ZN3vex11competitionC2Ev
                0x03805880      0x13c c:\Users\24_nyocum\AppData\Roaming\Code\User\globalStorage\vexrobotics.vexcode\sdk\cpp\V5\V5_20220726_10_00_00/vexv5\libv5rt.a(vex_competition.cpp.obj)
                0x03805880                vex::competition::competition()
                0x03805880                vex::competition::competition()
 .text._ZN3vex11competitionD2Ev
                0x038059bc        0x4 c:\Users\24_nyocum\AppData\Roaming\Code\User\globalStorage\vexrobotics.vexcode\sdk\cpp\V5\V5_20220726_10_00_00/vexv5\libv5rt.a(vex_competition.cpp.obj)
                0x038059bc                vex::competition::~competition()
                0x038059bc                vex::competition::~competition()
 .text._ZN3vex11competition10autonomousEPFvvE
                0x038059c0       0x44 c:\Users\24_nyocum\AppData\Roaming\Code\User\globalStorage\vexrobotics.vexcode\sdk\cpp\V5\V5_20220726_10_00_00/vexv5\libv5rt.a(vex_competition.cpp.obj)
                0x038059c0                vex::competition::autonomous(void (*)())
 .text._ZN3vex11competition13drivercontrolEPFvvE
                0x03805a04       0x44 c:\Users\24_nyocum\AppData\Roaming\Code\User\globalStorage\vexrobotics.vexcode\sdk\cpp\V5\V5_20220726_10_00_00/vexv5\libv5rt.a(vex_competition.cpp.obj)
                0x03805a04                vex::competition::drivercontrol(void (*)())
 .text._ZN3vex7triportD2Ev
                0x03805a48       0x38 c:\Users\24_nyocum\AppData\Roaming\Code\User\globalStorage\vexrobotics.vexcode\sdk\cpp\V5\V5_20220726_10_00_00/vexv5\libv5rt.a(vex_triport.cpp.obj)
                0x03805a48                vex::triport::~triport()
                0x03805a48                vex::triport::~triport()
 .text._ZN3vex7triportD0Ev
                0x03805a80       0x1c c:\Users\24_nyocum\AppData\Roaming\Code\User\globalStorage\vexrobotics.vexcode\sdk\cpp\V5\V5_20220726_10_00_00/vexv5\libv5rt.a(vex_triport.cpp.obj)
                0x03805a80                vex::triport::~triport()
 .text._ZN3vex7triport9installedEv
                0x03805a9c       0x18 c:\Users\24_nyocum\AppData\Roaming\Code\User\globalStorage\vexrobotics.vexcode\sdk\cpp\V5\V5_20220726_10_00_00/vexv5\libv5rt.a(vex_triport.cpp.obj)
                0x03805a9c                vex::triport::installed()
 .text._ZN3vex7triport4portC2ElPS0_
                0x03805ab4       0x74 c:\Users\24_nyocum\AppData\Roaming\Code\User\globalStorage\vexrobotics.vexcode\sdk\cpp\V5\V5_20220726_10_00_00/vexv5\libv5rt.a(vex_triport.cpp.obj)
                0x03805ab4                vex::triport::port::port(long, vex::triport*)
                0x03805ab4                vex::triport::port::port(long, vex::triport*)
 .text._ZN3vex7triportC2El
                0x03805b28       0xf0 c:\Users\24_nyocum\AppData\Roaming\Code\User\globalStorage\vexrobotics.vexcode\sdk\cpp\V5\V5_20220726_10_00_00/vexv5\libv5rt.a(vex_triport.cpp.obj)
                0x03805b28                vex::triport::triport(long)
                0x03805b28                vex::triport::triport(long)
 .text._ZN3vex7triport4port4typeENS_11triportTypeE
                0x03805c18       0x30 c:\Users\24_nyocum\AppData\Roaming\Code\User\globalStorage\vexrobotics.vexcode\sdk\cpp\V5\V5_20220726_10_00_00/vexv5\libv5rt.a(vex_triport.cpp.obj)
                0x03805c18                vex::triport::port::type(vex::triportType)
 .text._ZN3vex7triport4port4typeEv
                0x03805c48       0x38 c:\Users\24_nyocum\AppData\Roaming\Code\User\globalStorage\vexrobotics.vexcode\sdk\cpp\V5\V5_20220726_10_00_00/vexv5\libv5rt.a(vex_triport.cpp.obj)
                0x03805c48                vex::triport::port::type()
 .text._ZN3vex7triport4port5valueEv
                0x03805c80       0x14 c:\Users\24_nyocum\AppData\Roaming\Code\User\globalStorage\vexrobotics.vexcode\sdk\cpp\V5\V5_20220726_10_00_00/vexv5\libv5rt.a(vex_triport.cpp.obj)
                0x03805c80                vex::triport::port::value()
 .text._ZN3vex7triport4port5valueEl
                0x03805c94       0x18 c:\Users\24_nyocum\AppData\Roaming\Code\User\globalStorage\vexrobotics.vexcode\sdk\cpp\V5\V5_20220726_10_00_00/vexv5\libv5rt.a(vex_triport.cpp.obj)
                0x03805c94                vex::triport::port::value(long)
 *fill*         0x03805cac        0x4 
 .text._ZN3vex7triport4port8rotationENS_13rotationUnitsE
                0x03805cb0       0x40 c:\Users\24_nyocum\AppData\Roaming\Code\User\globalStorage\vexrobotics.vexcode\sdk\cpp\V5\V5_20220726_10_00_00/vexv5\libv5rt.a(vex_triport.cpp.obj)
                0x03805cb0                vex::triport::port::rotation(vex::rotationUnits)
 .text._ZN3vex11__trideviceC2ERNS_7triport4portENS_11triportTypeE
                0x03805cf0       0x5c c:\Users\24_nyocum\AppData\Roaming\Code\User\globalStorage\vexrobotics.vexcode\sdk\cpp\V5\V5_20220726_10_00_00/vexv5\libv5rt.a(vex_triport.cpp.obj)
                0x03805cf0                vex::__tridevice::__tridevice(vex::triport::port&, vex::triportType)
                0x03805cf0                vex::__tridevice::__tridevice(vex::triport::port&, vex::triportType)
 .text._ZN3vex11digital_outC2ERNS_7triport4portE
                0x03805d4c       0x18 c:\Users\24_nyocum\AppData\Roaming\Code\User\globalStorage\vexrobotics.vexcode\sdk\cpp\V5\V5_20220726_10_00_00/vexv5\libv5rt.a(vex_triport.cpp.obj)
                0x03805d4c                vex::digital_out::digital_out(vex::triport::port&)
                0x03805d4c                vex::digital_out::digital_out(vex::triport::port&)
 .text._ZN3vex11digital_out5valueEv
                0x03805d64        0x8 c:\Users\24_nyocum\AppData\Roaming\Code\User\globalStorage\vexrobotics.vexcode\sdk\cpp\V5\V5_20220726_10_00_00/vexv5\libv5rt.a(vex_triport.cpp.obj)
                0x03805d64                vex::digital_out::value()
 .text._ZN3vex11digital_out3setEb
                0x03805d6c        0x8 c:\Users\24_nyocum\AppData\Roaming\Code\User\globalStorage\vexrobotics.vexcode\sdk\cpp\V5\V5_20220726_10_00_00/vexv5\libv5rt.a(vex_triport.cpp.obj)
                0x03805d6c                vex::digital_out::set(bool)
 .text._ZN3vex10pneumaticsC2ERNS_7triport4portE
                0x03805d74       0x14 c:\Users\24_nyocum\AppData\Roaming\Code\User\globalStorage\vexrobotics.vexcode\sdk\cpp\V5\V5_20220726_10_00_00/vexv5\libv5rt.a(vex_triport.cpp.obj)
                0x03805d74                vex::pneumatics::pneumatics(vex::triport::port&)
                0x03805d74                vex::pneumatics::pneumatics(vex::triport::port&)
 .text._ZN3vex10pneumaticsD2Ev
                0x03805d88        0x4 c:\Users\24_nyocum\AppData\Roaming\Code\User\globalStorage\vexrobotics.vexcode\sdk\cpp\V5\V5_20220726_10_00_00/vexv5\libv5rt.a(vex_triport.cpp.obj)
                0x03805d88                vex::pneumatics::~pneumatics()
                0x03805d88                vex::pneumatics::~pneumatics()
 .text._ZN3vex10pneumatics4openEv
                0x03805d8c        0x8 c:\Users\24_nyocum\AppData\Roaming\Code\User\globalStorage\vexrobotics.vexcode\sdk\cpp\V5\V5_20220726_10_00_00/vexv5\libv5rt.a(vex_triport.cpp.obj)
                0x03805d8c                vex::pneumatics::open()
 .text._ZN3vex10pneumatics5closeEv
                0x03805d94        0x8 c:\Users\24_nyocum\AppData\Roaming\Code\User\globalStorage\vexrobotics.vexcode\sdk\cpp\V5\V5_20220726_10_00_00/vexv5\libv5rt.a(vex_triport.cpp.obj)
                0x03805d94                vex::pneumatics::close()
 .text._ZN3vex7encoderC2ERNS_7triport4portE
                0x03805d9c       0x20 c:\Users\24_nyocum\AppData\Roaming\Code\User\globalStorage\vexrobotics.vexcode\sdk\cpp\V5\V5_20220726_10_00_00/vexv5\libv5rt.a(vex_triport.cpp.obj)
                0x03805d9c                vex::encoder::encoder(vex::triport::port&)
                0x03805d9c                vex::encoder::encoder(vex::triport::port&)
 .text._ZN3vex7encoderD2Ev
                0x03805dbc        0x4 c:\Users\24_nyocum\AppData\Roaming\Code\User\globalStorage\vexrobotics.vexcode\sdk\cpp\V5\V5_20220726_10_00_00/vexv5\libv5rt.a(vex_triport.cpp.obj)
                0x03805dbc                vex::encoder::~encoder()
                0x03805dbc                vex::encoder::~encoder()
 .text._ZN3vex7encoder8positionENS_13rotationUnitsE
                0x03805dc0        0x8 c:\Users\24_nyocum\AppData\Roaming\Code\User\globalStorage\vexrobotics.vexcode\sdk\cpp\V5\V5_20220726_10_00_00/vexv5\libv5rt.a(vex_triport.cpp.obj)
                0x03805dc0                vex::encoder::position(vex::rotationUnits)
 .text._ZN3vex5colorD2Ev
                0x03805dc8        0x4 c:\Users\24_nyocum\AppData\Roaming\Code\User\globalStorage\vexrobotics.vexcode\sdk\cpp\V5\V5_20220726_10_00_00/vexv5\libv5rt.a(vex_color.cpp.obj)
                0x03805dc8                vex::color::~color()
                0x03805dc8                vex::color::~color()
 .text._ZNK3vex5colorcvmEv
                0x03805dcc        0x8 c:\Users\24_nyocum\AppData\Roaming\Code\User\globalStorage\vexrobotics.vexcode\sdk\cpp\V5\V5_20220726_10_00_00/vexv5\libv5rt.a(vex_color.cpp.obj)
                0x03805dcc                vex::color::operator unsigned long() const
 .text._ZNK3vex5color13isTransparentEv
                0x03805dd4        0x8 c:\Users\24_nyocum\AppData\Roaming\Code\User\globalStorage\vexrobotics.vexcode\sdk\cpp\V5\V5_20220726_10_00_00/vexv5\libv5rt.a(vex_color.cpp.obj)
                0x03805dd4                vex::color::isTransparent() const
 .text.startup._GLOBAL__sub_I__ZN3vex5color5blackE
                0x03805ddc      0x164 c:\Users\24_nyocum\AppData\Roaming\Code\User\globalStorage\vexrobotics.vexcode\sdk\cpp\V5\V5_20220726_10_00_00/vexv5\libv5rt.a(vex_color.cpp.obj)
 .text._ZN3vex5timerD2Ev
                0x03805f40        0x4 c:\Users\24_nyocum\AppData\Roaming\Code\User\globalStorage\vexrobotics.vexcode\sdk\cpp\V5\V5_20220726_10_00_00/vexv5\libv5rt.a(vex_timer.cpp.obj)
                0x03805f40                vex::timer::~timer()
                0x03805f40                vex::timer::~timer()
 .text._ZN3vex5timer5clearEv
                0x03805f44       0x1c c:\Users\24_nyocum\AppData\Roaming\Code\User\globalStorage\vexrobotics.vexcode\sdk\cpp\V5\V5_20220726_10_00_00/vexv5\libv5rt.a(vex_timer.cpp.obj)
                0x03805f44                vex::timer::clear()
 .text._ZN3vex5timerC2Ev
                0x03805f60       0x14 c:\Users\24_nyocum\AppData\Roaming\Code\User\globalStorage\vexrobotics.vexcode\sdk\cpp\V5\V5_20220726_10_00_00/vexv5\libv5rt.a(vex_timer.cpp.obj)
                0x03805f60                vex::timer::timer()
                0x03805f60                vex::timer::timer()
 .text._ZN3vex11motor_group18motor_group_motorsC2Ev
                0x03805f74       0x28 c:\Users\24_nyocum\AppData\Roaming\Code\User\globalStorage\vexrobotics.vexcode\sdk\cpp\V5\V5_20220726_10_00_00/vexv5\libv5rt.a(vex_motorgroup.cpp.obj)
                0x03805f74                vex::motor_group::motor_group_motors::motor_group_motors()
                0x03805f74                vex::motor_group::motor_group_motors::motor_group_motors()
 .text._ZN3vex11motor_group18motor_group_motorsC2ERKS1_
                0x03805f9c       0x20 c:\Users\24_nyocum\AppData\Roaming\Code\User\globalStorage\vexrobotics.vexcode\sdk\cpp\V5\V5_20220726_10_00_00/vexv5\libv5rt.a(vex_motorgroup.cpp.obj)
                0x03805f9c                vex::motor_group::motor_group_motors::motor_group_motors(vex::motor_group::motor_group_motors const&)
                0x03805f9c                vex::motor_group::motor_group_motors::motor_group_motors(vex::motor_group::motor_group_motors const&)
 .text._ZN3vex11motor_groupC2Ev
                0x03805fbc       0x1c c:\Users\24_nyocum\AppData\Roaming\Code\User\globalStorage\vexrobotics.vexcode\sdk\cpp\V5\V5_20220726_10_00_00/vexv5\libv5rt.a(vex_motorgroup.cpp.obj)
                0x03805fbc                vex::motor_group::motor_group()
                0x03805fbc                vex::motor_group::motor_group()
 .text._ZN3vex11motor_groupD2Ev
                0x03805fd8        0x4 c:\Users\24_nyocum\AppData\Roaming\Code\User\globalStorage\vexrobotics.vexcode\sdk\cpp\V5\V5_20220726_10_00_00/vexv5\libv5rt.a(vex_motorgroup.cpp.obj)
                0x03805fd8                vex::motor_group::~motor_group()
                0x03805fd8                vex::motor_group::~motor_group()
 .text._ZN3vex11motor_group9_addMotorERNS_5motorE
                0x03805fdc       0x20 c:\Users\24_nyocum\AppData\Roaming\Code\User\globalStorage\vexrobotics.vexcode\sdk\cpp\V5\V5_20220726_10_00_00/vexv5\libv5rt.a(vex_motorgroup.cpp.obj)
                0x03805fdc                vex::motor_group::_addMotor(vex::motor&)
 .text._ZN3vex11motor_group4spinENS_13directionTypeEdNS_12voltageUnitsE
                0x03805ffc       0x54 c:\Users\24_nyocum\AppData\Roaming\Code\User\globalStorage\vexrobotics.vexcode\sdk\cpp\V5\V5_20220726_10_00_00/vexv5\libv5rt.a(vex_motorgroup.cpp.obj)
                0x03805ffc                vex::motor_group::spin(vex::directionType, double, vex::voltageUnits)
 .text._ZN3vex11motor_group4stopENS_9brakeTypeE
                0x03806050       0x38 c:\Users\24_nyocum\AppData\Roaming\Code\User\globalStorage\vexrobotics.vexcode\sdk\cpp\V5\V5_20220726_10_00_00/vexv5\libv5rt.a(vex_motorgroup.cpp.obj)
                0x03806050                vex::motor_group::stop(vex::brakeType)
 .text._ZN3vex11motor_group8positionENS_13rotationUnitsE
                0x03806088        0xc c:\Users\24_nyocum\AppData\Roaming\Code\User\globalStorage\vexrobotics.vexcode\sdk\cpp\V5\V5_20220726_10_00_00/vexv5\libv5rt.a(vex_motorgroup.cpp.obj)
                0x03806088                vex::motor_group::position(vex::rotationUnits)
 .text.vexAdiPortConfigSet
                0x03806094       0x28 c:\Users\24_nyocum\AppData\Roaming\Code\User\globalStorage\vexrobotics.vexcode\sdk\cpp\V5\V5_20220726_10_00_00/vexv5\libv5rt.a(v5_apiuser.c.obj)
                0x03806094                vexAdiPortConfigSet
 .text.vexAdiPortConfigGet
                0x038060bc       0x28 c:\Users\24_nyocum\AppData\Roaming\Code\User\globalStorage\vexrobotics.vexcode\sdk\cpp\V5\V5_20220726_10_00_00/vexv5\libv5rt.a(v5_apiuser.c.obj)
                0x038060bc                vexAdiPortConfigGet
 .text.vexAdiValueSet
                0x038060e4       0x28 c:\Users\24_nyocum\AppData\Roaming\Code\User\globalStorage\vexrobotics.vexcode\sdk\cpp\V5\V5_20220726_10_00_00/vexv5\libv5rt.a(v5_apiuser.c.obj)
                0x038060e4                vexAdiValueSet
 .text.vexAdiValueGet
                0x0380610c       0x20 c:\Users\24_nyocum\AppData\Roaming\Code\User\globalStorage\vexrobotics.vexcode\sdk\cpp\V5\V5_20220726_10_00_00/vexv5\libv5rt.a(v5_apiuser.c.obj)
                0x0380610c                vexAdiValueGet
 .text.vexMotorVelocitySet
                0x0380612c       0x20 c:\Users\24_nyocum\AppData\Roaming\Code\User\globalStorage\vexrobotics.vexcode\sdk\cpp\V5\V5_20220726_10_00_00/vexv5\libv5rt.a(v5_apiuser.c.obj)
                0x0380612c                vexMotorVelocitySet
 .text.vexMotorVoltageSet
                0x0380614c       0x20 c:\Users\24_nyocum\AppData\Roaming\Code\User\globalStorage\vexrobotics.vexcode\sdk\cpp\V5\V5_20220726_10_00_00/vexv5\libv5rt.a(v5_apiuser.c.obj)
                0x0380614c                vexMotorVoltageSet
 .text.vexMotorActualVelocityGet
                0x0380616c       0x24 c:\Users\24_nyocum\AppData\Roaming\Code\User\globalStorage\vexrobotics.vexcode\sdk\cpp\V5\V5_20220726_10_00_00/vexv5\libv5rt.a(v5_apiuser.c.obj)
                0x0380616c                vexMotorActualVelocityGet
 .text.vexMotorReverseFlagSet
                0x03806190       0x20 c:\Users\24_nyocum\AppData\Roaming\Code\User\globalStorage\vexrobotics.vexcode\sdk\cpp\V5\V5_20220726_10_00_00/vexv5\libv5rt.a(v5_apiuser.c.obj)
                0x03806190                vexMotorReverseFlagSet
 .text.vexMotorEncoderUnitsSet
                0x038061b0       0x20 c:\Users\24_nyocum\AppData\Roaming\Code\User\globalStorage\vexrobotics.vexcode\sdk\cpp\V5\V5_20220726_10_00_00/vexv5\libv5rt.a(v5_apiuser.c.obj)
                0x038061b0                vexMotorEncoderUnitsSet
 .text.vexMotorBrakeModeSet
                0x038061d0       0x20 c:\Users\24_nyocum\AppData\Roaming\Code\User\globalStorage\vexrobotics.vexcode\sdk\cpp\V5\V5_20220726_10_00_00/vexv5\libv5rt.a(v5_apiuser.c.obj)
                0x038061d0                vexMotorBrakeModeSet
 .text.vexMotorPositionSet
                0x038061f0       0x28 c:\Users\24_nyocum\AppData\Roaming\Code\User\globalStorage\vexrobotics.vexcode\sdk\cpp\V5\V5_20220726_10_00_00/vexv5\libv5rt.a(v5_apiuser.c.obj)
                0x038061f0                vexMotorPositionSet
 .text.vexMotorPositionGet
                0x03806218       0x24 c:\Users\24_nyocum\AppData\Roaming\Code\User\globalStorage\vexrobotics.vexcode\sdk\cpp\V5\V5_20220726_10_00_00/vexv5\libv5rt.a(v5_apiuser.c.obj)
                0x03806218                vexMotorPositionGet
 .text.vexMotorGearingSet
                0x0380623c       0x20 c:\Users\24_nyocum\AppData\Roaming\Code\User\globalStorage\vexrobotics.vexcode\sdk\cpp\V5\V5_20220726_10_00_00/vexv5\libv5rt.a(v5_apiuser.c.obj)
                0x0380623c                vexMotorGearingSet
 .text.vexMotorGearingGet
                0x0380625c       0x18 c:\Users\24_nyocum\AppData\Roaming\Code\User\globalStorage\vexrobotics.vexcode\sdk\cpp\V5\V5_20220726_10_00_00/vexv5\libv5rt.a(v5_apiuser.c.obj)
                0x0380625c                vexMotorGearingGet
 .text.vexVisionModeSet
                0x03806274       0x20 c:\Users\24_nyocum\AppData\Roaming\Code\User\globalStorage\vexrobotics.vexcode\sdk\cpp\V5\V5_20220726_10_00_00/vexv5\libv5rt.a(v5_apiuser.c.obj)
                0x03806274                vexVisionModeSet
 .text.vexVisionObjectCountGet
                0x03806294       0x18 c:\Users\24_nyocum\AppData\Roaming\Code\User\globalStorage\vexrobotics.vexcode\sdk\cpp\V5\V5_20220726_10_00_00/vexv5\libv5rt.a(v5_apiuser.c.obj)
                0x03806294                vexVisionObjectCountGet
 .text.vexVisionObjectGet
                0x038062ac       0x28 c:\Users\24_nyocum\AppData\Roaming\Code\User\globalStorage\vexrobotics.vexcode\sdk\cpp\V5\V5_20220726_10_00_00/vexv5\libv5rt.a(v5_apiuser.c.obj)
                0x038062ac                vexVisionObjectGet
 .text.vexVisionSignatureSet
                0x038062d4       0x20 c:\Users\24_nyocum\AppData\Roaming\Code\User\globalStorage\vexrobotics.vexcode\sdk\cpp\V5\V5_20220726_10_00_00/vexv5\libv5rt.a(v5_apiuser.c.obj)
                0x038062d4                vexVisionSignatureSet
 .text.vexVisionBrightnessSet
                0x038062f4       0x20 c:\Users\24_nyocum\AppData\Roaming\Code\User\globalStorage\vexrobotics.vexcode\sdk\cpp\V5\V5_20220726_10_00_00/vexv5\libv5rt.a(v5_apiuser.c.obj)
                0x038062f4                vexVisionBrightnessSet
 .text.vexVisionLedModeSet
                0x03806314       0x20 c:\Users\24_nyocum\AppData\Roaming\Code\User\globalStorage\vexrobotics.vexcode\sdk\cpp\V5\V5_20220726_10_00_00/vexv5\libv5rt.a(v5_apiuser.c.obj)
                0x03806314                vexVisionLedModeSet
 .text.vexVisionLedColorSet
                0x03806334       0x2c c:\Users\24_nyocum\AppData\Roaming\Code\User\globalStorage\vexrobotics.vexcode\sdk\cpp\V5\V5_20220726_10_00_00/vexv5\libv5rt.a(v5_apiuser.c.obj)
                0x03806334                vexVisionLedColorSet
 .text.vexImuReset
                0x03806360       0x10 c:\Users\24_nyocum\AppData\Roaming\Code\User\globalStorage\vexrobotics.vexcode\sdk\cpp\V5\V5_20220726_10_00_00/vexv5\libv5rt.a(v5_apiuser.c.obj)
                0x03806360                vexImuReset
 .text.vexImuHeadingGet
                0x03806370       0x10 c:\Users\24_nyocum\AppData\Roaming\Code\User\globalStorage\vexrobotics.vexcode\sdk\cpp\V5\V5_20220726_10_00_00/vexv5\libv5rt.a(v5_apiuser.c.obj)
                0x03806370                vexImuHeadingGet
 .text.vexImuDegreesGet
                0x03806380       0x10 c:\Users\24_nyocum\AppData\Roaming\Code\User\globalStorage\vexrobotics.vexcode\sdk\cpp\V5\V5_20220726_10_00_00/vexv5\libv5rt.a(v5_apiuser.c.obj)
                0x03806380                vexImuDegreesGet
 .text.vexImuStatusGet
                0x03806390       0x10 c:\Users\24_nyocum\AppData\Roaming\Code\User\globalStorage\vexrobotics.vexcode\sdk\cpp\V5\V5_20220726_10_00_00/vexv5\libv5rt.a(v5_apiuser.c.obj)
                0x03806390                vexImuStatusGet
 .text.vexAbsEncPositionGet
                0x038063a0       0x10 c:\Users\24_nyocum\AppData\Roaming\Code\User\globalStorage\vexrobotics.vexcode\sdk\cpp\V5\V5_20220726_10_00_00/vexv5\libv5rt.a(v5_apiuser.c.obj)
                0x038063a0                vexAbsEncPositionGet
 .text.vexAbsEncAngleGet
                0x038063b0       0x10 c:\Users\24_nyocum\AppData\Roaming\Code\User\globalStorage\vexrobotics.vexcode\sdk\cpp\V5\V5_20220726_10_00_00/vexv5\libv5rt.a(v5_apiuser.c.obj)
                0x038063b0                vexAbsEncAngleGet
 .text.vexAbsEncReverseFlagSet
                0x038063c0       0x18 c:\Users\24_nyocum\AppData\Roaming\Code\User\globalStorage\vexrobotics.vexcode\sdk\cpp\V5\V5_20220726_10_00_00/vexv5\libv5rt.a(v5_apiuser.c.obj)
                0x038063c0                vexAbsEncReverseFlagSet
 .text.vexEventMaskSet
                0x038063d8       0x28 c:\Users\24_nyocum\AppData\Roaming\Code\User\globalStorage\vexrobotics.vexcode\sdk\cpp\V5\V5_20220726_10_00_00/vexv5\libv5rt.a(v5_apiuser.c.obj)
                0x038063d8                vexEventMaskSet
 .text.vexEventMaskGet
                0x03806400       0x18 c:\Users\24_nyocum\AppData\Roaming\Code\User\globalStorage\vexrobotics.vexcode\sdk\cpp\V5\V5_20220726_10_00_00/vexv5\libv5rt.a(v5_apiuser.c.obj)
                0x03806400                vexEventMaskGet
 .text._ZN3vex6deviceD2Ev
                0x03806418        0x4 c:\Users\24_nyocum\AppData\Roaming\Code\User\globalStorage\vexrobotics.vexcode\sdk\cpp\V5\V5_20220726_10_00_00/vexv5\libv5rt.a(vex_device.cpp.obj)
                0x03806418                vex::device::~device()
                0x03806418                vex::device::~device()
 .text._ZN3vex6device5valueEv
                0x0380641c        0x8 c:\Users\24_nyocum\AppData\Roaming\Code\User\globalStorage\vexrobotics.vexcode\sdk\cpp\V5\V5_20220726_10_00_00/vexv5\libv5rt.a(vex_device.cpp.obj)
                0x0380641c                vex::device::value()
 .text._ZN3vex6deviceD0Ev
                0x03806424       0x14 c:\Users\24_nyocum\AppData\Roaming\Code\User\globalStorage\vexrobotics.vexcode\sdk\cpp\V5\V5_20220726_10_00_00/vexv5\libv5rt.a(vex_device.cpp.obj)