Archive member included to satisfy reference by file (symbol)

/home/viridian/.config/Code/User/globalStorage/vexrobotics.vexcode/sdk/cpp/V5/V5_20220726_10_00_00/vexv5/libv5rt.a(v5_startup.c.obj)
                              (vexStartup)
/home/viridian/.config/Code/User/globalStorage/vexrobotics.vexcode/sdk/cpp/V5/V5_20220726_10_00_00/vexv5/libv5rt.a(v5_util.c.obj)
                              /home/viridian/.config/Code/User/globalStorage/vexrobotics.vexcode/sdk/cpp/V5/V5_20220726_10_00_00/vexv5/libv5rt.a(v5_startup.c.obj) (vexStdlibVersionLinked)
/home/viridian/.config/Code/User/globalStorage/vexrobotics.vexcode/sdk/cpp/V5/V5_20220726_10_00_00/vexv5/libv5rt.a(v5_apijump.c.obj)
                              /home/viridian/.config/Code/User/globalStorage/vexrobotics.vexcode/sdk/cpp/V5/V5_20220726_10_00_00/vexv5/libv5rt.a(v5_startup.c.obj) (vexPrivateApiEnable)
/home/viridian/.config/Code/User/globalStorage/vexrobotics.vexcode/sdk/cpp/V5/V5_20220726_10_00_00/vexv5/libv5rt.a(v5_apiversions.c.obj)
                              /home/viridian/.config/Code/User/globalStorage/vexrobotics.vexcode/sdk/cpp/V5/V5_20220726_10_00_00/vexv5/libv5rt.a(v5_apijump.c.obj) (vexSystemVersion)
/home/viridian/.config/Code/User/globalStorage/vexrobotics.vexcode/sdk/cpp/V5/V5_20220726_10_00_00/vexv5/libv5rt.a(vex_global.cpp.obj)
                              build/src/main.o (vex::wait(double, vex::timeUnits))
/home/viridian/.config/Code/User/globalStorage/vexrobotics.vexcode/sdk/cpp/V5/V5_20220726_10_00_00/vexv5/libv5rt.a(vex_motor.cpp.obj)
                              build/src/main.o (vex::motor::~motor())
/home/viridian/.config/Code/User/globalStorage/vexrobotics.vexcode/sdk/cpp/V5/V5_20220726_10_00_00/vexv5/libv5rt.a(vex_imu.cpp.obj)
                              build/src/JAR-Template/drive.o (vex::inertial::setRotation(double, vex::rotationUnits))
/home/viridian/.config/Code/User/globalStorage/vexrobotics.vexcode/sdk/cpp/V5/V5_20220726_10_00_00/vexv5/libv5rt.a(vex_rotation.cpp.obj)
                              build/src/main.o (vex::rotation::~rotation())
/home/viridian/.config/Code/User/globalStorage/vexrobotics.vexcode/sdk/cpp/V5/V5_20220726_10_00_00/vexv5/libv5rt.a(vex_controller.cpp.obj)
                              build/src/main.o (vex::controller::~controller())
/home/viridian/.config/Code/User/globalStorage/vexrobotics.vexcode/sdk/cpp/V5/V5_20220726_10_00_00/vexv5/libv5rt.a(vex_task.cpp.obj)
                              build/src/JAR-Template/drive.o (vex::task::task())
/home/viridian/.config/Code/User/globalStorage/vexrobotics.vexcode/sdk/cpp/V5/V5_20220726_10_00_00/vexv5/libv5rt.a(vex_thread.cpp.obj)
                              /home/viridian/.config/Code/User/globalStorage/vexrobotics.vexcode/sdk/cpp/V5/V5_20220726_10_00_00/vexv5/libv5rt.a(vex_global.cpp.obj) (vex::this_thread::sleep_for(unsigned long))
/home/viridian/.config/Code/User/globalStorage/vexrobotics.vexcode/sdk/cpp/V5/V5_20220726_10_00_00/vexv5/libv5rt.a(vex_event.cpp.obj)
                              /home/viridian/.config/Code/User/globalStorage/vexrobotics.vexcode/sdk/cpp/V5/V5_20220726_10_00_00/vexv5/libv5rt.a(vex_imu.cpp.obj) (vex::event::init(unsigned long, unsigned long, void (*)()))
/home/viridian/.config/Code/User/globalStorage/vexrobotics.vexcode/sdk/cpp/V5/V5_20220726_10_00_00/vexv5/libv5rt.a(vex_mevent.cpp.obj)
                              /home/viridian/.config/Code/User/globalStorage/vexrobotics.vexcode/sdk/cpp/V5/V5_20220726_10_00_00/vexv5/libv5rt.a(vex_controller.cpp.obj) (vex::mevent::mevent(unsigned long, unsigned long))
/home/viridian/.config/Code/User/globalStorage/vexrobotics.vexcode/sdk/cpp/V5/V5_20220726_10_00_00/vexv5/libv5rt.a(vex_brain.cpp.obj)
                              build/src/main.o (vex::brain::brain())
/home/viridian/.config/Code/User/globalStorage/vexrobotics.vexcode/sdk/cpp/V5/V5_20220726_10_00_00/vexv5/libv5rt.a(vex_competition.cpp.obj)
                              build/src/main.o (vex::competition::competition())
/home/viridian/.config/Code/User/globalStorage/vexrobotics.vexcode/sdk/cpp/V5/V5_20220726_10_00_00/vexv5/libv5rt.a(vex_triport.cpp.obj)
                              build/src/main.o (vex::triport::~triport())
/home/viridian/.config/Code/User/globalStorage/vexrobotics.vexcode/sdk/cpp/V5/V5_20220726_10_00_00/vexv5/libv5rt.a(vex_color.cpp.obj)
                              /home/viridian/.config/Code/User/globalStorage/vexrobotics.vexcode/sdk/cpp/V5/V5_20220726_10_00_00/vexv5/libv5rt.a(vex_brain.cpp.obj) (vex::color::operator unsigned long() const)
/home/viridian/.config/Code/User/globalStorage/vexrobotics.vexcode/sdk/cpp/V5/V5_20220726_10_00_00/vexv5/libv5rt.a(vex_timer.cpp.obj)
                              /home/viridian/.config/Code/User/globalStorage/vexrobotics.vexcode/sdk/cpp/V5/V5_20220726_10_00_00/vexv5/libv5rt.a(vex_brain.cpp.obj) (vex::timer::~timer())
[...]
Memory Configuration

Name             Origin             Length             Attributes
ps7_ddr_0_S_AXI_BASEADDR 0x0000000003800000 0x0000000004800000
*default*        0x0000000000000000 0xffffffffffffffff

Linker script and memory map

                0x0000000000002000                _STACK_SIZE = DEFINED (_STACK_SIZE)?_STACK_SIZE:0x2000
                0x0000000000100000                _HEAP_SIZE = DEFINED (_HEAP_SIZE)?_HEAP_SIZE:0x100000
                0x0000000000000400                _ABORT_STACK_SIZE = DEFINED (_ABORT_STACK_SIZE)?_ABORT_STACK_SIZE:0x400
                0x0000000000000800                _SUPERVISOR_STACK_SIZE = DEFINED (_SUPERVISOR_STACK_SIZE)?_SUPERVISOR_STACK_SIZE:0x800
                0x0000000000000400                _IRQ_STACK_SIZE = DEFINED (_IRQ_STACK_SIZE)?_IRQ_STACK_SIZE:0x400
                0x0000000000000400                _FIQ_STACK_SIZE = DEFINED (_FIQ_STACK_SIZE)?_FIQ_STACK_SIZE:0x400
                0x0000000000000400                _UNDEF_STACK_SIZE = DEFINED (_UNDEF_STACK_SIZE)?_UNDEF_STACK_SIZE:0x400

.text           0x0000000003800000     0x4688
 *(.vectors)
 *(.boot_data)
 .boot_data     0x0000000003800000       0x20 /home/viridian/.config/Code/User/globalStorage/vexrobotics.vexcode/sdk/cpp/V5/V5_20220726_10_00_00/vexv5/libv5rt.a(v5_startup.c.obj)
                0x0000000003800000                vexCodeSig
                0x0000000000000020                . = 0x20
 *(.boot)
 .boot          0x0000000003800020       0xbc /home/viridian/.config/Code/User/globalStorage/vexrobotics.vexcode/sdk/cpp/V5/V5_20220726_10_00_00/vexv5/libv5rt.a(v5_startup.c.obj)
                0x0000000003800020                vexStartup
                0x0000000003800100                . = ALIGN (0x40)
 *fill*         0x00000000038000dc       0x24 
 *(.freertos_vectors)
 *(.text)
 *(.text.*)
 .text._Z17default_constantsv
                0x0000000003800100      0x108 build/src/autons.o
                0x0000000003800100                default_constants()
 .text._ZN5DriveD2Ev
                0x0000000003800208       0x7c build/src/main.o
                0x0000000003800208                Drive::~Drive()
 .text._Z10motorsHaltv
                0x0000000003800284       0x58 build/src/main.o
                0x0000000003800284                motorsHalt()
 .text._Z14setdtBrakemodeN3vex9brakeTypeE
                0x00000000038002dc       0x50 build/src/main.o
                0x00000000038002dc                setdtBrakemode(vex::brakeType)
 *fill*         0x000000000380032c        0x4 
 .text._Z17ensureCalibrationv
                0x0000000003800330       0x40 build/src/main.o
                0x0000000003800330                ensureCalibration()
 .text._Z9pre_autonv
                0x0000000003800370       0xec build/src/main.o
                0x0000000003800370                pre_auton()
 .text._Z11skillsAutonv
                0x000000000380045c       0x88 build/src/main.o
                0x000000000380045c                skillsAuton()
 .text._Z10autonomousv
                0x00000000038004e4       0x24 build/src/main.o
                0x00000000038004e4                autonomous()
 .text._Z18wingsDeployRetractv
                0x0000000003800508       0x54 build/src/main.o
                0x0000000003800508                wingsDeployRetract()
 *fill*         0x000000000380055c        0x4 
 .text._Z14tankDrive_userv
                0x0000000003800560      0x1f0 build/src/main.o
                0x0000000003800560                tankDrive_user()
 .text._Z11usercontrolv
                0x0000000003800750       0x10 build/src/main.o
                0x0000000003800750                usercontrol()
 .text.main     0x0000000003800760       0x3c build/src/main.o
                0x0000000003800760                main
 .text._GLOBAL__sub_I_main.cpp
                0x000000000380079c      0x418 build/src/main.o
 .text._ZN3PIDC2Efffff
                0x0000000003800bb4       0x2c build/src/JAR-Template/PID.o
                0x0000000003800bb4                PID::PID(float, float, float, float, float)
                0x0000000003800bb4                PID::PID(float, float, float, float, float)
 .text._ZN3PIDC2Effffffff
                0x0000000003800be0       0x44 build/src/JAR-Template/PID.o
                0x0000000003800be0                PID::PID(float, float, float, float, float, float, float, float)
                0x0000000003800be0                PID::PID(float, float, float, float, float, float, float, float)
 .text._ZN3PID7computeEf
                0x0000000003800c24       0xd0 build/src/JAR-Template/PID.o
                0x0000000003800c24                PID::compute(float)
 .text._ZN3PID10is_settledEv
                0x0000000003800cf4       0x44 build/src/JAR-Template/PID.o
                0x0000000003800cf4                PID::is_settled()
 .text._ZN5DriveC2E11drive_setupN3vex11motor_groupES2_ifffiiiiiffiff
                0x0000000003800d38      0x238 build/src/JAR-Template/drive.o
                0x0000000003800d38                Drive::Drive(drive_setup, vex::motor_group, vex::motor_group, int, float, float, float, int, int, int, int, int, float, float, int, float, float)
                0x0000000003800d38                Drive::Drive(drive_setup, vex::motor_group, vex::motor_group, int, float, float, float, int, int, int, int, int, float, float, int, float, float)
 .text._ZN5Drive18drive_with_voltageEff
                0x0000000003800f70       0x6c build/src/JAR-Template/drive.o
                0x0000000003800f70                Drive::drive_with_voltage(float, float)
 .text._ZN5Drive18set_turn_constantsEfffff
                0x0000000003800fdc       0x1c build/src/JAR-Template/drive.o
                0x0000000003800fdc                Drive::set_turn_constants(float, float, float, float, float)
 .text._ZN5Drive19set_drive_constantsEfffff
                0x0000000003800ff8       0x1c build/src/JAR-Template/drive.o
                0x0000000003800ff8                Drive::set_drive_constants(float, float, float, float, float)
 .text._ZN5Drive21set_heading_constantsEfffff
                0x0000000003801014       0x1c build/src/JAR-Template/drive.o
                0x0000000003801014                Drive::set_heading_constants(float, float, float, float, float)
 .text._ZN5Drive19set_swing_constantsEfffff
                0x0000000003801030       0x1c build/src/JAR-Template/drive.o
                0x0000000003801030                Drive::set_swing_constants(float, float, float, float, float)
 .text._ZN5Drive24set_turn_exit_conditionsEfff
                0x000000000380104c        0xc build/src/JAR-Template/drive.o
                0x000000000380104c                Drive::set_turn_exit_conditions(float, float, float)
 .text._ZN5Drive25set_drive_exit_conditionsEfff
                0x0000000003801058        0xc build/src/JAR-Template/drive.o
                0x0000000003801058                Drive::set_drive_exit_conditions(float, float, float)
 .text._ZN5Drive25set_swing_exit_conditionsEfff
                0x0000000003801064        0xc build/src/JAR-Template/drive.o
                0x0000000003801064                Drive::set_swing_exit_conditions(float, float, float)
 .text._ZN5Drive13turn_to_angleEf
                0x0000000003801070       0x50 build/src/JAR-Template/drive.o
                0x0000000003801070                Drive::turn_to_angle(float)
 .text._ZN5Drive13turn_to_angleEfffffffff
                0x00000000038010c0      0x178 build/src/JAR-Template/drive.o
                0x00000000038010c0                Drive::turn_to_angle(float, float, float, float, float, float, float, float, float)
 .text._ZN5Drive14drive_distanceEf
                0x0000000003801238       0x80 build/src/JAR-Template/drive.o
                0x0000000003801238                Drive::drive_distance(float)
 .text._ZN5Drive14drive_distanceEfffffffffffffff
                0x00000000038012b8      0x2e0 build/src/JAR-Template/drive.o
                0x00000000038012b8                Drive::drive_distance(float, float, float, float, float, float, float, float, float, float, float, float, float, float, float)
 .text._ZN5Drive27get_ForwardTracker_positionEv
                0x0000000003801598       0xa8 build/src/JAR-Template/drive.o
                0x0000000003801598                Drive::get_ForwardTracker_position()
 .text._ZN5Drive28get_SidewaysTracker_positionEv
                0x0000000003801640       0x7c build/src/JAR-Template/drive.o
                0x0000000003801640                Drive::get_SidewaysTracker_position()
 *fill*         0x00000000038016bc        0x4 
 .text._ZN5Drive14position_trackEv
                0x00000000038016c0       0x88 build/src/JAR-Template/drive.o
                0x00000000038016c0                Drive::position_track()
 .text._ZN5Drive15set_coordinatesEfff
                0x0000000003801748       0xb0 build/src/JAR-Template/drive.o
                0x0000000003801748                Drive::set_coordinates(float, float, float)
 .text._ZN5Drive19position_track_taskEv
                0x00000000038017f8       0x14 build/src/JAR-Template/drive.o
                0x00000000038017f8                Drive::position_track_task()
 .text._ZN4Odom22set_physical_distancesEff
                0x000000000380180c        0x8 build/src/JAR-Template/odom.o
                0x000000000380180c                Odom::set_physical_distances(float, float)
 .text._ZN4Odom12set_positionEfffff
                0x0000000003801814       0x1c build/src/JAR-Template/odom.o
                0x0000000003801814                Odom::set_position(float, float, float, float, float)
 .text._ZN4Odom15update_positionEfff
                0x0000000003801830      0x1a4 build/src/JAR-Template/odom.o
                0x0000000003801830                Odom::update_position(float, float, float)
 .text._Z15reduce_0_to_360f
                0x00000000038019d4       0x7c build/src/JAR-Template/util.o
                0x00000000038019d4                reduce_0_to_360(float)
 .text._Z26reduce_negative_180_to_180f
                0x0000000003801a50       0x90 build/src/JAR-Template/util.o
                0x0000000003801a50                reduce_negative_180_to_180(float)
 .text._Z6to_radf
                0x0000000003801ae0       0x28 build/src/JAR-Template/util.o
                0x0000000003801ae0                to_rad(float)
 .text._Z5clampfff
                0x0000000003801b08       0x2c build/src/JAR-Template/util.o
                0x0000000003801b08                clamp(float, float, float)
 .text._Z11is_reversedd
                0x0000000003801b34       0x18 build/src/JAR-Template/util.o
                0x0000000003801b34                is_reversed(double)
 .text._Z7to_porti
                0x0000000003801b4c       0x14 build/src/JAR-Template/util.o
                0x0000000003801b4c                to_port(int)
 .text.vexMain  0x0000000003801b60       0xb0 /home/viridian/.config/Code/User/globalStorage/vexrobotics.vexcode/sdk/cpp/V5/V5_20220726_10_00_00/vexv5/libv5rt.a(v5_startup.c.obj)
                0x0000000003801b60                vexMain
 .text.__vex_function_prolog
                0x0000000003801c10       0x18 /home/viridian/.config/Code/User/globalStorage/vexrobotics.vexcode/sdk/cpp/V5/V5_20220726_10_00_00/vexv5/libv5rt.a(v5_startup.c.obj)
                0x0000000003801c10                __vex_function_prolog
 .text._init    0x0000000003801c28        0x4 /home/viridian/.config/Code/User/globalStorage/vexrobotics.vexcode/sdk/cpp/V5/V5_20220726_10_00_00/vexv5/libv5rt.a(v5_startup.c.obj)
                0x0000000003801c28                _init
 .text._fini    0x0000000003801c2c        0x4 /home/viridian/.config/Code/User/globalStorage/vexrobotics.vexcode/sdk/cpp/V5/V5_20220726_10_00_00/vexv5/libv5rt.a(v5_startup.c.obj)
                0x0000000003801c2c                _fini
 .text.vexStdlibVersionLinked
                0x0000000003801c30        0xc /home/viridian/.config/Code/User/globalStorage/vexrobotics.vexcode/sdk/cpp/V5/V5_20220726_10_00_00/vexv5/libv5rt.a(v5_util.c.obj)
                0x0000000003801c30                vexStdlibVersionLinked
 .text.vexStdlibVersionVerify
                0x0000000003801c3c       0x30 /home/viridian/.config/Code/User/globalStorage/vexrobotics.vexcode/sdk/cpp/V5/V5_20220726_10_00_00/vexv5/libv5rt.a(v5_util.c.obj)
                0x0000000003801c3c                vexStdlibVersionVerify
 .text.vexPrivateApiEnable
                0x0000000003801c6c       0x10 /home/viridian/.config/Code/User/globalStorage/vexrobotics.vexcode/sdk/cpp/V5/V5_20220726_10_00_00/vexv5/libv5rt.a(v5_apijump.c.obj)
                0x0000000003801c6c                vexPrivateApiEnable
 .text.vexStdlibMismatchError
                0x0000000003801c7c       0x3c /home/viridian/.config/Code/User/globalStorage/vexrobotics.vexcode/sdk/cpp/V5/V5_20220726_10_00_00/vexv5/libv5rt.a(v5_apijump.c.obj)
                0x0000000003801c7c                vexStdlibMismatchError
 .text.vexTaskAdd
                0x0000000003801cb8       0x10 /home/viridian/.config/Code/User/globalStorage/vexrobotics.vexcode/sdk/cpp/V5/V5_20220726_10_00_00/vexv5/libv5rt.a(v5_apijump.c.obj)
                0x0000000003801cb8                vexTaskAdd
 .text.vexTasksRun
                0x0000000003801cc8       0x10 /home/viridian/.config/Code/User/globalStorage/vexrobotics.vexcode/sdk/cpp/V5/V5_20220726_10_00_00/vexv5/libv5rt.a(v5_apijump.c.obj)
                0x0000000003801cc8                vexTasksRun
 .text.vexTaskYield
                0x0000000003801cd8       0x10 /home/viridian/.config/Code/User/globalStorage/vexrobotics.vexcode/sdk/cpp/V5/V5_20220726_10_00_00/vexv5/libv5rt.a(v5_apijump.c.obj)
                0x0000000003801cd8                vexTaskYield
 .text.vexTaskCheckTimeslice
                0x0000000003801ce8       0x10 /home/viridian/.config/Code/User/globalStorage/vexrobotics.vexcode/sdk/cpp/V5/V5_20220726_10_00_00/vexv5/libv5rt.a(v5_apijump.c.obj)
                0x0000000003801ce8                vexTaskCheckTimeslice
 .text.vexTaskGetIndex
                0x0000000003801cf8       0x10 /home/viridian/.config/Code/User/globalStorage/vexrobotics.vexcode/sdk/cpp/V5/V5_20220726_10_00_00/vexv5/libv5rt.a(v5_apijump.c.obj)
                0x0000000003801cf8                vexTaskGetIndex
 .text.vexTaskSleep
                0x0000000003801d08       0x10 /home/viridian/.config/Code/User/globalStorage/vexrobotics.vexcode/sdk/cpp/V5/V5_20220726_10_00_00/vexv5/libv5rt.a(v5_apijump.c.obj)
                0x0000000003801d08                vexTaskSleep
 .text.vexTasksDump
                0x0000000003801d18       0x1c /home/viridian/.config/Code/User/globalStorage/vexrobotics.vexcode/sdk/cpp/V5/V5_20220726_10_00_00/vexv5/libv5rt.a(v5_apijump.c.obj)
                0x0000000003801d18                vexTasksDump
 .text.vexTaskGetTaskIndex
                0x0000000003801d34       0x10 /home/viridian/.config/Code/User/globalStorage/vexrobotics.vexcode/sdk/cpp/V5/V5_20220726_10_00_00/vexv5/libv5rt.a(v5_apijump.c.obj)
                0x0000000003801d34                vexTaskGetTaskIndex
 .text.vexTaskStopAll
                0x0000000003801d44       0x10 /home/viridian/.config/Code/User/globalStorage/vexrobotics.vexcode/sdk/cpp/V5/V5_20220726_10_00_00/vexv5/libv5rt.a(v5_apijump.c.obj)
                0x0000000003801d44                vexTaskStopAll
 .text.vexTaskRemoveAllUser
                0x0000000003801d54       0x34 /home/viridian/.config/Code/User/globalStorage/vexrobotics.vexcode/sdk/cpp/V5/V5_20220726_10_00_00/vexv5/libv5rt.a(v5_apijump.c.obj)
                0x0000000003801d54                vexTaskRemoveAllUser
 .text.vexTaskCompletionIdSet
                0x0000000003801d88       0x10 /home/viridian/.config/Code/User/globalStorage/vexrobotics.vexcode/sdk/cpp/V5/V5_20220726_10_00_00/vexv5/libv5rt.a(v5_apijump.c.obj)
                0x0000000003801d88                vexTaskCompletionIdSet
 .text.vexTaskStopWithId
                0x0000000003801d98       0x10 /home/viridian/.config/Code/User/globalStorage/vexrobotics.vexcode/sdk/cpp/V5/V5_20220726_10_00_00/vexv5/libv5rt.a(v5_apijump.c.obj)
                0x0000000003801d98                vexTaskStopWithId
 .text.vexTaskGetCallbackAndId
                0x0000000003801da8       0x54 /home/viridian/.config/Code/User/globalStorage/vexrobotics.vexcode/sdk/cpp/V5/V5_20220726_10_00_00/vexv5/libv5rt.a(v5_apijump.c.obj)
                0x0000000003801da8                vexTaskGetCallbackAndId
 .text.vexCriticalSection
                0x0000000003801dfc       0x2c /home/viridian/.config/Code/User/globalStorage/vexrobotics.vexcode/sdk/cpp/V5/V5_20220726_10_00_00/vexv5/libv5rt.a(v5_apijump.c.obj)
                0x0000000003801dfc                vexCriticalSection
 .text.vexEventAdd
                0x0000000003801e28       0x34 /home/viridian/.config/Code/User/globalStorage/vexrobotics.vexcode/sdk/cpp/V5/V5_20220726_10_00_00/vexv5/libv5rt.a(v5_apijump.c.obj)
                0x0000000003801e28                vexEventAdd
 .text.vexEventUserIndexGet
                0x0000000003801e5c       0x1c /home/viridian/.config/Code/User/globalStorage/vexrobotics.vexcode/sdk/cpp/V5/V5_20220726_10_00_00/vexv5/libv5rt.a(v5_apijump.c.obj)
                0x0000000003801e5c                vexEventUserIndexGet
 .text.vexEventAddWithArg
                0x0000000003801e78       0x3c /home/viridian/.config/Code/User/globalStorage/vexrobotics.vexcode/sdk/cpp/V5/V5_20220726_10_00_00/vexv5/libv5rt.a(v5_apijump.c.obj)
                0x0000000003801e78                vexEventAddWithArg
 .text.vexEventsCleanup
                0x0000000003801eb4       0x2c /home/viridian/.config/Code/User/globalStorage/vexrobotics.vexcode/sdk/cpp/V5/V5_20220726_10_00_00/vexv5/libv5rt.a(v5_apijump.c.obj)
                0x0000000003801eb4                vexEventsCleanup
 .text.vexDebug
                0x0000000003801ee0       0x38 /home/viridian/.config/Code/User/globalStorage/vexrobotics.vexcode/sdk/cpp/V5/V5_20220726_10_00_00/vexv5/libv5rt.a(v5_apijump.c.obj)
                0x0000000003801ee0                vexDebug
 .text.vex_sprintf
                0x0000000003801f18       0x40 /home/viridian/.config/Code/User/globalStorage/vexrobotics.vexcode/sdk/cpp/V5/V5_20220726_10_00_00/vexv5/libv5rt.a(v5_apijump.c.obj)
                0x0000000003801f18                vex_sprintf
 .text.vex_vsnprintf
                0x0000000003801f58       0x3c /home/viridian/.config/Code/User/globalStorage/vexrobotics.vexcode/sdk/cpp/V5/V5_20220726_10_00_00/vexv5/libv5rt.a(v5_apijump.c.obj)
                0x0000000003801f58                vex_vsnprintf
 .text.vexSystemTimeGet
                0x0000000003801f94       0x1c /home/viridian/.config/Code/User/globalStorage/vexrobotics.vexcode/sdk/cpp/V5/V5_20220726_10_00_00/vexv5/libv5rt.a(v5_apijump.c.obj)
                0x0000000003801f94                vexSystemTimeGet
 .text.vexSystemExitRequest
                0x0000000003801fb0       0x1c /home/viridian/.config/Code/User/globalStorage/vexrobotics.vexcode/sdk/cpp/V5/V5_20220726_10_00_00/vexv5/libv5rt.a(v5_apijump.c.obj)
                0x0000000003801fb0                vexSystemExitRequest
 .text.vexDeviceGetByIndex
                0x0000000003801fcc       0x24 /home/viridian/.config/Code/User/globalStorage/vexrobotics.vexcode/sdk/cpp/V5/V5_20220726_10_00_00/vexv5/libv5rt.a(v5_apijump.c.obj)
                0x0000000003801fcc                vexDeviceGetByIndex
 .text.vexControllerGet
                0x0000000003801ff0       0x2c /home/viridian/.config/Code/User/globalStorage/vexrobotics.vexcode/sdk/cpp/V5/V5_20220726_10_00_00/vexv5/libv5rt.a(v5_apijump.c.obj)
                0x0000000003801ff0                vexControllerGet
 .text.vexDeviceAdiPortConfigSet
                0x000000000380201c       0x34 /home/viridian/.config/Code/User/globalStorage/vexrobotics.vexcode/sdk/cpp/V5/V5_20220726_10_00_00/vexv5/libv5rt.a(v5_apijump.c.obj)
                0x000000000380201c                vexDeviceAdiPortConfigSet
 .text.vexDeviceAdiPortConfigGet
                0x0000000003802050       0x2c /home/viridian/.config/Code/User/globalStorage/vexrobotics.vexcode/sdk/cpp/V5/V5_20220726_10_00_00/vexv5/libv5rt.a(v5_apijump.c.obj)
                0x0000000003802050                vexDeviceAdiPortConfigGet
 .text.vexDeviceAdiValueSet
                0x000000000380207c       0x34 /home/viridian/.config/Code/User/globalStorage/vexrobotics.vexcode/sdk/cpp/V5/V5_20220726_10_00_00/vexv5/libv5rt.a(v5_apijump.c.obj)
                0x000000000380207c                vexDeviceAdiValueSet
 .text.vexDeviceAdiValueGet
                0x00000000038020b0       0x2c /home/viridian/.config/Code/User/globalStorage/vexrobotics.vexcode/sdk/cpp/V5/V5_20220726_10_00_00/vexv5/libv5rt.a(v5_apijump.c.obj)
                0x00000000038020b0                vexDeviceAdiValueGet
 .text.vexDeviceMotorVelocitySet
                0x00000000038020dc       0x2c /home/viridian/.config/Code/User/globalStorage/vexrobotics.vexcode/sdk/cpp/V5/V5_20220726_10_00_00/vexv5/libv5rt.a(v5_apijump.c.obj)
                0x00000000038020dc                vexDeviceMotorVelocitySet
 .text.vexDeviceMotorVoltageSet
                0x0000000003802108       0x2c /home/viridian/.config/Code/User/globalStorage/vexrobotics.vexcode/sdk/cpp/V5/V5_20220726_10_00_00/vexv5/libv5rt.a(v5_apijump.c.obj)
                0x0000000003802108                vexDeviceMotorVoltageSet
 .text.vexDeviceMotorActualVelocityGet
                0x0000000003802134       0x24 /home/viridian/.config/Code/User/globalStorage/vexrobotics.vexcode/sdk/cpp/V5/V5_20220726_10_00_00/vexv5/libv5rt.a(v5_apijump.c.obj)
                0x0000000003802134                vexDeviceMotorActualVelocityGet
 .text.vexDeviceMotorReverseFlagSet
                0x0000000003802158       0x2c /home/viridian/.config/Code/User/globalStorage/vexrobotics.vexcode/sdk/cpp/V5/V5_20220726_10_00_00/vexv5/libv5rt.a(v5_apijump.c.obj)
                0x0000000003802158                vexDeviceMotorReverseFlagSet
 .text.vexDeviceMotorEncoderUnitsSet
                0x0000000003802184       0x2c /home/viridian/.config/Code/User/globalStorage/vexrobotics.vexcode/sdk/cpp/V5/V5_20220726_10_00_00/vexv5/libv5rt.a(v5_apijump.c.obj)
                0x0000000003802184                vexDeviceMotorEncoderUnitsSet
 .text.vexDeviceMotorBrakeModeSet
                0x00000000038021b0       0x2c /home/viridian/.config/Code/User/globalStorage/vexrobotics.vexcode/sdk/cpp/V5/V5_20220726_10_00_00/vexv5/libv5rt.a(v5_apijump.c.obj)
                0x00000000038021b0                vexDeviceMotorBrakeModeSet
 .text.vexDeviceMotorPositionSet
                0x00000000038021dc       0x34 /home/viridian/.config/Code/User/globalStorage/vexrobotics.vexcode/sdk/cpp/V5/V5_20220726_10_00_00/vexv5/libv5rt.a(v5_apijump.c.obj)
                0x00000000038021dc                vexDeviceMotorPositionSet
 .text.vexDeviceMotorPositionGet
                0x0000000003802210       0x24 /home/viridian/.config/Code/User/globalStorage/vexrobotics.vexcode/sdk/cpp/V5/V5_20220726_10_00_00/vexv5/libv5rt.a(v5_apijump.c.obj)
                0x0000000003802210                vexDeviceMotorPositionGet
 .text.vexDeviceMotorGearingSet
                0x0000000003802234       0x2c /home/viridian/.config/Code/User/globalStorage/vexrobotics.vexcode/sdk/cpp/V5/V5_20220726_10_00_00/vexv5/libv5rt.a(v5_apijump.c.obj)
                0x0000000003802234                vexDeviceMotorGearingSet
 .text.vexDeviceMotorGearingGet
                0x0000000003802260       0x24 /home/viridian/.config/Code/User/globalStorage/vexrobotics.vexcode/sdk/cpp/V5/V5_20220726_10_00_00/vexv5/libv5rt.a(v5_apijump.c.obj)
                0x0000000003802260                vexDeviceMotorGearingGet
 .text.vexDeviceImuReset
                0x0000000003802284       0x24 /home/viridian/.config/Code/User/globalStorage/vexrobotics.vexcode/sdk/cpp/V5/V5_20220726_10_00_00/vexv5/libv5rt.a(v5_apijump.c.obj)
                0x0000000003802284                vexDeviceImuReset
 .text.vexDeviceImuHeadingGet
                0x00000000038022a8       0x24 /home/viridian/.config/Code/User/globalStorage/vexrobotics.vexcode/sdk/cpp/V5/V5_20220726_10_00_00/vexv5/libv5rt.a(v5_apijump.c.obj)
                0x00000000038022a8                vexDeviceImuHeadingGet
 .text.vexDeviceImuDegreesGet
                0x00000000038022cc       0x24 /home/viridian/.config/Code/User/globalStorage/vexrobotics.vexcode/sdk/cpp/V5/V5_20220726_10_00_00/vexv5/libv5rt.a(v5_apijump.c.obj)
                0x00000000038022cc                vexDeviceImuDegreesGet
 .text.vexDeviceImuStatusGet
                0x00000000038022f0       0x24 /home/viridian/.config/Code/User/globalStorage/vexrobotics.vexcode/sdk/cpp/V5/V5_20220726_10_00_00/vexv5/libv5rt.a(v5_apijump.c.obj)
                0x00000000038022f0                vexDeviceImuStatusGet
 .text.vexDeviceAbsEncPositionSet
                0x0000000003802314       0x2c /home/viridian/.config/Code/User/globalStorage/vexrobotics.vexcode/sdk/cpp/V5/V5_20220726_10_00_00/vexv5/libv5rt.a(v5_apijump.c.obj)
                0x0000000003802314                vexDeviceAbsEncPositionSet
 .text.vexDeviceAbsEncPositionGet
                0x0000000003802340       0x24 /home/viridian/.config/Code/User/globalStorage/vexrobotics.vexcode/sdk/cpp/V5/V5_20220726_10_00_00/vexv5/libv5rt.a(v5_apijump.c.obj)
                0x0000000003802340                vexDeviceAbsEncPositionGet
 .text.vexDeviceAbsEncAngleGet
                0x0000000003802364       0x24 /home/viridian/.config/Code/User/globalStorage/vexrobotics.vexcode/sdk/cpp/V5/V5_20220726_10_00_00/vexv5/libv5rt.a(v5_apijump.c.obj)
                0x0000000003802364                vexDeviceAbsEncAngleGet
 .text.vexDeviceAbsEncReverseFlagSet
                0x0000000003802388       0x2c /home/viridian/.config/Code/User/globalStorage/vexrobotics.vexcode/sdk/cpp/V5/V5_20220726_10_00_00/vexv5/libv5rt.a(v5_apijump.c.obj)
                0x0000000003802388                vexDeviceAbsEncReverseFlagSet
 .text.vexDisplayForegroundColor
                0x00000000038023b4       0x24 /home/viridian/.config/Code/User/globalStorage/vexrobotics.vexcode/sdk/cpp/V5/V5_20220726_10_00_00/vexv5/libv5rt.a(v5_apijump.c.obj)
                0x00000000038023b4                vexDisplayForegroundColor
 .text.vexDisplayBackgroundColor
                0x00000000038023d8       0x24 /home/viridian/.config/Code/User/globalStorage/vexrobotics.vexcode/sdk/cpp/V5/V5_20220726_10_00_00/vexv5/libv5rt.a(v5_apijump.c.obj)
                0x00000000038023d8                vexDisplayBackgroundColor
 .text.vexDisplayVPrintf
                0x00000000038023fc       0x50 /home/viridian/.config/Code/User/globalStorage/vexrobotics.vexcode/sdk/cpp/V5/V5_20220726_10_00_00/vexv5/libv5rt.a(v5_apijump.c.obj)
                0x00000000038023fc                vexDisplayVPrintf
 .text.vexDisplayTextReference
                0x000000000380244c       0x24 /home/viridian/.config/Code/User/globalStorage/vexrobotics.vexcode/sdk/cpp/V5/V5_20220726_10_00_00/vexv5/libv5rt.a(v5_apijump.c.obj)
                0x000000000380244c                vexDisplayTextReference
 .text.vexDisplayTextSize
                0x0000000003802470       0x2c /home/viridian/.config/Code/User/globalStorage/vexrobotics.vexcode/sdk/cpp/V5/V5_20220726_10_00_00/vexv5/libv5rt.a(v5_apijump.c.obj)
                0x0000000003802470                vexDisplayTextSize
 .text.vexDisplayFontNamedSet
                0x000000000380249c       0x24 /home/viridian/.config/Code/User/globalStorage/vexrobotics.vexcode/sdk/cpp/V5/V5_20220726_10_00_00/vexv5/libv5rt.a(v5_apijump.c.obj)
                0x000000000380249c                vexDisplayFontNamedSet
 .text.vexDisplayStringWidthGet
                0x00000000038024c0       0x24 /home/viridian/.config/Code/User/globalStorage/vexrobotics.vexcode/sdk/cpp/V5/V5_20220726_10_00_00/vexv5/libv5rt.a(v5_apijump.c.obj)
                0x00000000038024c0                vexDisplayStringWidthGet
 .text.vexSystemStdlibImpureDataAddr
                0x00000000038024e4       0x28 /home/viridian/.config/Code/User/globalStorage/vexrobotics.vexcode/sdk/cpp/V5/V5_20220726_10_00_00/vexv5/libv5rt.a(v5_apijump.c.obj)
                0x00000000038024e4                vexSystemStdlibImpureDataAddr
 .text.vexSystemStdlibImpureDataSize
                0x000000000380250c       0x28 /home/viridian/.config/Code/User/globalStorage/vexrobotics.vexcode/sdk/cpp/V5/V5_20220726_10_00_00/vexv5/libv5rt.a(v5_apijump.c.obj)
                0x000000000380250c                vexSystemStdlibImpureDataSize
 .text.vexSystemSaveUserData
                0x0000000003802534       0x3c /home/viridian/.config/Code/User/globalStorage/vexrobotics.vexcode/sdk/cpp/V5/V5_20220726_10_00_00/vexv5/libv5rt.a(v5_apijump.c.obj)
                0x0000000003802534                vexSystemSaveUserData
 .text.vexDisplayThemeIdGet
                0x0000000003802570       0x38 /home/viridian/.config/Code/User/globalStorage/vexrobotics.vexcode/sdk/cpp/V5/V5_20220726_10_00_00/vexv5/libv5rt.a(v5_apijump.c.obj)
                0x0000000003802570                vexDisplayThemeIdGet
 .text.vexDeviceEventMaskSet
                0x00000000038025a8       0x48 /home/viridian/.config/Code/User/globalStorage/vexrobotics.vexcode/sdk/cpp/V5/V5_20220726_10_00_00/vexv5/libv5rt.a(v5_apijump.c.obj)
                0x00000000038025a8                vexDeviceEventMaskSet
 .text.vexDeviceEventMaskGet
                0x00000000038025f0       0x3c /home/viridian/.config/Code/User/globalStorage/vexrobotics.vexcode/sdk/cpp/V5/V5_20220726_10_00_00/vexv5/libv5rt.a(v5_apijump.c.obj)
                0x00000000038025f0                vexDeviceEventMaskGet
 .text.vexSystemVersion
                0x000000000380262c       0x10 /home/viridian/.config/Code/User/globalStorage/vexrobotics.vexcode/sdk/cpp/V5/V5_20220726_10_00_00/vexv5/libv5rt.a(v5_apiversions.c.obj)
                0x000000000380262c                vexSystemVersion
 .text.vexStdlibVersion
                0x000000000380263c       0x10 /home/viridian/.config/Code/User/globalStorage/vexrobotics.vexcode/sdk/cpp/V5/V5_20220726_10_00_00/vexv5/libv5rt.a(v5_apiversions.c.obj)
                0x000000000380263c                vexStdlibVersion
 *fill*         0x000000000380264c        0x4 
 .text._ZN3vex4waitEdNS_9timeUnitsE
                0x0000000003802650       0x30 /home/viridian/.config/Code/User/globalStorage/vexrobotics.vexcode/sdk/cpp/V5/V5_20220726_10_00_00/vexv5/libv5rt.a(vex_global.cpp.obj)
                0x0000000003802650                vex::wait(double, vex::timeUnits)
 .text._ZN3vex5motorD2Ev
                0x0000000003802680       0x20 /home/viridian/.config/Code/User/globalStorage/vexrobotics.vexcode/sdk/cpp/V5/V5_20220726_10_00_00/vexv5/libv5rt.a(vex_motor.cpp.obj)
                0x0000000003802680                vex::motor::~motor()
                0x0000000003802680                vex::motor::~motor()
 .text._ZN3vex5motorD0Ev
                0x00000000038026a0       0x1c /home/viridian/.config/Code/User/globalStorage/vexrobotics.vexcode/sdk/cpp/V5/V5_20220726_10_00_00/vexv5/libv5rt.a(vex_motor.cpp.obj)
                0x00000000038026a0                vex::motor::~motor()
 .text._ZN3vex5motor9installedEv
                0x00000000038026bc       0x18 /home/viridian/.config/Code/User/globalStorage/vexrobotics.vexcode/sdk/cpp/V5/V5_20220726_10_00_00/vexv5/libv5rt.a(vex_motor.cpp.obj)
                0x00000000038026bc                vex::motor::installed()
 .text._ZN3vex5motor15defaultStoppingENS_9brakeTypeE
                0x00000000038026d4       0x30 /home/viridian/.config/Code/User/globalStorage/vexrobotics.vexcode/sdk/cpp/V5/V5_20220726_10_00_00/vexv5/libv5rt.a(vex_motor.cpp.obj)
                0x00000000038026d4                vex::motor::defaultStopping(vex::brakeType)
 .text._ZN3vex5motor11setStoppingENS_9brakeTypeE
                0x0000000003802704        0x4 /home/viridian/.config/Code/User/globalStorage/vexrobotics.vexcode/sdk/cpp/V5/V5_20220726_10_00_00/vexv5/libv5rt.a(vex_motor.cpp.obj)
                0x0000000003802704                vex::motor::setStopping(vex::brakeType)
 .text._ZN3vex5motorC2El
                0x0000000003802708       0x78 /home/viridian/.config/Code/User/globalStorage/vexrobotics.vexcode/sdk/cpp/V5/V5_20220726_10_00_00/vexv5/libv5rt.a(vex_motor.cpp.obj)
                0x0000000003802708                vex::motor::motor(long)
                0x0000000003802708                vex::motor::motor(long)
 .text._ZN3vex5motorC2ElNS_11gearSettingEb
                0x0000000003802780       0x34 /home/viridian/.config/Code/User/globalStorage/vexrobotics.vexcode/sdk/cpp/V5/V5_20220726_10_00_00/vexv5/libv5rt.a(vex_motor.cpp.obj)
                0x0000000003802780                vex::motor::motor(long, vex::gearSetting, bool)
                0x0000000003802780                vex::motor::motor(long, vex::gearSetting, bool)
 .text._ZN3vex5motorC2Elb
                0x00000000038027b4       0x24 /home/viridian/.config/Code/User/globalStorage/vexrobotics.vexcode/sdk/cpp/V5/V5_20220726_10_00_00/vexv5/libv5rt.a(vex_motor.cpp.obj)
                0x00000000038027b4                vex::motor::motor(long, bool)
                0x00000000038027b4                vex::motor::motor(long, bool)
 .text._ZN3vex5motor4spinENS_13directionTypeEdNS_12voltageUnitsE
                0x00000000038027d8       0x50 /home/viridian/.config/Code/User/globalStorage/vexrobotics.vexcode/sdk/cpp/V5/V5_20220726_10_00_00/vexv5/libv5rt.a(vex_motor.cpp.obj)
                0x00000000038027d8                vex::motor::spin(vex::directionType, double, vex::voltageUnits)
 .text._ZN3vex5motor4stopENS_9brakeTypeE
                0x0000000003802828       0x30 /home/viridian/.config/Code/User/globalStorage/vexrobotics.vexcode/sdk/cpp/V5/V5_20220726_10_00_00/vexv5/libv5rt.a(vex_motor.cpp.obj)
                0x0000000003802828                vex::motor::stop(vex::brakeType)
 .text._ZN3vex5motor16velocityToScaledEdNS_13velocityUnitsE
                0x0000000003802858       0x5c /home/viridian/.config/Code/User/globalStorage/vexrobotics.vexcode/sdk/cpp/V5/V5_20220726_10_00_00/vexv5/libv5rt.a(vex_motor.cpp.obj)
                0x0000000003802858                vex::motor::velocityToScaled(double, vex::velocityUnits)
 .text._ZN3vex5motor8velocityENS_13velocityUnitsE
                0x00000000038028b4       0x30 /home/viridian/.config/Code/User/globalStorage/vexrobotics.vexcode/sdk/cpp/V5/V5_20220726_10_00_00/vexv5/libv5rt.a(vex_motor.cpp.obj)
                0x00000000038028b4                vex::motor::velocity(vex::velocityUnits)
 .text._ZN3vex5motor5valueEv
                0x00000000038028e4       0x1c /home/viridian/.config/Code/User/globalStorage/vexrobotics.vexcode/sdk/cpp/V5/V5_20220726_10_00_00/vexv5/libv5rt.a(vex_motor.cpp.obj)
                0x00000000038028e4                vex::motor::value()
 .text._ZN3vex5motor16scaledToVelocityEdNS_13velocityUnitsE
                0x0000000003802900       0xa4 /home/viridian/.config/Code/User/globalStorage/vexrobotics.vexcode/sdk/cpp/V5/V5_20220726_10_00_00/vexv5/libv5rt.a(vex_motor.cpp.obj)
                0x0000000003802900                vex::motor::scaledToVelocity(double, vex::velocityUnits)
 .text._ZN3vex5motor4spinENS_13directionTypeEdNS_13velocityUnitsE
                0x00000000038029a4       0x5c /home/viridian/.config/Code/User/globalStorage/vexrobotics.vexcode/sdk/cpp/V5/V5_20220726_10_00_00/vexv5/libv5rt.a(vex_motor.cpp.obj)
                0x00000000038029a4                vex::motor::spin(vex::directionType, double, vex::velocityUnits)
 .text._ZN3vex5motor4spinENS_13directionTypeE
                0x0000000003802a00       0x28 /home/viridian/.config/Code/User/globalStorage/vexrobotics.vexcode/sdk/cpp/V5/V5_20220726_10_00_00/vexv5/libv5rt.a(vex_motor.cpp.obj)
                0x0000000003802a00                vex::motor::spin(vex::directionType)
 .text._ZN3vex5motor16setRotationUnitsENS_13rotationUnitsE
                0x0000000003802a28       0x1c /home/viridian/.config/Code/User/globalStorage/vexrobotics.vexcode/sdk/cpp/V5/V5_20220726_10_00_00/vexv5/libv5rt.a(vex_motor.cpp.obj)
                0x0000000003802a28                vex::motor::setRotationUnits(vex::rotationUnits)
 .text._ZN3vex5motor8positionENS_13rotationUnitsE
                0x0000000003802a44       0x44 /home/viridian/.config/Code/User/globalStorage/vexrobotics.vexcode/sdk/cpp/V5/V5_20220726_10_00_00/vexv5/libv5rt.a(vex_motor.cpp.obj)
                0x0000000003802a44                vex::motor::position(vex::rotationUnits)
 .text._ZN3vex8inertial11getTurnTypeEv
                0x0000000003802a88        0x8 /home/viridian/.config/Code/User/globalStorage/vexrobotics.vexcode/sdk/cpp/V5/V5_20220726_10_00_00/vexv5/libv5rt.a(vex_imu.cpp.obj)
                0x0000000003802a88                vex::inertial::getTurnType()
 .text._ZThn16_N3vex8inertial11getTurnTypeEv
                0x0000000003802a90        0x8 /home/viridian/.config/Code/User/globalStorage/vexrobotics.vexcode/sdk/cpp/V5/V5_20220726_10_00_00/vexv5/libv5rt.a(vex_imu.cpp.obj)
                0x0000000003802a90                non-virtual thunk to vex::inertial::getTurnType()
 .text._ZN3vex8inertial10setHeadingEdNS_13rotationUnitsE
                0x0000000003802a98       0x58 /home/viridian/.config/Code/User/globalStorage/vexrobotics.vexcode/sdk/cpp/V5/V5_20220726_10_00_00/vexv5/libv5rt.a(vex_imu.cpp.obj)
                0x0000000003802a98                vex::inertial::setHeading(double, vex::rotationUnits)
 .text._ZThn16_N3vex8inertial10setHeadingEdNS_13rotationUnitsE
                0x0000000003802af0        0x8 /home/viridian/.config/Code/User/globalStorage/vexrobotics.vexcode/sdk/cpp/V5/V5_20220726_10_00_00/vexv5/libv5rt.a(vex_imu.cpp.obj)
                0x0000000003802af0                non-virtual thunk to vex::inertial::setHeading(double, vex::rotationUnits)
 .text._ZN3vex8inertial11setRotationEdNS_13rotationUnitsE
                0x0000000003802af8       0x58 /home/viridian/.config/Code/User/globalStorage/vexrobotics.vexcode/sdk/cpp/V5/V5_20220726_10_00_00/vexv5/libv5rt.a(vex_imu.cpp.obj)
                0x0000000003802af8                vex::inertial::setRotation(double, vex::rotationUnits)
 .text._ZThn16_N3vex8inertial11setRotationEdNS_13rotationUnitsE
                0x0000000003802b50        0x8 /home/viridian/.config/Code/User/globalStorage/vexrobotics.vexcode/sdk/cpp/V5/V5_20220726_10_00_00/vexv5/libv5rt.a(vex_imu.cpp.obj)
                0x0000000003802b50                non-virtual thunk to vex::inertial::setRotation(double, vex::rotationUnits)
 .text._ZN3vex8inertialD2Ev
                0x0000000003802b58       0x20 /home/viridian/.config/Code/User/globalStorage/vexrobotics.vexcode/sdk/cpp/V5/V5_20220726_10_00_00/vexv5/libv5rt.a(vex_imu.cpp.obj)
                0x0000000003802b58                vex::inertial::~inertial()
                0x0000000003802b58                vex::inertial::~inertial()
 .text._ZThn16_N3vex8inertialD1Ev
                0x0000000003802b78        0x8 /home/viridian/.config/Code/User/globalStorage/vexrobotics.vexcode/sdk/cpp/V5/V5_20220726_10_00_00/vexv5/libv5rt.a(vex_imu.cpp.obj)
                0x0000000003802b78                non-virtual thunk to vex::inertial::~inertial()
 .text._ZN3vex8inertialD0Ev
                0x0000000003802b80       0x1c /home/viridian/.config/Code/User/globalStorage/vexrobotics.vexcode/sdk/cpp/V5/V5_20220726_10_00_00/vexv5/libv5rt.a(vex_imu.cpp.obj)
                0x0000000003802b80                vex::inertial::~inertial()
 .text._ZThn16_N3vex8inertialD0Ev
                0x0000000003802b9c        0x8 /home/viridian/.config/Code/User/globalStorage/vexrobotics.vexcode/sdk/cpp/V5/V5_20220726_10_00_00/vexv5/libv5rt.a(vex_imu.cpp.obj)
                0x0000000003802b9c                non-virtual thunk to vex::inertial::~inertial()
 .text._ZN3vex8inertial9installedEv
                0x0000000003802ba4       0x18 /home/viridian/.config/Code/User/globalStorage/vexrobotics.vexcode/sdk/cpp/V5/V5_20220726_10_00_00/vexv5/libv5rt.a(vex_imu.cpp.obj)
                0x0000000003802ba4                vex::inertial::installed()
 .text._ZN3vex8inertial5angleENS_13rotationUnitsE
                0x0000000003802bbc       0x6c /home/viridian/.config/Code/User/globalStorage/vexrobotics.vexcode/sdk/cpp/V5/V5_20220726_10_00_00/vexv5/libv5rt.a(vex_imu.cpp.obj)
                0x0000000003802bbc                vex::inertial::angle(vex::rotationUnits)
 .text._ZThn16_N3vex8inertial5angleENS_13rotationUnitsE
                0x0000000003802c28        0x8 /home/viridian/.config/Code/User/globalStorage/vexrobotics.vexcode/sdk/cpp/V5/V5_20220726_10_00_00/vexv5/libv5rt.a(vex_imu.cpp.obj)
                0x0000000003802c28                non-virtual thunk to vex::inertial::angle(vex::rotationUnits)
 .text._ZN3vex8inertial7headingENS_13rotationUnitsE
                0x0000000003802c30        0x4 /home/viridian/.config/Code/User/globalStorage/vexrobotics.vexcode/sdk/cpp/V5/V5_20220726_10_00_00/vexv5/libv5rt.a(vex_imu.cpp.obj)
                0x0000000003802c30                vex::inertial::heading(vex::rotationUnits)
 .text._ZThn16_N3vex8inertial7headingENS_13rotationUnitsE
                0x0000000003802c34        0x8 /home/viridian/.config/Code/User/globalStorage/vexrobotics.vexcode/sdk/cpp/V5/V5_20220726_10_00_00/vexv5/libv5rt.a(vex_imu.cpp.obj)
                0x0000000003802c34                non-virtual thunk to vex::inertial::heading(vex::rotationUnits)
 .text._ZN3vex8inertial5valueEv
                0x0000000003802c3c       0x1c /home/viridian/.config/Code/User/globalStorage/vexrobotics.vexcode/sdk/cpp/V5/V5_20220726_10_00_00/vexv5/libv5rt.a(vex_imu.cpp.obj)
                0x0000000003802c3c                vex::inertial::value()
 .text._ZN3vex8inertial8rotationENS_13rotationUnitsE
                0x0000000003802c58       0x48 /home/viridian/.config/Code/User/globalStorage/vexrobotics.vexcode/sdk/cpp/V5/V5_20220726_10_00_00/vexv5/libv5rt.a(vex_imu.cpp.obj)
                0x0000000003802c58                vex::inertial::rotation(vex::rotationUnits)
 .text._ZThn16_N3vex8inertial8rotationENS_13rotationUnitsE
                0x0000000003802ca0        0x8 /home/viridian/.config/Code/User/globalStorage/vexrobotics.vexcode/sdk/cpp/V5/V5_20220726_10_00_00/vexv5/libv5rt.a(vex_imu.cpp.obj)
                0x0000000003802ca0                non-virtual thunk to vex::inertial::rotation(vex::rotationUnits)
 .text._ZN3vex8inertial13isCalibratingEv
                0x0000000003802ca8       0x38 /home/viridian/.config/Code/User/globalStorage/vexrobotics.vexcode/sdk/cpp/V5/V5_20220726_10_00_00/vexv5/libv5rt.a(vex_imu.cpp.obj)
                0x0000000003802ca8                vex::inertial::isCalibrating()
 .text._ZThn16_N3vex8inertial13isCalibratingEv
                0x0000000003802ce0        0x8 /home/viridian/.config/Code/User/globalStorage/vexrobotics.vexcode/sdk/cpp/V5/V5_20220726_10_00_00/vexv5/libv5rt.a(vex_imu.cpp.obj)
                0x0000000003802ce0                non-virtual thunk to vex::inertial::isCalibrating()
 .text._ZN3vex8inertialC2ElNS_8turnTypeE
                0x0000000003802ce8       0x4c /home/viridian/.config/Code/User/globalStorage/vexrobotics.vexcode/sdk/cpp/V5/V5_20220726_10_00_00/vexv5/libv5rt.a(vex_imu.cpp.obj)
                0x0000000003802ce8                vex::inertial::inertial(long, vex::turnType)
                0x0000000003802ce8                vex::inertial::inertial(long, vex::turnType)
 .text._ZN3vex8inertial16startCalibrationEl
                0x0000000003802d34       0x20 /home/viridian/.config/Code/User/globalStorage/vexrobotics.vexcode/sdk/cpp/V5/V5_20220726_10_00_00/vexv5/libv5rt.a(vex_imu.cpp.obj)
                0x0000000003802d34                vex::inertial::startCalibration(long)
 .text._ZN3vex8inertial9calibrateEl
                0x0000000003802d54        0xc /home/viridian/.config/Code/User/globalStorage/vexrobotics.vexcode/sdk/cpp/V5/V5_20220726_10_00_00/vexv5/libv5rt.a(vex_imu.cpp.obj)
                0x0000000003802d54                vex::inertial::calibrate(long)
                0x0000000003802d58                non-virtual thunk to vex::inertial::calibrate(long)
 .text._ZN3vex8rotationD2Ev
                0x0000000003802d60       0x20 /home/viridian/.config/Code/User/globalStorage/vexrobotics.vexcode/sdk/cpp/V5/V5_20220726_10_00_00/vexv5/libv5rt.a(vex_rotation.cpp.obj)
                0x0000000003802d60                vex::rotation::~rotation()
                0x0000000003802d60                vex::rotation::~rotation()
 .text._ZN3vex8rotationD0Ev
                0x0000000003802d80       0x1c /home/viridian/.config/Code/User/globalStorage/vexrobotics.vexcode/sdk/cpp/V5/V5_20220726_10_00_00/vexv5/libv5rt.a(vex_rotation.cpp.obj)
                0x0000000003802d80                vex::rotation::~rotation()
 .text._ZN3vex8rotation9installedEv
                0x0000000003802d9c       0x18 /home/viridian/.config/Code/User/globalStorage/vexrobotics.vexcode/sdk/cpp/V5/V5_20220726_10_00_00/vexv5/libv5rt.a(vex_rotation.cpp.obj)
                0x0000000003802d9c                vex::rotation::installed()
 .text._ZN3vex8rotation5valueEv
                0x0000000003802db4        0x8 /home/viridian/.config/Code/User/globalStorage/vexrobotics.vexcode/sdk/cpp/V5/V5_20220726_10_00_00/vexv5/libv5rt.a(vex_rotation.cpp.obj)
                0x0000000003802db4                vex::rotation::value()
 .text._ZN3vex8rotationC2Elb
                0x0000000003802dbc       0x30 /home/viridian/.config/Code/User/globalStorage/vexrobotics.vexcode/sdk/cpp/V5/V5_20220726_10_00_00/vexv5/libv5rt.a(vex_rotation.cpp.obj)
                0x0000000003802dbc                vex::rotation::rotation(long, bool)
                0x0000000003802dbc                vex::rotation::rotation(long, bool)
 .text._ZN3vex8rotation13resetPositionEv
                0x0000000003802dec        0xc /home/viridian/.config/Code/User/globalStorage/vexrobotics.vexcode/sdk/cpp/V5/V5_20220726_10_00_00/vexv5/libv5rt.a(vex_rotation.cpp.obj)
                0x0000000003802dec                vex::rotation::resetPosition()
 .text._ZN3vex8rotation11setPositionEdNS_13rotationUnitsE
                0x0000000003802df8       0x48 /home/viridian/.config/Code/User/globalStorage/vexrobotics.vexcode/sdk/cpp/V5/V5_20220726_10_00_00/vexv5/libv5rt.a(vex_rotation.cpp.obj)
                0x0000000003802df8                vex::rotation::setPosition(double, vex::rotationUnits)
 .text._ZN3vex8rotation8positionENS_13rotationUnitsE
                0x0000000003802e40       0x50 /home/viridian/.config/Code/User/globalStorage/vexrobotics.vexcode/sdk/cpp/V5/V5_20220726_10_00_00/vexv5/libv5rt.a(vex_rotation.cpp.obj)
                0x0000000003802e40                vex::rotation::position(vex::rotationUnits)
 .text._ZN3vex10controllerD2Ev
                0x0000000003802e90        0x4 /home/viridian/.config/Code/User/globalStorage/vexrobotics.vexcode/sdk/cpp/V5/V5_20220726_10_00_00/vexv5/libv5rt.a(vex_controller.cpp.obj)
                0x0000000003802e90                vex::controller::~controller()
                0x0000000003802e90                vex::controller::~controller()
 .text._ZN3vex10controller5valueE19_V5_ControllerIndex
                0x0000000003802e94        0x8 /home/viridian/.config/Code/User/globalStorage/vexrobotics.vexcode/sdk/cpp/V5/V5_20220726_10_00_00/vexv5/libv5rt.a(vex_controller.cpp.obj)
                0x0000000003802e94                vex::controller::value(_V5_ControllerIndex)
 .text._ZNK3vex10controller6button8pressingEv
                0x0000000003802e9c       0xc8 /home/viridian/.config/Code/User/globalStorage/vexrobotics.vexcode/sdk/cpp/V5/V5_20220726_10_00_00/vexv5/libv5rt.a(vex_controller.cpp.obj)
                0x0000000003802e9c                vex::controller::button::pressing() const
 .text._ZNK3vex10controller6button7pressedEPFvvE
                0x0000000003802f64      0x108 /home/viridian/.config/Code/User/globalStorage/vexrobotics.vexcode/sdk/cpp/V5/V5_20220726_10_00_00/vexv5/libv5rt.a(vex_controller.cpp.obj)
                0x0000000003802f64                vex::controller::button::pressed(void (*)()) const
 .text._ZNK3vex10controller6button21_buttonToPressedEventEv
                0x000000000380306c       0x20 /home/viridian/.config/Code/User/globalStorage/vexrobotics.vexcode/sdk/cpp/V5/V5_20220726_10_00_00/vexv5/libv5rt.a(vex_controller.cpp.obj)
                0x000000000380306c                vex::controller::button::_buttonToPressedEvent() const
 .text._ZNK3vex10controller6button22_buttonToReleasedEventEv
                0x000000000380308c       0x20 /home/viridian/.config/Code/User/globalStorage/vexrobotics.vexcode/sdk/cpp/V5/V5_20220726_10_00_00/vexv5/libv5rt.a(vex_controller.cpp.obj)
                0x000000000380308c                vex::controller::button::_buttonToReleasedEvent() const
 .text._ZN3vex10controller6buttonC2ENS0_11tButtonTypeEPS0_
                0x00000000038030ac       0x48 /home/viridian/.config/Code/User/globalStorage/vexrobotics.vexcode/sdk/cpp/V5/V5_20220726_10_00_00/vexv5/libv5rt.a(vex_controller.cpp.obj)
                0x00000000038030ac                vex::controller::button::button(vex::controller::tButtonType, vex::controller*)
                0x00000000038030ac                vex::controller::button::button(vex::controller::tButtonType, vex::controller*)
 .text._ZNK3vex10controller4axis5valueEv
                0x00000000038030f4       0x58 /home/viridian/.config/Code/User/globalStorage/vexrobotics.vexcode/sdk/cpp/V5/V5_20220726_10_00_00/vexv5/libv5rt.a(vex_controller.cpp.obj)
                0x00000000038030f4                vex::controller::axis::value() const
 .text._ZNK3vex10controller4axis8positionENS_12percentUnitsE
                0x000000000380314c       0x1c /home/viridian/.config/Code/User/globalStorage/vexrobotics.vexcode/sdk/cpp/V5/V5_20220726_10_00_00/vexv5/libv5rt.a(vex_controller.cpp.obj)
                0x000000000380314c                vex::controller::axis::position(vex::percentUnits) const
 .text._ZNK3vex10controller4axis23_joystickToChangedEventEv
                0x0000000003803168       0x20 /home/viridian/.config/Code/User/globalStorage/vexrobotics.vexcode/sdk/cpp/V5/V5_20220726_10_00_00/vexv5/libv5rt.a(vex_controller.cpp.obj)
                0x0000000003803168                vex::controller::axis::_joystickToChangedEvent() const
 .text._ZN3vex10controller4axisC2ENS0_9tAxisTypeEPS0_
                0x0000000003803188       0x2c /home/viridian/.config/Code/User/globalStorage/vexrobotics.vexcode/sdk/cpp/V5/V5_20220726_10_00_00/vexv5/libv5rt.a(vex_controller.cpp.obj)
                0x0000000003803188                vex::controller::axis::axis(vex::controller::tAxisType, vex::controller*)
                0x0000000003803188                vex::controller::axis::axis(vex::controller::tAxisType, vex::controller*)
 .text._ZN3vex10controllerC2ENS_14controllerTypeE
                0x00000000038031b4      0x16c /home/viridian/.config/Code/User/globalStorage/vexrobotics.vexcode/sdk/cpp/V5/V5_20220726_10_00_00/vexv5/libv5rt.a(vex_controller.cpp.obj)
                0x00000000038031b4                vex::controller::controller(vex::controllerType)
                0x00000000038031b4                vex::controller::controller(vex::controllerType)
 .text._ZN3vex4taskC2Ev
                0x0000000003803320       0x28 /home/viridian/.config/Code/User/globalStorage/vexrobotics.vexcode/sdk/cpp/V5/V5_20220726_10_00_00/vexv5/libv5rt.a(vex_task.cpp.obj)
                0x0000000003803320                vex::task::task()
                0x0000000003803320                vex::task::task()
 .text._ZN3vex4taskC2EPFivE
                0x0000000003803348       0x5c /home/viridian/.config/Code/User/globalStorage/vexrobotics.vexcode/sdk/cpp/V5/V5_20220726_10_00_00/vexv5/libv5rt.a(vex_task.cpp.obj)
                0x0000000003803348                vex::task::task(int (*)())
                0x0000000003803348                vex::task::task(int (*)())
 .text._ZN3vex4taskD2Ev
                0x00000000038033a4        0x4 /home/viridian/.config/Code/User/globalStorage/vexrobotics.vexcode/sdk/cpp/V5/V5_20220726_10_00_00/vexv5/libv5rt.a(vex_task.cpp.obj)
                0x00000000038033a4                vex::task::~task()
                0x00000000038033a4                vex::task::~task()
 .text._ZN3vex4task4stopEPvi
                0x00000000038033a8       0x1c /home/viridian/.config/Code/User/globalStorage/vexrobotics.vexcode/sdk/cpp/V5/V5_20220726_10_00_00/vexv5/libv5rt.a(vex_task.cpp.obj)
                0x00000000038033a8                vex::task::stop(void*, int)
 .text._ZN3vex4task5sleepEm
                0x00000000038033c4        0x4 /home/viridian/.config/Code/User/globalStorage/vexrobotics.vexcode/sdk/cpp/V5/V5_20220726_10_00_00/vexv5/libv5rt.a(vex_task.cpp.obj)
                0x00000000038033c4                vex::task::sleep(unsigned long)
 .text._ZN3vex4task6_indexEPFivE
                0x00000000038033c8       0x14 /home/viridian/.config/Code/User/globalStorage/vexrobotics.vexcode/sdk/cpp/V5/V5_20220726_10_00_00/vexv5/libv5rt.a(vex_task.cpp.obj)
                0x00000000038033c8                vex::task::_index(int (*)())
 .text._ZN3vex4task8_stopAllEv
                0x00000000038033dc       0x3c /home/viridian/.config/Code/User/globalStorage/vexrobotics.vexcode/sdk/cpp/V5/V5_20220726_10_00_00/vexv5/libv5rt.a(vex_task.cpp.obj)
                0x00000000038033dc                vex::task::_stopAll()
 .text._ZN3vex11this_thread9sleep_forEm
                0x0000000003803418        0x4 /home/viridian/.config/Code/User/globalStorage/vexrobotics.vexcode/sdk/cpp/V5/V5_20220726_10_00_00/vexv5/libv5rt.a(vex_thread.cpp.obj)
                0x0000000003803418                vex::this_thread::sleep_for(unsigned long)
 .text._ZN3vex5event4initEmmPFvvE
                0x000000000380341c        0x4 /home/viridian/.config/Code/User/globalStorage/vexrobotics.vexcode/sdk/cpp/V5/V5_20220726_10_00_00/vexv5/libv5rt.a(vex_event.cpp.obj)
                0x000000000380341c                vex::event::init(unsigned long, unsigned long, void (*)())
 .text._ZN3vex5event4initEmmPFvPvES1_
                0x0000000003803420        0x4 /home/viridian/.config/Code/User/globalStorage/vexrobotics.vexcode/sdk/cpp/V5/V5_20220726_10_00_00/vexv5/libv5rt.a(vex_event.cpp.obj)
                0x0000000003803420                vex::event::init(unsigned long, unsigned long, void (*)(void*), void*)
 .text._ZN3vex5event9userindexEv
                0x0000000003803424        0x4 /home/viridian/.config/Code/User/globalStorage/vexrobotics.vexcode/sdk/cpp/V5/V5_20220726_10_00_00/vexv5/libv5rt.a(vex_event.cpp.obj)
                0x0000000003803424                vex::event::userindex()
 .text._ZZN3vex6meventC4EmmENUlvE_4_FUNEv
                0x0000000003803428        0x4 /home/viridian/.config/Code/User/globalStorage/vexrobotics.vexcode/sdk/cpp/V5/V5_20220726_10_00_00/vexv5/libv5rt.a(vex_mevent.cpp.obj)
 .text._ZN3vex6meventC2Emm
                0x000000000380342c       0x70 /home/viridian/.config/Code/User/globalStorage/vexrobotics.vexcode/sdk/cpp/V5/V5_20220726_10_00_00/vexv5/libv5rt.a(vex_mevent.cpp.obj)
                0x000000000380342c                vex::mevent::mevent(unsigned long, unsigned long)
                0x000000000380342c                vex::mevent::mevent(unsigned long, unsigned long)
 .text._ZN3vex5brain9_getIndexEv
                0x000000000380349c       0x10 /home/viridian/.config/Code/User/globalStorage/vexrobotics.vexcode/sdk/cpp/V5/V5_20220726_10_00_00/vexv5/libv5rt.a(vex_brain.cpp.obj)
                0x000000000380349c                vex::brain::_getIndex()
 .text._ZN3vex5brain3lcd9setCursorEll
                0x00000000038034ac       0x44 /home/viridian/.config/Code/User/globalStorage/vexrobotics.vexcode/sdk/cpp/V5/V5_20220726_10_00_00/vexv5/libv5rt.a(vex_brain.cpp.obj)
                0x00000000038034ac                vex::brain::lcd::setCursor(long, long)
 .text._ZN3vex5brain3lcd7setFontENS_8fontTypeE
                0x00000000038034f0      0x23c /home/viridian/.config/Code/User/globalStorage/vexrobotics.vexcode/sdk/cpp/V5/V5_20220726_10_00_00/vexv5/libv5rt.a(vex_brain.cpp.obj)
                0x00000000038034f0                vex::brain::lcd::setFont(vex::fontType)
 .text._ZN3vex5brain3lcdC2Ev
                0x000000000380372c       0x94 /home/viridian/.config/Code/User/globalStorage/vexrobotics.vexcode/sdk/cpp/V5/V5_20220726_10_00_00/vexv5/libv5rt.a(vex_brain.cpp.obj)
                0x000000000380372c                vex::brain::lcd::lcd()
                0x000000000380372c                vex::brain::lcd::lcd()
 .text._ZN3vex5brainC2Ev
                0x00000000038037c0       0x3c /home/viridian/.config/Code/User/globalStorage/vexrobotics.vexcode/sdk/cpp/V5/V5_20220726_10_00_00/vexv5/libv5rt.a(vex_brain.cpp.obj)
                0x00000000038037c0                vex::brain::brain()
                0x00000000038037c0                vex::brain::brain()
 .text._ZN3vex5brain3lcd10rowToPixelEl
                0x00000000038037fc       0x34 /home/viridian/.config/Code/User/globalStorage/vexrobotics.vexcode/sdk/cpp/V5/V5_20220726_10_00_00/vexv5/libv5rt.a(vex_brain.cpp.obj)
                0x00000000038037fc                vex::brain::lcd::rowToPixel(long)
 .text._ZN3vex5brain3lcd5printEPKcz
                0x0000000003803830       0xb8 /home/viridian/.config/Code/User/globalStorage/vexrobotics.vexcode/sdk/cpp/V5/V5_20220726_10_00_00/vexv5/libv5rt.a(vex_brain.cpp.obj)
                0x0000000003803830                vex::brain::lcd::print(char const*, ...)
 .text._ZN3vex5brainD2Ev
                0x00000000038038e8       0x20 /home/viridian/.config/Code/User/globalStorage/vexrobotics.vexcode/sdk/cpp/V5/V5_20220726_10_00_00/vexv5/libv5rt.a(vex_brain.cpp.obj)
                0x00000000038038e8                vex::brain::~brain()
                0x00000000038038e8                vex::brain::~brain()
 .text._ZN3vex11competition8_disableEPv
                0x0000000003803908       0xa4 /home/viridian/.config/Code/User/globalStorage/vexrobotics.vexcode/sdk/cpp/V5/V5_20220726_10_00_00/vexv5/libv5rt.a(vex_competition.cpp.obj)
                0x0000000003803908                vex::competition::_disable(void*)
 .text._ZN3vex11competition11_autonomousEv
                0x00000000038039ac       0x80 /home/viridian/.config/Code/User/globalStorage/vexrobotics.vexcode/sdk/cpp/V5/V5_20220726_10_00_00/vexv5/libv5rt.a(vex_competition.cpp.obj)
                0x00000000038039ac                vex::competition::_autonomous()
 .text._ZN3vex11competition14_drivercontrolEv
                0x0000000003803a2c       0x80 /home/viridian/.config/Code/User/globalStorage/vexrobotics.vexcode/sdk/cpp/V5/V5_20220726_10_00_00/vexv5/libv5rt.a(vex_competition.cpp.obj)
                0x0000000003803a2c                vex::competition::_drivercontrol()
 .text._ZN3vex11competitionC2Ev
                0x0000000003803aac      0x13c /home/viridian/.config/Code/User/globalStorage/vexrobotics.vexcode/sdk/cpp/V5/V5_20220726_10_00_00/vexv5/libv5rt.a(vex_competition.cpp.obj)
                0x0000000003803aac                vex::competition::competition()
                0x0000000003803aac                vex::competition::competition()
 .text._ZN3vex11competitionD2Ev
                0x0000000003803be8        0x4 /home/viridian/.config/Code/User/globalStorage/vexrobotics.vexcode/sdk/cpp/V5/V5_20220726_10_00_00/vexv5/libv5rt.a(vex_competition.cpp.obj)
                0x0000000003803be8                vex::competition::~competition()
                0x0000000003803be8                vex::competition::~competition()
 .text._ZN3vex11competition10autonomousEPFvvE
                0x0000000003803bec       0x44 /home/viridian/.config/Code/User/globalStorage/vexrobotics.vexcode/sdk/cpp/V5/V5_20220726_10_00_00/vexv5/libv5rt.a(vex_competition.cpp.obj)
                0x0000000003803bec                vex::competition::autonomous(void (*)())
 .text._ZN3vex11competition13drivercontrolEPFvvE
                0x0000000003803c30       0x44 /home/viridian/.config/Code/User/globalStorage/vexrobotics.vexcode/sdk/cpp/V5/V5_20220726_10_00_00/vexv5/libv5rt.a(vex_competition.cpp.obj)
                0x0000000003803c30                vex::competition::drivercontrol(void (*)())
 .text._ZN3vex7triportD2Ev
                0x0000000003803c74       0x38 /home/viridian/.config/Code/User/globalStorage/vexrobotics.vexcode/sdk/cpp/V5/V5_20220726_10_00_00/vexv5/libv5rt.a(vex_triport.cpp.obj)
                0x0000000003803c74                vex::triport::~triport()
                0x0000000003803c74                vex::triport::~triport()
 .text._ZN3vex7triportD0Ev
                0x0000000003803cac       0x1c /home/viridian/.config/Code/User/globalStorage/vexrobotics.vexcode/sdk/cpp/V5/V5_20220726_10_00_00/vexv5/libv5rt.a(vex_triport.cpp.obj)
                0x0000000003803cac                vex::triport::~triport()
 .text._ZN3vex7triport9installedEv
                0x0000000003803cc8       0x18 /home/viridian/.config/Code/User/globalStorage/vexrobotics.vexcode/sdk/cpp/V5/V5_20220726_10_00_00/vexv5/libv5rt.a(vex_triport.cpp.obj)
                0x0000000003803cc8                vex::triport::installed()
 .text._ZN3vex7triport4portC2ElPS0_
                0x0000000003803ce0       0x74 /home/viridian/.config/Code/User/globalStorage/vexrobotics.vexcode/sdk/cpp/V5/V5_20220726_10_00_00/vexv5/libv5rt.a(vex_triport.cpp.obj)
                0x0000000003803ce0                vex::triport::port::port(long, vex::triport*)
                0x0000000003803ce0                vex::triport::port::port(long, vex::triport*)
 .text._ZN3vex7triportC2El
                0x0000000003803d54       0xf0 /home/viridian/.config/Code/User/globalStorage/vexrobotics.vexcode/sdk/cpp/V5/V5_20220726_10_00_00/vexv5/libv5rt.a(vex_triport.cpp.obj)
                0x0000000003803d54                vex::triport::triport(long)
                0x0000000003803d54                vex::triport::triport(long)
 .text._ZN3vex7triport4port4typeENS_11triportTypeE
                0x0000000003803e44       0x30 /home/viridian/.config/Code/User/globalStorage/vexrobotics.vexcode/sdk/cpp/V5/V5_20220726_10_00_00/vexv5/libv5rt.a(vex_triport.cpp.obj)
                0x0000000003803e44                vex::triport::port::type(vex::triportType)
 .text._ZN3vex7triport4port4typeEv
                0x0000000003803e74       0x38 /home/viridian/.config/Code/User/globalStorage/vexrobotics.vexcode/sdk/cpp/V5/V5_20220726_10_00_00/vexv5/libv5rt.a(vex_triport.cpp.obj)
                0x0000000003803e74                vex::triport::port::type()
 .text._ZN3vex7triport4port5valueEv
                0x0000000003803eac       0x14 /home/viridian/.config/Code/User/globalStorage/vexrobotics.vexcode/sdk/cpp/V5/V5_20220726_10_00_00/vexv5/libv5rt.a(vex_triport.cpp.obj)
                0x0000000003803eac                vex::triport::port::value()
 .text._ZN3vex7triport4port5valueEl
                0x0000000003803ec0       0x18 /home/viridian/.config/Code/User/globalStorage/vexrobotics.vexcode/sdk/cpp/V5/V5_20220726_10_00_00/vexv5/libv5rt.a(vex_triport.cpp.obj)
                0x0000000003803ec0                vex::triport::port::value(long)
 .text._ZN3vex7triport4port8rotationENS_13rotationUnitsE
                0x0000000003803ed8       0x40 /home/viridian/.config/Code/User/globalStorage/vexrobotics.vexcode/sdk/cpp/V5/V5_20220726_10_00_00/vexv5/libv5rt.a(vex_triport.cpp.obj)
                0x0000000003803ed8                vex::triport::port::rotation(vex::rotationUnits)
 .text._ZN3vex11__trideviceC2ERNS_7triport4portENS_11triportTypeE
                0x0000000003803f18       0x5c /home/viridian/.config/Code/User/globalStorage/vexrobotics.vexcode/sdk/cpp/V5/V5_20220726_10_00_00/vexv5/libv5rt.a(vex_triport.cpp.obj)
                0x0000000003803f18                vex::__tridevice::__tridevice(vex::triport::port&, vex::triportType)
                0x0000000003803f18                vex::__tridevice::__tridevice(vex::triport::port&, vex::triportType)
 .text._ZN3vex11digital_outC2ERNS_7triport4portE
                0x0000000003803f74       0x18 /home/viridian/.config/Code/User/globalStorage/vexrobotics.vexcode/sdk/cpp/V5/V5_20220726_10_00_00/vexv5/libv5rt.a(vex_triport.cpp.obj)
                0x0000000003803f74                vex::digital_out::digital_out(vex::triport::port&)
                0x0000000003803f74                vex::digital_out::digital_out(vex::triport::port&)
 .text._ZN3vex11digital_out5valueEv
                0x0000000003803f8c        0x8 /home/viridian/.config/Code/User/globalStorage/vexrobotics.vexcode/sdk/cpp/V5/V5_20220726_10_00_00/vexv5/libv5rt.a(vex_triport.cpp.obj)
                0x0000000003803f8c                vex::digital_out::value()
 .text._ZN3vex11digital_out3setEb
                0x0000000003803f94        0x8 /home/viridian/.config/Code/User/globalStorage/vexrobotics.vexcode/sdk/cpp/V5/V5_20220726_10_00_00/vexv5/libv5rt.a(vex_triport.cpp.obj)
                0x0000000003803f94                vex::digital_out::set(bool)
 .text._ZN3vex10pneumaticsC2ERNS_7triport4portE
                0x0000000003803f9c       0x14 /home/viridian/.config/Code/User/globalStorage/vexrobotics.vexcode/sdk/cpp/V5/V5_20220726_10_00_00/vexv5/libv5rt.a(vex_triport.cpp.obj)
                0x0000000003803f9c                vex::pneumatics::pneumatics(vex::triport::port&)
                0x0000000003803f9c                vex::pneumatics::pneumatics(vex::triport::port&)
 .text._ZN3vex10pneumaticsD2Ev
                0x0000000003803fb0        0x4 /home/viridian/.config/Code/User/globalStorage/vexrobotics.vexcode/sdk/cpp/V5/V5_20220726_10_00_00/vexv5/libv5rt.a(vex_triport.cpp.obj)
                0x0000000003803fb0                vex::pneumatics::~pneumatics()
                0x0000000003803fb0                vex::pneumatics::~pneumatics()
 .text._ZN3vex10pneumatics4openEv
                0x0000000003803fb4        0x8 /home/viridian/.config/Code/User/globalStorage/vexrobotics.vexcode/sdk/cpp/V5/V5_20220726_10_00_00/vexv5/libv5rt.a(vex_triport.cpp.obj)
                0x0000000003803fb4                vex::pneumatics::open()
 .text._ZN3vex10pneumatics5closeEv
                0x0000000003803fbc        0x8 /home/viridian/.config/Code/User/globalStorage/vexrobotics.vexcode/sdk/cpp/V5/V5_20220726_10_00_00/vexv5/libv5rt.a(vex_triport.cpp.obj)
                0x0000000003803fbc                vex::pneumatics::close()
 .text._ZN3vex7encoderC2ERNS_7triport4portE
                0x0000000003803fc4       0x20 /home/viridian/.config/Code/User/globalStorage/vexrobotics.vexcode/sdk/cpp/V5/V5_20220726_10_00_00/vexv5/libv5rt.a(vex_triport.cpp.obj)
                0x0000000003803fc4                vex::encoder::encoder(vex::triport::port&)
                0x0000000003803fc4                vex::encoder::encoder(vex::triport::port&)
 .text._ZN3vex7encoderD2Ev
                0x0000000003803fe4        0x4 /home/viridian/.config/Code/User/globalStorage/vexrobotics.vexcode/sdk/cpp/V5/V5_20220726_10_00_00/vexv5/libv5rt.a(vex_triport.cpp.obj)
                0x0000000003803fe4                vex::encoder::~encoder()
                0x0000000003803fe4                vex::encoder::~encoder()
 .text._ZN3vex7encoder8positionENS_13rotationUnitsE
                0x0000000003803fe8        0x8 /home/viridian/.config/Code/User/globalStorage/vexrobotics.vexcode/sdk/cpp/V5/V5_20220726_10_00_00/vexv5/libv5rt.a(vex_triport.cpp.obj)
                0x0000000003803fe8                vex::encoder::position(vex::rotationUnits)
 .text._ZN3vex5colorD2Ev
                0x0000000003803ff0        0x4 /home/viridian/.config/Code/User/globalStorage/vexrobotics.vexcode/sdk/cpp/V5/V5_20220726_10_00_00/vexv5/libv5rt.a(vex_color.cpp.obj)
                0x0000000003803ff0                vex::color::~color()
                0x0000000003803ff0                vex::color::~color()
 .text.startup._GLOBAL__sub_I__ZN3vex5color5blackE
                0x0000000003803ff4      0x164 /home/viridian/.config/Code/User/globalStorage/vexrobotics.vexcode/sdk/cpp/V5/V5_20220726_10_00_00/vexv5/libv5rt.a(vex_color.cpp.obj)
 .text._ZN3vex5timerD2Ev
                0x0000000003804158        0x4 /home/viridian/.config/Code/User/globalStorage/vexrobotics.vexcode/sdk/cpp/V5/V5_20220726_10_00_00/vexv5/libv5rt.a(vex_timer.cpp.obj)
                0x0000000003804158                vex::timer::~timer()
                0x0000000003804158                vex::timer::~timer()
 .text._ZN3vex5timer5clearEv
                0x000000000380415c       0x1c /home/viridian/.config/Code/User/globalStorage/vexrobotics.vexcode/sdk/cpp/V5/V5_20220726_10_00_00/vexv5/libv5rt.a(vex_timer.cpp.obj)
                0x000000000380415c                vex::timer::clear()
 .text._ZN3vex5timerC2Ev
                0x0000000003804178       0x14 /home/viridian/.config/Code/User/globalStorage/vexrobotics.vexcode/sdk/cpp/V5/V5_20220726_10_00_00/vexv5/libv5rt.a(vex_timer.cpp.obj)
                0x0000000003804178                vex::timer::timer()
                0x0000000003804178                vex::timer::timer()
 .text._ZN3vex11motor_group18motor_group_motorsC2Ev
                0x000000000380418c       0x28 /home/viridian/.config/Code/User/globalStorage/vexrobotics.vexcode/sdk/cpp/V5/V5_20220726_10_00_00/vexv5/libv5rt.a(vex_motorgroup.cpp.obj)
                0x000000000380418c                vex::motor_group::motor_group_motors::motor_group_motors()
                0x000000000380418c                vex::motor_group::motor_group_motors::motor_group_motors()
 .text._ZN3vex11motor_group18motor_group_motorsC2ERKS1_
                0x00000000038041b4       0x20 /home/viridian/.config/Code/User/globalStorage/vexrobotics.vexcode/sdk/cpp/V5/V5_20220726_10_00_00/vexv5/libv5rt.a(vex_motorgroup.cpp.obj)
                0x00000000038041b4                vex::motor_group::motor_group_motors::motor_group_motors(vex::motor_group::motor_group_motors const&)
                0x00000000038041b4                vex::motor_group::motor_group_motors::motor_group_motors(vex::motor_group::motor_group_motors const&)
 .text._ZN3vex11motor_groupC2Ev
                0x00000000038041d4       0x1c /home/viridian/.config/Code/User/globalStorage/vexrobotics.vexcode/sdk/cpp/V5/V5_20220726_10_00_00/vexv5/libv5rt.a(vex_motorgroup.cpp.obj)
                0x00000000038041d4                vex::motor_group::motor_group()
                0x00000000038041d4                vex::motor_group::motor_group()
 .text._ZN3vex11motor_groupD2Ev
                0x00000000038041f0        0x4 /home/viridian/.config/Code/User/globalStorage/vexrobotics.vexcode/sdk/cpp/V5/V5_20220726_10_00_00/vexv5/libv5rt.a(vex_motorgroup.cpp.obj)
                0x00000000038041f0                vex::motor_group::~motor_group()
                0x00000000038041f0                vex::motor_group::~motor_group()
 .text._ZN3vex11motor_group9_addMotorERNS_5motorE
                0x00000000038041f4       0x20 /home/viridian/.config/Code/User/globalStorage/vexrobotics.vexcode/sdk/cpp/V5/V5_20220726_10_00_00/vexv5/libv5rt.a(vex_motorgroup.cpp.obj)
                0x00000000038041f4                vex::motor_group::_addMotor(vex::motor&)
 .text._ZN3vex11motor_group4spinENS_13directionTypeEdNS_12voltageUnitsE
                0x0000000003804214       0x54 /home/viridian/.config/Code/User/globalStorage/vexrobotics.vexcode/sdk/cpp/V5/V5_20220726_10_00_00/vexv5/libv5rt.a(vex_motorgroup.cpp.obj)
                0x0000000003804214                vex::motor_group::spin(vex::directionType, double, vex::voltageUnits)
 .text._ZN3vex11motor_group4stopENS_9brakeTypeE
                0x0000000003804268       0x38 /home/viridian/.config/Code/User/globalStorage/vexrobotics.vexcode/sdk/cpp/V5/V5_20220726_10_00_00/vexv5/libv5rt.a(vex_motorgroup.cpp.obj)
                0x0000000003804268                vex::motor_group::stop(vex::brakeType)
 .text._ZN3vex11motor_group8positionENS_13rotationUnitsE
                0x00000000038042a0        0xc /home/viridian/.config/Code/User/globalStorage/vexrobotics.vexcode/sdk/cpp/V5/V5_20220726_10_00_00/vexv5/libv5rt.a(vex_motorgroup.cpp.obj)
                0x00000000038042a0                vex::motor_group::position(vex::rotationUnits)
 .text.vexAdiPortConfigSet
                0x00000000038042ac       0x28 /home/viridian/.config/Code/User/globalStorage/vexrobotics.vexcode/sdk/cpp/V5/V5_20220726_10_00_00/vexv5/libv5rt.a(v5_apiuser.c.obj)
                0x00000000038042ac                vexAdiPortConfigSet
 .text.vexAdiPortConfigGet
                0x00000000038042d4       0x28 /home/viridian/.config/Code/User/globalStorage/vexrobotics.vexcode/sdk/cpp/V5/V5_20220726_10_00_00/vexv5/libv5rt.a(v5_apiuser.c.obj)
                0x00000000038042d4                vexAdiPortConfigGet
 .text.vexAdiValueSet
                0x00000000038042fc       0x28 /home/viridian/.config/Code/User/globalStorage/vexrobotics.vexcode/sdk/cpp/V5/V5_20220726_10_00_00/vexv5/libv5rt.a(v5_apiuser.c.obj)
                0x00000000038042fc                vexAdiValueSet
 .text.vexAdiValueGet
                0x0000000003804324       0x20 /home/viridian/.config/Code/User/globalStorage/vexrobotics.vexcode/sdk/cpp/V5/V5_20220726_10_00_00/vexv5/libv5rt.a(v5_apiuser.c.obj)
                0x0000000003804324                vexAdiValueGet
 .text.vexMotorVelocitySet
                0x0000000003804344       0x20 /home/viridian/.config/Code/User/globalStorage/vexrobotics.vexcode/sdk/cpp/V5/V5_20220726_10_00_00/vexv5/libv5rt.a(v5_apiuser.c.obj)
                0x0000000003804344                vexMotorVelocitySet
 .text.vexMotorVoltageSet
                0x0000000003804364       0x20 /home/viridian/.config/Code/User/globalStorage/vexrobotics.vexcode/sdk/cpp/V5/V5_20220726_10_00_00/vexv5/libv5rt.a(v5_apiuser.c.obj)
                0x0000000003804364                vexMotorVoltageSet
 .text.vexMotorActualVelocityGet
                0x0000000003804384       0x24 /home/viridian/.config/Code/User/globalStorage/vexrobotics.vexcode/sdk/cpp/V5/V5_20220726_10_00_00/vexv5/libv5rt.a(v5_apiuser.c.obj)
                0x0000000003804384                vexMotorActualVelocityGet
 .text.vexMotorReverseFlagSet
                0x00000000038043a8       0x20 /home/viridian/.config/Code/User/globalStorage/vexrobotics.vexcode/sdk/cpp/V5/V5_20220726_10_00_00/vexv5/libv5rt.a(v5_apiuser.c.obj)
                0x00000000038043a8                vexMotorReverseFlagSet
 .text.vexMotorEncoderUnitsSet
                0x00000000038043c8       0x20 /home/viridian/.config/Code/User/globalStorage/vexrobotics.vexcode/sdk/cpp/V5/V5_20220726_10_00_00/vexv5/libv5rt.a(v5_apiuser.c.obj)
                0x00000000038043c8                vexMotorEncoderUnitsSet
 .text.vexMotorBrakeModeSet
                0x00000000038043e8       0x20 /home/viridian/.config/Code/User/globalStorage/vexrobotics.vexcode/sdk/cpp/V5/V5_20220726_10_00_00/vexv5/libv5rt.a(v5_apiuser.c.obj)
                0x00000000038043e8                vexMotorBrakeModeSet
 .text.vexMotorPositionSet
                0x0000000003804408       0x28 /home/viridian/.config/Code/User/globalStorage/vexrobotics.vexcode/sdk/cpp/V5/V5_20220726_10_00_00/vexv5/libv5rt.a(v5_apiuser.c.obj)
                0x0000000003804408                vexMotorPositionSet
 .text.vexMotorPositionGet
                0x0000000003804430       0x24 /home/viridian/.config/Code/User/globalStorage/vexrobotics.vexcode/sdk/cpp/V5/V5_20220726_10_00_00/vexv5/libv5rt.a(v5_apiuser.c.obj)
                0x0000000003804430                vexMotorPositionGet
 .text.vexMotorGearingSet
                0x0000000003804454       0x20 /home/viridian/.config/Code/User/globalStorage/vexrobotics.vexcode/sdk/cpp/V5/V5_20220726_10_00_00/vexv5/libv5rt.a(v5_apiuser.c.obj)
                0x0000000003804454                vexMotorGearingSet
 .text.vexMotorGearingGet
                0x0000000003804474       0x18 /home/viridian/.config/Code/User/globalStorage/vexrobotics.vexcode/sdk/cpp/V5/V5_20220726_10_00_00/vexv5/libv5rt.a(v5_apiuser.c.obj)
                0x0000000003804474                vexMotorGearingGet
 .text.vexImuReset
                0x000000000380448c       0x10 /home/viridian/.config/Code/User/globalStorage/vexrobotics.vexcode/sdk/cpp/V5/V5_20220726_10_00_00/vexv5/libv5rt.a(v5_apiuser.c.obj)
                0x000000000380448c                vexImuReset
 .text.vexImuHeadingGet
                0x000000000380449c       0x10 /home/viridian/.config/Code/User/globalStorage/vexrobotics.vexcode/sdk/cpp/V5/V5_20220726_10_00_00/vexv5/libv5rt.a(v5_apiuser.c.obj)
                0x000000000380449c                vexImuHeadingGet
 .text.vexImuDegreesGet
                0x00000000038044ac       0x10 /home/viridian/.config/Code/User/globalStorage/vexrobotics.vexcode/sdk/cpp/V5/V5_20220726_10_00_00/vexv5/libv5rt.a(v5_apiuser.c.obj)
                0x00000000038044ac                vexImuDegreesGet
 .text.vexImuStatusGet
                0x00000000038044bc       0x10 /home/viridian/.config/Code/User/globalStorage/vexrobotics.vexcode/sdk/cpp/V5/V5_20220726_10_00_00/vexv5/libv5rt.a(v5_apiuser.c.obj)
                0x00000000038044bc                vexImuStatusGet
 .text.vexAbsEncPositionSet
                0x00000000038044cc       0x18 /home/viridian/.config/Code/User/globalStorage/vexrobotics.vexcode/sdk/cpp/V5/V5_20220726_10_00_00/vexv5/libv5rt.a(v5_apiuser.c.obj)
                0x00000000038044cc                vexAbsEncPositionSet
 .text.vexAbsEncPositionGet
                0x00000000038044e4       0x10 /home/viridian/.config/Code/User/globalStorage/vexrobotics.vexcode/sdk/cpp/V5/V5_20220726_10_00_00/vexv5/libv5rt.a(v5_apiuser.c.obj)
                0x00000000038044e4                vexAbsEncPositionGet
 .text.vexAbsEncAngleGet
                0x00000000038044f4       0x10 /home/viridian/.config/Code/User/globalStorage/vexrobotics.vexcode/sdk/cpp/V5/V5_20220726_10_00_00/vexv5/libv5rt.a(v5_apiuser.c.obj)
                0x00000000038044f4                vexAbsEncAngleGet
 .text.vexAbsEncReverseFlagSet
                0x0000000003804504       0x18 /home/viridian/.config/Code/User/globalStorage/vexrobotics.vexcode/sdk/cpp/V5/V5_20220726_10_00_00/vexv5/libv5rt.a(v5_apiuser.c.obj)
                0x0000000003804504                vexAbsEncReverseFlagSet
 .text.vexEventMaskSet
                0x000000000380451c       0x28 /home/viridian/.config/Code/User/globalStorage/vexrobotics.vexcode/sdk/cpp/V5/V5_20220726_10_00_00/vexv5/libv5rt.a(v5_apiuser.c.obj)
                0x000000000380451c                vexEventMaskSet
 .text.vexEventMaskGet
                0x0000000003804544       0x18 /home/viridian/.config/Code/User/globalStorage/vexrobotics.vexcode/sdk/cpp/V5/V5_20220726_10_00_00/vexv5/libv5rt.a(v5_apiuser.c.obj)
                0x0000000003804544                vexEventMaskGet
 .text._ZN3vex6deviceD2Ev
                0x000000000380455c        0x4 /home/viridian/.config/Code/User/globalStorage/vexrobotics.vexcode/sdk/cpp/V5/V5_20220726_10_00_00/vexv5/libv5rt.a(vex_device.cpp.obj)
                0x000000000380455c                vex::device::~device()
                0x000000000380455c                vex::device::~device()
 .text._ZN3vex6device5valueEv
                0x0000000003804560        0x8 /home/viridian/.config/Code/User/globalStorage/vexrobotics.vexcode/sdk/cpp/V5/V5_20220726_10_00_00/vexv5/libv5rt.a(vex_device.cpp.obj)
                0x0000000003804560                vex::device::value()
 .text._ZN3vex6deviceD0Ev
                0x0000000003804568       0x14 /home/viridian/.config/Code/User/globalStorage/vexrobotics.vexcode/sdk/cpp/V5/V5_20220726_10_00_00/vexv5/libv5rt.a(vex_device.cpp.obj)
                0x0000000003804568                vex::device::~device()
 .text._ZN3vex6device4initEl
                0x000000000380457c       0x30 /home/viridian/.config/Code/User/globalStorage/vexrobotics.vexcode/sdk/cpp/V5/V5_20220726_10_00_00/vexv5/libv5rt.a(vex_device.cpp.obj)
                0x000000000380457c                vex::device::init(long)
 .text._ZN3vex6deviceC2El
                0x00000000038045ac       0x20 /home/viridian/.config/Code/User/globalStorage/vexrobotics.vexcode/sdk/cpp/V5/V5_20220726_10_00_00/vexv5/libv5rt.a(vex_device.cpp.obj)
                0x00000000038045ac                vex::device::device(long)
                0x00000000038045ac                vex::device::device(long)
 .text._ZN3vex6device4typeEv
                0x00000000038045cc       0x10 /home/viridian/.config/Code/User/globalStorage/vexrobotics.vexcode/sdk/cpp/V5/V5_20220726_10_00_00/vexv5/libv5rt.a(vex_device.cpp.obj)
                0x00000000038045cc                vex::device::type()
 .text._ZN3vex6device9installedEv
                0x00000000038045dc       0x14 /home/viridian/.config/Code/User/globalStorage/vexrobotics.vexcode/sdk/cpp/V5/V5_20220726_10_00_00/vexv5/libv5rt.a(vex_device.cpp.obj)
                0x00000000038045dc                vex::device::installed()
 .text.__libc_fini_array
                0x00000000038045f0       0x30 /home/viridian/.config/Code/User/globalStorage/vexrobotics.vexcode/sdk/cpp/V5/V5_20220726_10_00_00/vexv5/gcc/libs/libc.a(lib_a-fini.o)
                0x00000000038045f0                __libc_fini_array
 .text.__libc_init_array
                0x0000000003804620       0x58 /home/viridian/.config/Code/User/globalStorage/vexrobotics.vexcode/sdk/cpp/V5/V5_20220726_10_00_00/vexv5/gcc/libs/libc.a(lib_a-init.o)
                0x0000000003804620                __libc_init_array
 .text.__libc_init_array.__stub
                0x0000000003804678       0x10 linker stubs
 *(.gnu.linkonce.t.*)
 *(.plt)
 *(.gnu_warning)
 *(.gcc_except_table)
 *(.glue_7)
 .glue_7        0x0000000003804688        0x0 linker stubs
 *(.glue_7t)
 .glue_7t       0x0000000003804688        0x0 linker stubs
 *(.vfp11_veneer)
 .vfp11_veneer  0x0000000003804688        0x0 linker stubs
 *(.ARM.extab)
 *(.gnu.linkonce.armextab.*)

.v4_bx          0x0000000003804688        0x0
 .v4_bx         0x0000000003804688        0x0 linker stubs

.iplt           0x0000000003804688        0x0
 .iplt          0x0000000003804688        0x0 build/src/autons.o

.init
 *(.init)

.fini
 *(.fini)

.rodata         0x0000000003804688      0x21c
                0x0000000003804688                __rodata_start = .
 *(.rodata)
 *(.rodata.*)
 .rodata.str1.1
                0x0000000003804688       0x3d build/src/main.o
 .rodata.str1.1
                0x00000000038046c5       0x2e /home/viridian/.config/Code/User/globalStorage/vexrobotics.vexcode/sdk/cpp/V5/V5_20220726_10_00_00/vexv5/libv5rt.a(v5_startup.c.obj)
 *fill*         0x00000000038046f3        0x1 
 .rodata._ZN3vex3fwdE
                0x00000000038046f4        0x4 /home/viridian/.config/Code/User/globalStorage/vexrobotics.vexcode/sdk/cpp/V5/V5_20220726_10_00_00/vexv5/libv5rt.a(vex_global.cpp.obj)
                0x00000000038046f4                vex::fwd
 .rodata._ZN3vex5PORT3E
                0x00000000038046f8        0x4 /home/viridian/.config/Code/User/globalStorage/vexrobotics.vexcode/sdk/cpp/V5/V5_20220726_10_00_00/vexv5/libv5rt.a(vex_global.cpp.obj)
                0x00000000038046f8                vex::PORT3
 .rodata._ZN3vex5PORT1E
                0x00000000038046fc        0x4 /home/viridian/.config/Code/User/globalStorage/vexrobotics.vexcode/sdk/cpp/V5/V5_20220726_10_00_00/vexv5/libv5rt.a(vex_global.cpp.obj)
                0x00000000038046fc                vex::PORT1
 .rodata._ZN3vex7reverseE
                0x0000000003804700        0x4 /home/viridian/.config/Code/User/globalStorage/vexrobotics.vexcode/sdk/cpp/V5/V5_20220726_10_00_00/vexv5/libv5rt.a(vex_global.cpp.obj)
                0x0000000003804700                vex::reverse
 .rodata._ZN3vex4voltE
                0x0000000003804704        0x4 /home/viridian/.config/Code/User/globalStorage/vexrobotics.vexcode/sdk/cpp/V5/V5_20220726_10_00_00/vexv5/libv5rt.a(vex_global.cpp.obj)
                0x0000000003804704                vex::volt
 .rodata._ZN3vex6PORT10E
                0x0000000003804708        0x4 /home/viridian/.config/Code/User/globalStorage/vexrobotics.vexcode/sdk/cpp/V5/V5_20220726_10_00_00/vexv5/libv5rt.a(vex_global.cpp.obj)
                0x0000000003804708                vex::PORT10
 .rodata._ZN3vex5PORT5E
                0x000000000380470c        0x4 /home/viridian/.config/Code/User/globalStorage/vexrobotics.vexcode/sdk/cpp/V5/V5_20220726_10_00_00/vexv5/libv5rt.a(vex_global.cpp.obj)
                0x000000000380470c                vex::PORT5
 .rodata._ZN3vex7forwardE
                0x0000000003804710        0x4 /home/viridian/.config/Code/User/globalStorage/vexrobotics.vexcode/sdk/cpp/V5/V5_20220726_10_00_00/vexv5/libv5rt.a(vex_global.cpp.obj)
                0x0000000003804710                vex::forward
 .rodata._ZN3vex4msecE
                0x0000000003804714        0x4 /home/viridian/.config/Code/User/globalStorage/vexrobotics.vexcode/sdk/cpp/V5/V5_20220726_10_00_00/vexv5/libv5rt.a(vex_global.cpp.obj)
                0x0000000003804714                vex::msec
 .rodata._ZN3vex9ratio36_1E
                0x0000000003804718        0x4 /home/viridian/.config/Code/User/globalStorage/vexrobotics.vexcode/sdk/cpp/V5/V5_20220726_10_00_00/vexv5/libv5rt.a(vex_global.cpp.obj)
                0x0000000003804718                vex::ratio36_1
 .rodata._ZN3vex5PORT2E
                0x000000000380471c        0x4 /home/viridian/.config/Code/User/globalStorage/vexrobotics.vexcode/sdk/cpp/V5/V5_20220726_10_00_00/vexv5/libv5rt.a(vex_global.cpp.obj)
                0x000000000380471c                vex::PORT2
 .rodata._ZN3vex6PORT11E
                0x0000000003804720        0x4 /home/viridian/.config/Code/User/globalStorage/vexrobotics.vexcode/sdk/cpp/V5/V5_20220726_10_00_00/vexv5/libv5rt.a(vex_global.cpp.obj)
                0x0000000003804720                vex::PORT11
 .rodata._ZN3vex5PORT6E
                0x0000000003804724        0x4 /home/viridian/.config/Code/User/globalStorage/vexrobotics.vexcode/sdk/cpp/V5/V5_20220726_10_00_00/vexv5/libv5rt.a(vex_global.cpp.obj)
                0x0000000003804724                vex::PORT6
 .rodata._ZN3vex7primaryE
                0x0000000003804728        0x4 /home/viridian/.config/Code/User/globalStorage/vexrobotics.vexcode/sdk/cpp/V5/V5_20220726_10_00_00/vexv5/libv5rt.a(vex_global.cpp.obj)
                0x0000000003804728                vex::primary
 .rodata._ZN3vex3degE
                0x000000000380472c        0x4 /home/viridian/.config/Code/User/globalStorage/vexrobotics.vexcode/sdk/cpp/V5/V5_20220726_10_00_00/vexv5/libv5rt.a(vex_global.cpp.obj)
                0x000000000380472c                vex::deg
 .rodata._ZN3vex7percentE
                0x0000000003804730        0x4 /home/viridian/.config/Code/User/globalStorage/vexrobotics.vexcode/sdk/cpp/V5/V5_20220726_10_00_00/vexv5/libv5rt.a(vex_global.cpp.obj)
                0x0000000003804730                vex::percent
 .rodata._ZN3vex6PORT22E
                0x0000000003804734        0x4 /home/viridian/.config/Code/User/globalStorage/vexrobotics.vexcode/sdk/cpp/V5/V5_20220726_10_00_00/vexv5/libv5rt.a(vex_global.cpp.obj)
                0x0000000003804734                vex::PORT22
 .rodata._ZN3vex4holdE
                0x0000000003804738        0x4 /home/viridian/.config/Code/User/globalStorage/vexrobotics.vexcode/sdk/cpp/V5/V5_20220726_10_00_00/vexv5/libv5rt.a(vex_global.cpp.obj)
                0x0000000003804738                vex::hold
 .rodata._ZN3vex6PORT12E
                0x000000000380473c        0x4 /home/viridian/.config/Code/User/globalStorage/vexrobotics.vexcode/sdk/cpp/V5/V5_20220726_10_00_00/vexv5/libv5rt.a(vex_global.cpp.obj)
                0x000000000380473c                vex::PORT12
 .rodata._ZN3vex8ratio6_1E
                0x0000000003804740        0x4 /home/viridian/.config/Code/User/globalStorage/vexrobotics.vexcode/sdk/cpp/V5/V5_20220726_10_00_00/vexv5/libv5rt.a(vex_global.cpp.obj)
                0x0000000003804740                vex::ratio6_1
 .rodata._ZN3vex5brakeE
                0x0000000003804744        0x4 /home/viridian/.config/Code/User/globalStorage/vexrobotics.vexcode/sdk/cpp/V5/V5_20220726_10_00_00/vexv5/libv5rt.a(vex_global.cpp.obj)
                0x0000000003804744                vex::brake
 .rodata._ZN3vex5coastE
                0x0000000003804748        0x4 /home/viridian/.config/Code/User/globalStorage/vexrobotics.vexcode/sdk/cpp/V5/V5_20220726_10_00_00/vexv5/libv5rt.a(vex_global.cpp.obj)
                0x0000000003804748                vex::coast
 .rodata._ZN3vex5PORT4E
                0x000000000380474c        0x4 /home/viridian/.config/Code/User/globalStorage/vexrobotics.vexcode/sdk/cpp/V5/V5_20220726_10_00_00/vexv5/libv5rt.a(vex_global.cpp.obj)
                0x000000000380474c                vex::PORT4
 .rodata._ZN3vex5PORT8E
                0x0000000003804750        0x4 /home/viridian/.config/Code/User/globalStorage/vexrobotics.vexcode/sdk/cpp/V5/V5_20220726_10_00_00/vexv5/libv5rt.a(vex_global.cpp.obj)
                0x0000000003804750                vex::PORT8
 .rodata._ZN3vex9ratio18_1E
                0x0000000003804754        0x4 /home/viridian/.config/Code/User/globalStorage/vexrobotics.vexcode/sdk/cpp/V5/V5_20220726_10_00_00/vexv5/libv5rt.a(vex_global.cpp.obj)
                0x0000000003804754                vex::ratio18_1
 .rodata._ZTVN3vex5motorE
                0x0000000003804758       0x18 /home/viridian/.config/Code/User/globalStorage/vexrobotics.vexcode/sdk/cpp/V5/V5_20220726_10_00_00/vexv5/libv5rt.a(vex_motor.cpp.obj)
                0x0000000003804758                vtable for vex::motor
 .rodata._ZTVN3vex8inertialE
                0x0000000003804770       0x68 /home/viridian/.config/Code/User/globalStorage/vexrobotics.vexcode/sdk/cpp/V5/V5_20220726_10_00_00/vexv5/libv5rt.a(vex_imu.cpp.obj)
                0x0000000003804770                vtable for vex::inertial
 .rodata._ZTVN3vex8rotationE
                0x00000000038047d8       0x18 /home/viridian/.config/Code/User/globalStorage/vexrobotics.vexcode/sdk/cpp/V5/V5_20220726_10_00_00/vexv5/libv5rt.a(vex_rotation.cpp.obj)
                0x00000000038047d8                vtable for vex::rotation
 .rodata.CSWTCH.16
                0x00000000038047f0        0xb /home/viridian/.config/Code/User/globalStorage/vexrobotics.vexcode/sdk/cpp/V5/V5_20220726_10_00_00/vexv5/libv5rt.a(vex_controller.cpp.obj)
 .rodata.CSWTCH.18
                0x00000000038047fb        0xb /home/viridian/.config/Code/User/globalStorage/vexrobotics.vexcode/sdk/cpp/V5/V5_20220726_10_00_00/vexv5/libv5rt.a(vex_controller.cpp.obj)
 .rodata.CSWTCH.24
                0x0000000003804806        0x3 /home/viridian/.config/Code/User/globalStorage/vexrobotics.vexcode/sdk/cpp/V5/V5_20220726_10_00_00/vexv5/libv5rt.a(vex_controller.cpp.obj)
 .rodata.str1.1
                0x0000000003804809       0x14 /home/viridian/.config/Code/User/globalStorage/vexrobotics.vexcode/sdk/cpp/V5/V5_20220726_10_00_00/vexv5/libv5rt.a(vex_task.cpp.obj)
 .rodata.str1.1
                0x000000000380481d       0x2d /home/viridian/.config/Code/User/globalStorage/vexrobotics.vexcode/sdk/cpp/V5/V5_20220726_10_00_00/vexv5/libv5rt.a(vex_brain.cpp.obj)
 *fill*         0x000000000380484a        0x6 
 .rodata._ZTVN3vex7triportE
                0x0000000003804850       0x18 /home/viridian/.config/Code/User/globalStorage/vexrobotics.vexcode/sdk/cpp/V5/V5_20220726_10_00_00/vexv5/libv5rt.a(vex_triport.cpp.obj)
                0x0000000003804850                vtable for vex::triport
 .rodata.CSWTCH.38
                0x0000000003804868       0x10 /home/viridian/.config/Code/User/globalStorage/vexrobotics.vexcode/sdk/cpp/V5/V5_20220726_10_00_00/vexv5/libv5rt.a(vex_triport.cpp.obj)
 .rodata.CSWTCH.33
                0x0000000003804878        0xe /home/viridian/.config/Code/User/globalStorage/vexrobotics.vexcode/sdk/cpp/V5/V5_20220726_10_00_00/vexv5/libv5rt.a(vex_triport.cpp.obj)
 *fill*         0x0000000003804886        0x2 
 .rodata._ZTVN3vex6deviceE
                0x0000000003804888       0x18 /home/viridian/.config/Code/User/globalStorage/vexrobotics.vexcode/sdk/cpp/V5/V5_20220726_10_00_00/vexv5/libv5rt.a(vex_device.cpp.obj)
                0x0000000003804888                vtable for vex::device
 .rodata.str1.4
                0x00000000038048a0        0x4 /home/viridian/.config/Code/User/globalStorage/vexrobotics.vexcode/sdk/cpp/V5/V5_20220726_10_00_00/vexv5/gcc/libs/libc.a(lib_a-impure.o)
                                          0x2 (size before relaxing)
 *(.gnu.linkonce.r.*)
                0x00000000038048a4                __rodata_end = .

.rodata1        0x00000000038048a4        0x0
                0x00000000038048a4                __rodata1_start = .
 *(.rodata1)
 *(.rodata1.*)
                0x00000000038048a4                __rodata1_end = .

.sdata2         0x00000000038048a4        0x0
                0x00000000038048a4                __sdata2_start = .
 *(.sdata2)
 *(.sdata2.*)
 *(.gnu.linkonce.s2.*)
                0x00000000038048a4                __sdata2_end = .

.sbss2          0x00000000038048a4        0x0
                0x00000000038048a4                __sbss2_start = .
 *(.sbss2)
 *(.sbss2.*)
 *(.gnu.linkonce.sb2.*)
                0x00000000038048a4                __sbss2_end = .

.data           0x00000000038048a8      0x43c
                0x00000000038048a8                __data_start = .
 *(.data)
 *(.data.*)
 .data.appRunning
                0x00000000038048a8        0x4 /home/viridian/.config/Code/User/globalStorage/vexrobotics.vexcode/sdk/cpp/V5/V5_20220726_10_00_00/vexv5/libv5rt.a(v5_startup.c.obj)
                0x00000000038048a8                appRunning
 .data.__yoff   0x00000000038048ac        0x4 /home/viridian/.config/Code/User/globalStorage/vexrobotics.vexcode/sdk/cpp/V5/V5_20220726_10_00_00/vexv5/libv5rt.a(v5_apijump.c.obj)
 .data._ZN3vex24__default_motor_velocityE
                0x00000000038048b0        0x4 /home/viridian/.config/Code/User/globalStorage/vexrobotics.vexcode/sdk/cpp/V5/V5_20220726_10_00_00/vexv5/libv5rt.a(vex_motor.cpp.obj)
                0x00000000038048b0                vex::__default_motor_velocity
 *fill*         0x00000000038048b4        0x4 
 .data.impure_data
                0x00000000038048b8      0x428 /home/viridian/.config/Code/User/globalStorage/vexrobotics.vexcode/sdk/cpp/V5/V5_20220726_10_00_00/vexv5/gcc/libs/libc.a(lib_a-impure.o)
 .data._impure_ptr
                0x0000000003804ce0        0x4 /home/viridian/.config/Code/User/globalStorage/vexrobotics.vexcode/sdk/cpp/V5/V5_20220726_10_00_00/vexv5/gcc/libs/libc.a(lib_a-impure.o)
                0x0000000003804ce0                _impure_ptr
 *(.gnu.linkonce.d.*)
 *(.jcr)
 *(.got)
 *(.got.plt)
                0x0000000003804ce4                __data_end = .

.igot.plt       0x0000000003804ce4        0x0
 .igot.plt      0x0000000003804ce4        0x0 build/src/autons.o

.data1          0x0000000003804ce4        0x0